Archive member included to satisfy reference by file (symbol)

obj_cooja/mtype779.a(simEnvChange.o)
                              obj_cooja/mtype779.o (simDontFallAsleep)
obj_cooja/mtype779.a(cooja_mt.o)
                              obj_cooja/mtype779.o (cooja_mt_start)
obj_cooja/mtype779.a(cooja_mtarch.o)
                              obj_cooja/mtype779.a(cooja_mt.o) (cooja_mtarch_init)
obj_cooja/mtype779.a(rtimer-arch.o)
                              obj_cooja/mtype779.o (rtimer_arch_next)
obj_cooja/mtype779.a(slip.o)  obj_cooja/slip-bridge.o (slip_process)
obj_cooja/mtype779.a(beep.o)  obj_cooja/mtype779.o (beep_interface)
obj_cooja/mtype779.a(button-sensor.o)
                              obj_cooja/mtype779.o (button_interface)
obj_cooja/mtype779.a(leds-arch.o)
                              obj_cooja/mtype779.o (leds_interface)
obj_cooja/mtype779.a(moteid.o)
                              obj_cooja/mtype779.o (moteid_interface)
obj_cooja/mtype779.a(pir-sensor.o)
                              obj_cooja/mtype779.o (pir_interface)
obj_cooja/mtype779.a(rs232.o)
                              obj_cooja/mtype779.o (rs232_interface)
obj_cooja/mtype779.a(vib-sensor.o)
                              obj_cooja/mtype779.o (vib_interface)
obj_cooja/mtype779.a(clock.o)
                              obj_cooja/mtype779.o (clock_interface)
obj_cooja/mtype779.a(log.o)   obj_cooja/mtype779.o (simlog_interface)
obj_cooja/mtype779.a(cfs-cooja.o)
                              obj_cooja/mtype779.o (cfs_interface)
obj_cooja/mtype779.a(cooja-radio.o)
                              obj_cooja/mtype779.o (radio_interface)
obj_cooja/mtype779.a(eeprom.o)
                              obj_cooja/mtype779.o (eeprom_interface)
obj_cooja/mtype779.a(slip-arch.o)
                              obj_cooja/slip-bridge.o (slip_arch_init)
obj_cooja/mtype779.a(random.o)
                              obj_cooja/mtype779.a(moteid.o) (random_init)
obj_cooja/mtype779.a(sensors.o)
                              border-router.co (sensors_event)
obj_cooja/mtype779.a(autostart.o)
                              obj_cooja/mtype779.o (autostart_start)
obj_cooja/mtype779.a(ctimer.o)
                              obj_cooja/mtype779.o (ctimer_init)
obj_cooja/mtype779.a(etimer.o)
                              obj_cooja/mtype779.o (etimer_process)
obj_cooja/mtype779.a(process.o)
                              border-router.co (process_current)
obj_cooja/mtype779.a(rtimer.o)
                              obj_cooja/mtype779.a(rtimer-arch.o) (rtimer_run_next)
obj_cooja/mtype779.a(timer.o)
                              obj_cooja/httpd-simple.o (timer_set)
obj_cooja/mtype779.a(serial-line.o)
                              obj_cooja/mtype779.a(rs232.o) (serial_line_input_byte)
obj_cooja/mtype779.a(ringbuf.o)
                              obj_cooja/mtype779.a(serial-line.o) (ringbuf_init)
obj_cooja/mtype779.a(list.o)  obj_cooja/mtype779.a(ctimer.o) (list_init)
obj_cooja/mtype779.a(memb.o)  obj_cooja/httpd-simple.o (memb_init)
obj_cooja/mtype779.a(uip-ds6.o)
                              border-router.co (uip_ds6_if)
obj_cooja/mtype779.a(uip-ds6-route.o)
                              obj_cooja/mtype779.a(uip-ds6.o) (uip_ds6_route_init)
obj_cooja/mtype779.a(uip6.o)  border-router.co (uip_lladdr)
obj_cooja/mtype779.a(uip-ds6-nbr.o)
                              border-router.co (ds6_neighbors)
obj_cooja/mtype779.a(uip-nd6.o)
                              obj_cooja/mtype779.a(uip6.o) (uip_nd6_init)
obj_cooja/mtype779.a(sicslowpan.o)
                              obj_cooja/mtype779.o (sicslowpan_driver)
obj_cooja/mtype779.a(uip-packetqueue)
                              obj_cooja/mtype779.a(uip-ds6-nbr.o) (uip_packetqueue_new)
obj_cooja/mtype779.a(uip-debug.o)
                              border-router.co (uip_debug_ipaddr_print)
obj_cooja/mtype779.a(psock.o)
                              border-router.co (psock_send)
obj_cooja/mtype779.a(tcpip.o)
                              border-router.co (tcpip_event)
obj_cooja/mtype779.a(rpl-dag.o)
                              border-router.co (rpl_set_root)
obj_cooja/mtype779.a(rpl-timers.o)
                              obj_cooja/mtype779.a(rpl-dag.o) (rpl_reset_dio_timer)
obj_cooja/mtype779.a(rpl-ext-header.)
                              obj_cooja/mtype779.a(uip6.o) (rpl_verify_hbh_header)
obj_cooja/mtype779.a(rpl.o)   obj_cooja/mtype779.a(rpl-timers.o) (rpl_get_mode)
obj_cooja/mtype779.a(rpl-mrhof.o)
                              obj_cooja/mtype779.a(rpl-dag.o) (rpl_mrhof)
obj_cooja/mtype779.a(rpl-icmp6.o)
                              obj_cooja/mtype779.a(rpl-dag.o) (rpl_icmp6_update_nbr_table)
obj_cooja/mtype779.a(queuebuf.o)
                              obj_cooja/mtype779.o (queuebuf_init)
obj_cooja/mtype779.a(nbr-table.o)
                              obj_cooja/mtype779.a(uip-ds6-route.o) (nbr_table_register)
obj_cooja/mtype779.a(packetbuf.o)
                              obj_cooja/mtype779.a(cooja-radio.o) (packetbuf_attrs)
[...]
Memory Configuration

Name             Origin             Length             Attributes
*default*        0x0000000000000000 0xffffffffffffffff

Linker script and memory map

LOAD /usr/lib/gcc/i686-linux-gnu/5/../../../i386-linux-gnu/crti.o
LOAD /usr/lib/gcc/i686-linux-gnu/5/crtbeginS.o
LOAD border-router.co
LOAD obj_cooja/mtype779.o
LOAD obj_cooja/slip-bridge.o
LOAD obj_cooja/httpd-simple.o
LOAD obj_cooja/mtype779.a
LOAD /usr/lib/gcc/i686-linux-gnu/5/libgcc.a
LOAD /usr/lib/gcc/i686-linux-gnu/5/libgcc_s.so
LOAD /usr/lib/gcc/i686-linux-gnu/5/../../../i386-linux-gnu/libc.so
START GROUP
LOAD /lib/i386-linux-gnu/libc.so.6
LOAD /usr/lib/i386-linux-gnu/libc_nonshared.a
LOAD /lib/i386-linux-gnu/ld-linux.so.2
END GROUP
LOAD /usr/lib/gcc/i686-linux-gnu/5/libgcc.a
LOAD /usr/lib/gcc/i686-linux-gnu/5/libgcc_s.so
LOAD /usr/lib/gcc/i686-linux-gnu/5/crtendS.o
LOAD /usr/lib/gcc/i686-linux-gnu/5/../../../i386-linux-gnu/crtn.o
                0x0000000000000114                . = (0x0 + SIZEOF_HEADERS)

.note.gnu.build-id
                0x0000000000000114       0x24
 *(.note.gnu.build-id)
 .note.gnu.build-id
                0x0000000000000114       0x24 /usr/lib/gcc/i686-linux-gnu/5/../../../i386-linux-gnu/crti.o

.hash
 *(.hash)

.gnu.hash       0x0000000000000138     0x12a8
 *(.gnu.hash)
 .gnu.hash      0x0000000000000138     0x12a8 /usr/lib/gcc/i686-linux-gnu/5/../../../i386-linux-gnu/crti.o

.dynsym         0x00000000000013e0     0x22f0
 *(.dynsym)
 .dynsym        0x00000000000013e0     0x22f0 /usr/lib/gcc/i686-linux-gnu/5/../../../i386-linux-gnu/crti.o

.dynstr         0x00000000000036d0     0x2402
 *(.dynstr)
 .dynstr        0x00000000000036d0     0x2402 /usr/lib/gcc/i686-linux-gnu/5/../../../i386-linux-gnu/crti.o

.gnu.version    0x0000000000005ad2      0x45e
 *(.gnu.version)
 .gnu.version   0x0000000000005ad2      0x45e /usr/lib/gcc/i686-linux-gnu/5/../../../i386-linux-gnu/crti.o

.gnu.version_d  0x0000000000005f30        0x0
 *(.gnu.version_d)
 .gnu.version_d
                0x0000000000005f30        0x0 /usr/lib/gcc/i686-linux-gnu/5/../../../i386-linux-gnu/crti.o

.gnu.version_r  0x0000000000005f30       0x40
 *(.gnu.version_r)
 .gnu.version_r
                0x0000000000005f30       0x40 /usr/lib/gcc/i686-linux-gnu/5/../../../i386-linux-gnu/crti.o

.rel.dyn        0x0000000000005f70     0x84d0
 *(.rel.init)
 .rel.init      0x0000000000005f70        0x0 /usr/lib/gcc/i686-linux-gnu/5/../../../i386-linux-gnu/crti.o
 *(.rel.text .rel.text.* .rel.gnu.linkonce.t.*)
 .rel.text      0x0000000000005f70     0x7cd0 /usr/lib/gcc/i686-linux-gnu/5/../../../i386-linux-gnu/crti.o
 *(.rel.fini)
 .rel.fini      0x000000000000dc40        0x0 /usr/lib/gcc/i686-linux-gnu/5/../../../i386-linux-gnu/crti.o
 *(.rel.rodata .rel.rodata.* .rel.gnu.linkonce.r.*)
 .rel.rodata    0x000000000000dc40      0x4f8 /usr/lib/gcc/i686-linux-gnu/5/../../../i386-linux-gnu/crti.o
 *(.rel.data.rel.ro .rel.data.rel.ro.* .rel.gnu.linkonce.d.rel.ro.*)
 *(.rel.data .rel.data.* .rel.gnu.linkonce.d.*)
 .rel.data.rel.local
                0x000000000000e138        0x8 /usr/lib/gcc/i686-linux-gnu/5/../../../i386-linux-gnu/crti.o
 .rel.data      0x000000000000e140      0x2c8 /usr/lib/gcc/i686-linux-gnu/5/../../../i386-linux-gnu/crti.o
 *(.rel.tdata .rel.tdata.* .rel.gnu.linkonce.td.*)
 *(.rel.tbss .rel.tbss.* .rel.gnu.linkonce.tb.*)
 *(.rel.ctors)
 *(.rel.dtors)
 *(.rel.got)
 .rel.got       0x000000000000e408       0x28 /usr/lib/gcc/i686-linux-gnu/5/../../../i386-linux-gnu/crti.o
 *(.rel.bss .rel.bss.* .rel.gnu.linkonce.b.*)
 *(.rel.ifunc)
 .rel.ifunc     0x000000000000e430        0x0 /usr/lib/gcc/i686-linux-gnu/5/../../../i386-linux-gnu/crti.o
 .rel.fini_array
                0x000000000000e430        0x8 /usr/lib/gcc/i686-linux-gnu/5/../../../i386-linux-gnu/crti.o
 .rel.init_array
                0x000000000000e438        0x8 /usr/lib/gcc/i686-linux-gnu/5/../../../i386-linux-gnu/crti.o

.rel.plt        0x000000000000e440        0x0
 *(.rel.plt)
 .rel.plt       0x000000000000e440        0x0 /usr/lib/gcc/i686-linux-gnu/5/../../../i386-linux-gnu/crti.o
 *(.rel.iplt)

.init           0x000000000000e440       0x23
 *(SORT(.init))
 .init          0x000000000000e440       0x1e /usr/lib/gcc/i686-linux-gnu/5/../../../i386-linux-gnu/crti.o
                0x000000000000e440                _init
 .init          0x000000000000e45e        0x5 /usr/lib/gcc/i686-linux-gnu/5/../../../i386-linux-gnu/crtn.o

.plt            0x000000000000e470       0x10
 *(.plt)
 .plt           0x000000000000e470       0x10 /usr/lib/gcc/i686-linux-gnu/5/../../../i386-linux-gnu/crti.o
 *(.iplt)

.plt.got        0x000000000000e480       0x10
 *(.plt.got)
 .plt.got       0x000000000000e480       0x10 /usr/lib/gcc/i686-linux-gnu/5/../../../i386-linux-gnu/crti.o

.text           0x000000000000e490    0x161c1
 *(.text.unlikely .text.*_unlikely .text.unlikely.*)
 .text.unlikely
                0x000000000000e490        0x0 /usr/lib/gcc/i686-linux-gnu/5/crtbeginS.o
 *(.text.exit .text.exit.*)
 *(.text.startup .text.startup.*)
 *(.text.hot .text.hot.*)
 *(.text .stub .text.* .gnu.linkonce.t.*)
 .text          0x000000000000e490        0x0 /usr/lib/gcc/i686-linux-gnu/5/../../../i386-linux-gnu/crti.o
 .gnu.linkonce.t.__x86.get_pc_thunk.bx
                0x000000000000e490        0x4 /usr/lib/gcc/i686-linux-gnu/5/../../../i386-linux-gnu/crti.o
                0x000000000000e490                __x86.get_pc_thunk.bx
 *fill*         0x000000000000e494        0xc 
 .text          0x000000000000e4a0      0x11c /usr/lib/gcc/i686-linux-gnu/5/crtbeginS.o
 .text.__x86.get_pc_thunk.dx
                0x000000000000e5bc        0x4 /usr/lib/gcc/i686-linux-gnu/5/crtbeginS.o
                0x000000000000e5bc                __x86.get_pc_thunk.dx
 .text          0x000000000000e5c0      0x923 border-router.co
                0x000000000000ebab                httpd_simple_get_script
                0x000000000000ec50                request_prefix
                0x000000000000ec85                set_prefix_64
 .text          0x000000000000eee3      0x6e4 obj_cooja/mtype779.o
                0x000000000000f026                contiki_init
                0x000000000000f3fb                Java_org_contikios_cooja_corecomm_Lib17_init
                0x000000000000f432                Java_org_contikios_cooja_corecomm_Lib17_getMemory
                0x000000000000f465                Java_org_contikios_cooja_corecomm_Lib17_setMemory
                0x000000000000f4c5                Java_org_contikios_cooja_corecomm_Lib17_tick
                0x000000000000f5b4                Java_org_contikios_cooja_corecomm_Lib17_setReferenceAddress
 .text          0x000000000000f5c7      0x283 obj_cooja/slip-bridge.o
 .text          0x000000000000f84a      0x5f6 obj_cooja/httpd-simple.o
                0x000000000000fc78                httpd_appcall
                0x000000000000fe17                httpd_init
 .text          0x000000000000fe40       0x65 obj_cooja/mtype779.a(simEnvChange.o)
                0x000000000000fe40                doActionsBeforeTick
                0x000000000000fe72                doActionsAfterTick
 .text          0x000000000000fea5       0xc2 obj_cooja/mtype779.a(cooja_mt.o)
                0x000000000000fea5                cooja_mt_init
                0x000000000000feb3                cooja_mt_remove
                0x000000000000fec1                cooja_mt_start
                0x000000000000feeb                cooja_mt_exec
                0x000000000000ff21                cooja_mt_exit
                0x000000000000ff44                cooja_mt_yield
 .text          0x000000000000ff67      0x114 obj_cooja/mtype779.a(cooja_mtarch.o)
                0x000000000000ff67                cooja_mtarch_init
                0x000000000000ff6d                cooja_mtarch_start
                0x000000000000ffe0                cooja_sw
                0x0000000000010003                cooja_mtarch_exec
                0x0000000000010020                cooja_mtarch_remove
                0x0000000000010026                cooja_mtarch_yield
                0x0000000000010031                cooja_mtarch_pstop
                0x0000000000010037                cooja_mtarch_pstart
                0x000000000001003d                cooja_mtarch_stack_usage
 .text          0x000000000001007b       0xc4 obj_cooja/mtype779.a(rtimer-arch.o)
                0x000000000001007b                rtimer_arch_init
                0x000000000001009f                rtimer_arch_schedule
                0x00000000000100b7                rtimer_arch_next
                0x00000000000100c1                rtimer_arch_pending
                0x00000000000100cb                rtimer_arch_check
                0x00000000000100fd                rtimer_arch_now
 .text          0x000000000001013f      0x828 obj_cooja/mtype779.a(slip.o)
                0x000000000001013f                slip_set_input_callback
                0x000000000001014d                slip_send
                0x00000000000101ff                slip_write
                0x00000000000107f0                slip_input_byte
 .text          0x0000000000010967       0x81 obj_cooja/mtype779.a(beep.o)
                0x0000000000010967                beep_alarm
                0x0000000000010974                beep_beep
                0x0000000000010981                beep
                0x000000000001098e                beep_down
                0x000000000001099b                beep_on
                0x00000000000109a8                beep_off
                0x00000000000109b5                beep_spinup
                0x00000000000109c2                beep_quick
                0x00000000000109cf                beep_long
 .text          0x00000000000109e8      0x10d obj_cooja/mtype779.a(button-sensor.o)
 .text          0x0000000000010af5       0x49 obj_cooja/mtype779.a(leds-arch.o)
                0x0000000000010af5                leds_arch_init
                0x0000000000010b02                leds_arch_get
                0x0000000000010b0e                leds_arch_set
 .text          0x0000000000010b3e       0x35 obj_cooja/mtype779.a(moteid.o)
 .text          0x0000000000010b73       0xb7 obj_cooja/mtype779.a(pir-sensor.o)
 .text          0x0000000000010c2a      0x148 obj_cooja/mtype779.a(rs232.o)
                0x0000000000010c2a                rs232_init
                0x0000000000010c30                rs232_set_speed
                0x0000000000010c3f                rs232_set_input
                0x0000000000010c4d                rs232_send
                0x0000000000010c71                rs232_print
                0x0000000000010c8d                slip_arch_writeb
 .text          0x0000000000010d72       0xb7 obj_cooja/mtype779.a(vib-sensor.o)
 .text          0x0000000000010e29       0x38 obj_cooja/mtype779.a(clock.o)
                0x0000000000010e29                clock_init
                0x0000000000010e2f                clock_time
                0x0000000000010e39                clock_seconds
                0x0000000000010e4f                clock_delay
 .text          0x0000000000010e61      0x219 obj_cooja/mtype779.a(log.o)
                0x0000000000010e61                simlog_char
                0x0000000000010ea4                simlog
                0x0000000000010f1a                log_message
                0x0000000000010f4b                log_set_putchar_with_slip
                0x0000000000010f59                log_putchar
                0x0000000000010fd4                log_puts
                0x0000000000010ffc                log_printf
 .text          0x000000000001107a      0x2b9 obj_cooja/mtype779.a(cfs-cooja.o)
                0x000000000001107a                cfs_open
                0x00000000000110e3                cfs_close
                0x00000000000110f0                cfs_read
                0x0000000000011185                cfs_write
                0x0000000000011261                cfs_seek
                0x00000000000112e9                cfs_remove
                0x000000000001130d                cfs_opendir
                0x0000000000011317                cfs_readdir
                0x0000000000011321                cfs_closedir
 .text          0x0000000000011333      0x3dc obj_cooja/mtype779.a(cooja-radio.o)
                0x000000000001135d                radio_set_channel
                0x000000000001136b                radio_set_txpower
                0x0000000000011383                radio_signal_strength_last
                0x000000000001138d                radio_signal_strength_current
                0x0000000000011397                radio_LQI
 .text          0x000000000001170f       0xee obj_cooja/mtype779.a(eeprom.o)
                0x000000000001170f                eeprom_init
                0x0000000000011715                eeprom_read
                0x0000000000011783                eeprom_write
 .text          0x00000000000117fd       0x19 obj_cooja/mtype779.a(slip-arch.o)
                0x00000000000117fd                slip_arch_init
 .text          0x0000000000011816       0x2d obj_cooja/mtype779.a(random.o)
                0x0000000000011816                random_init
                0x0000000000011836                random_rand
 .text          0x0000000000011843      0x29c obj_cooja/mtype779.a(sensors.o)
                0x000000000001187e                sensors_first
                0x0000000000011888                sensors_next
                0x00000000000118a2                sensors_changed
                0x00000000000118d6                sensors_find
 .text          0x0000000000011adf       0x92 obj_cooja/mtype779.a(autostart.o)
                0x0000000000011adf                autostart_start
                0x0000000000011b29                autostart_exit
 .text          0x0000000000011b71      0x355 obj_cooja/mtype779.a(ctimer.o)
                0x0000000000011c99                ctimer_init
                0x0000000000011ccc                ctimer_set
                0x0000000000011cf2                ctimer_set_with_process
                0x0000000000011d6f                ctimer_reset
                0x0000000000011dc3                ctimer_restart
                0x0000000000011e17                ctimer_stop
                0x0000000000011e67                ctimer_expired
 .text          0x0000000000011ec6      0x43f obj_cooja/mtype779.a(etimer.o)
                0x00000000000120ea                etimer_request_poll
                0x0000000000012173                etimer_set
                0x000000000001219c                etimer_reset_with_new_interval
                0x00000000000121cb                etimer_reset
                0x00000000000121f1                etimer_restart
                0x0000000000012217                etimer_adjust
                0x0000000000012234                etimer_expired
                0x0000000000012247                etimer_expiration_time
                0x0000000000012259                etimer_start_time
                0x0000000000012263                etimer_pending
                0x0000000000012275                etimer_next_expiration_time
                0x000000000001228f                etimer_stop
 .text          0x0000000000012305      0x4fb obj_cooja/mtype779.a(process.o)
                0x0000000000012305                process_alloc_event
                0x000000000001231a                process_start
                0x00000000000124f4                process_exit
                0x0000000000012511                process_init
                0x00000000000126a6                process_run
                0x00000000000126d9                process_nevents
                0x00000000000126f4                process_post
                0x0000000000012787                process_post_synch
                0x00000000000127bc                process_poll
                0x00000000000127ec                process_is_running
 .text          0x0000000000012800       0xc6 obj_cooja/mtype779.a(rtimer.o)
                0x0000000000012800                rtimer_init
                0x000000000001280e                rtimer_set
                0x0000000000012868                rtimer_run_next
 .text          0x00000000000128c6       0x9c obj_cooja/mtype779.a(timer.o)
                0x00000000000128c6                timer_set
                0x00000000000128e4                timer_reset
                0x00000000000128fc                timer_restart
                0x0000000000012911                timer_expired
                0x000000000001293e                timer_remaining
 .text          0x0000000000012962      0x1eb obj_cooja/mtype779.a(serial-line.o)
                0x0000000000012962                serial_line_input_byte
                0x0000000000012b18                serial_line_init
 .text          0x0000000000012b4d      0x156 obj_cooja/mtype779.a(ringbuf.o)
                0x0000000000012b4d                ringbuf_init
                0x0000000000012b7f                ringbuf_put
                0x0000000000012bfd                ringbuf_get
                0x0000000000012c6a                ringbuf_size
                0x0000000000012c7c                ringbuf_elements
 .text          0x0000000000012ca3      0x24a obj_cooja/mtype779.a(list.o)
                0x0000000000012ca3                list_init
                0x0000000000012cb2                list_head
                0x0000000000012cbc                list_copy
                0x0000000000012ccc                list_tail
                0x0000000000012d02                list_add
                0x0000000000012d4e                list_push
                0x0000000000012d7a                list_chop
                0x0000000000012de4                list_pop
                0x0000000000012e0c                list_remove
                0x0000000000012e74                list_length
                0x0000000000012ea2                list_insert
                0x0000000000012ed6                list_item_next
 .text          0x0000000000012eed      0x1b8 obj_cooja/mtype779.a(memb.o)
                0x0000000000012eed                memb_init
                0x0000000000012f42                memb_alloc
                0x0000000000012fa7                memb_free
                0x0000000000013022                memb_inmemb
                0x0000000000013061                memb_numfree
 .text          0x00000000000130a5      0xae0 obj_cooja/mtype779.a(uip-ds6.o)
                0x00000000000130a5                uip_ds6_init
                0x0000000000013250                uip_ds6_periodic
                0x00000000000132d7                uip_ds6_list_loop
                0x000000000001337b                uip_ds6_prefix_add
                0x0000000000013427                uip_ds6_prefix_rm
                0x000000000001343a                uip_ds6_prefix_lookup
                0x0000000000013479                uip_ds6_is_addr_onlink
                0x00000000000134ec                uip_ds6_addr_add
                0x000000000001360c                uip_ds6_addr_rm
                0x00000000000136b5                uip_ds6_addr_lookup
                0x00000000000136ee                uip_ds6_get_link_local
                0x000000000001376f                uip_ds6_get_global
                0x00000000000137f0                uip_ds6_maddr_add
                0x0000000000013850                uip_ds6_maddr_rm
                0x0000000000013863                uip_ds6_maddr_lookup
                0x000000000001389c                uip_ds6_aaddr_add
                0x00000000000138fc                uip_ds6_aaddr_rm
                0x000000000001390f                uip_ds6_aaddr_lookup
                0x0000000000013948                uip_ds6_select_src
                0x0000000000013a91                uip_ds6_set_addr_iid
                0x0000000000013abc                get_match_length
                0x0000000000013b4d                uip_ds6_compute_reachable_time
 .text          0x0000000000013b85      0x987 obj_cooja/mtype779.a(uip-ds6-route.o)
                0x0000000000013bfc                uip_ds6_notification_add
                0x0000000000013c2e                uip_ds6_notification_rm
                0x0000000000013c4b                uip_ds6_route_init
                0x0000000000013cea                uip_ds6_route_nexthop
                0x0000000000013d19                uip_ds6_route_head
                0x0000000000013d32                uip_ds6_route_next
                0x0000000000013d5b                uip_ds6_route_is_nexthop
                0x0000000000013d9d                uip_ds6_route_num_routes
                0x0000000000013da7                uip_ds6_route_lookup
                0x0000000000013e6e                uip_ds6_route_add
                0x000000000001409a                uip_ds6_route_rm
                0x0000000000014250                uip_ds6_route_rm_by_nexthop
                0x000000000001428f                uip_ds6_defrt_add
                0x0000000000014340                uip_ds6_defrt_rm
                0x00000000000143c1                uip_ds6_defrt_lookup
                0x000000000001441b                uip_ds6_defrt_choose
                0x0000000000014491                uip_ds6_defrt_periodic
 .text          0x000000000001450c     0x2765 obj_cooja/mtype779.a(uip6.o)
                0x000000000001450c                uip_add32
                0x00000000000146a6                uip_chksum
                0x0000000000014787                uip_icmp6chksum
                0x000000000001479c                uip_tcpchksum
                0x00000000000147b1                uip_udpchksum
                0x00000000000147c6                uip_init
                0x0000000000014851                uip_connect
                0x00000000000149da                remove_ext_hdr
                0x0000000000014aab                uip_udp_new
                0x0000000000014bcd                uip_unlisten
                0x0000000000014c0f                uip_listen
                0x0000000000014eae                uip_process
                0x0000000000016b6c                uip_htons
                0x0000000000016b8e                uip_htonl
                0x0000000000016bcc                uip_send
 .text          0x0000000000016c71      0x2bb obj_cooja/mtype779.a(uip-ds6-nbr.o)
                0x0000000000016c8e                uip_ds6_neighbors_init
                0x0000000000016cb2                uip_ds6_nbr_add
                0x0000000000016d36                uip_ds6_nbr_rm
                0x0000000000016d7f                uip_ds6_nbr_get_ipaddr
                0x0000000000016d94                uip_ds6_nbr_get_ll
                0x0000000000016db0                uip_ds6_nbr_num
                0x0000000000016df9                uip_ds6_nbr_lookup
                0x0000000000016e5c                uip_ds6_nbr_ll_lookup
                0x0000000000016e78                uip_ds6_nbr_ipaddr_from_lladdr
                0x0000000000016ea1                uip_ds6_nbr_lladdr_from_ipaddr
                0x0000000000016ed5                uip_ds6_link_neighbor_callback
 .text          0x0000000000016f2c      0x355 obj_cooja/mtype779.a(uip-nd6.o)
                0x0000000000016f79                uip_nd6_ns_output
                0x000000000001727b                uip_nd6_init
 .text          0x0000000000017281     0x2549 obj_cooja/mtype779.a(sicslowpan.o)
                0x0000000000017811                rime_sniffer_add
                0x000000000001781f                rime_sniffer_remove
                0x0000000000019764                sicslowpan_init
                0x00000000000197c0                sicslowpan_get_last_rssi
 .text          0x00000000000197ca      0x146 obj_cooja/mtype779.a(uip-packetqueue)
                0x00000000000197f8                uip_packetqueue_new
                0x0000000000019807                uip_packetqueue_alloc
                0x0000000000019862                uip_packetqueue_free
                0x00000000000198a9                uip_packetqueue_buf
                0x00000000000198c6                uip_packetqueue_buflen
                0x00000000000198e7                uip_packetqueue_set_buflen
 .text          0x0000000000019910      0x160 obj_cooja/mtype779.a(uip-debug.o)
                0x0000000000019910                uip_debug_ipaddr_print
 .text          0x0000000000019a70      0x70e obj_cooja/mtype779.a(psock.o)
                0x0000000000019d8a                psock_send
                0x0000000000019e10                psock_generator_send
                0x0000000000019f1e                psock_datalen
                0x0000000000019f36                psock_newdata
                0x0000000000019f84                psock_readto
                0x000000000001a053                psock_readbuf_len
                0x000000000001a13a                psock_init
 .text          0x000000000001a17e      0xa67 obj_cooja/mtype779.a(tcpip.o)
                0x000000000001a17e                tcpip_output
                0x000000000001a1af                tcpip_set_outputfunc
                0x000000000001a250                tcp_connect
                0x000000000001a2a8                tcp_unlisten
                0x000000000001a308                tcp_listen
                0x000000000001a366                tcp_attach
                0x000000000001a38c                udp_attach
                0x000000000001a3b2                udp_new
                0x000000000001a404                udp_broadcast_new
                0x000000000001a689                tcpip_input
                0x000000000001a6b6                tcpip_ipv6_output
                0x000000000001aa2b                tcpip_poll_udp
                0x000000000001aa49                tcpip_poll_tcp
                0x000000000001aa67                tcpip_uipcall
 .text          0x000000000001abe5     0x2808 obj_cooja/mtype779.a(rpl-dag.o)
                0x000000000001abe5                rpl_print_neighbor_list
                0x000000000001adc0                rpl_get_nbr
                0x000000000001ae11                rpl_dag_init
                0x000000000001ae30                rpl_get_parent
                0x000000000001ae52                rpl_get_parent_rank
                0x000000000001ae85                rpl_get_parent_link_metric
                0x000000000001aedf                rpl_rank_via_parent
                0x000000000001af39                rpl_get_parent_lladdr
                0x000000000001af55                rpl_get_parent_ipaddr
                0x000000000001af7c                rpl_get_parent_link_stats
                0x000000000001afa3                rpl_parent_is_fresh
                0x000000000001afca                rpl_parent_is_reachable
                0x000000000001b31b                rpl_set_root
                0x000000000001b597                rpl_repair_root
                0x000000000001b7d3                rpl_set_prefix
                0x000000000001b8c3                rpl_set_default_route
                0x000000000001b934                rpl_alloc_instance
                0x000000000001b9c4                rpl_alloc_dag
                0x000000000001ba74                rpl_set_default_instance
                0x000000000001ba82                rpl_get_default_instance
                0x000000000001ba8c                rpl_free_instance
                0x000000000001bb4c                rpl_free_dag
                0x000000000001bbcc                rpl_add_parent
                0x000000000001bc75                rpl_find_parent
                0x000000000001bcd3                rpl_find_parent_any_dag
                0x000000000001bd12                rpl_select_dag
                0x000000000001c109                rpl_select_parent
                0x000000000001c1e4                rpl_remove_parent
                0x000000000001c20f                rpl_nullify_parent
                0x000000000001c2cb                rpl_move_parent
                0x000000000001c388                rpl_has_downward_route
                0x000000000001c3d9                rpl_get_dag
                0x000000000001c4bf                rpl_get_any_dag
                0x000000000001c51e                rpl_get_instance
                0x000000000001c57f                rpl_find_of
                0x000000000001c5bc                rpl_join_instance
                0x000000000001c8a1                rpl_add_dag
                0x000000000001cc86                rpl_local_repair
                0x000000000001cd4b                rpl_recalculate_ranks
                0x000000000001cdd6                rpl_process_parent_event
                0x000000000001cf0f                rpl_process_dio
 .text          0x000000000001d3ed      0x880 obj_cooja/mtype779.a(rpl-timers.o)
                0x000000000001d652                rpl_reset_periodic_timer
                0x000000000001d69d                rpl_reset_dio_timer
                0x000000000001d8d2                rpl_schedule_dao
                0x000000000001d8ee                rpl_schedule_dao_immediately
                0x000000000001d907                rpl_cancel_dao
                0x000000000001d976                rpl_schedule_unicast_dio_immediately
                0x000000000001d99a                get_probing_delay
                0x000000000001da19                get_probing_target
                0x000000000001dc36                rpl_schedule_probing
 .text          0x000000000001dc6d      0x9de obj_cooja/mtype779.a(rpl-ext-header.)
                0x000000000001dc8a                rpl_verify_hbh_header
                0x000000000001e42a                rpl_remove_header
                0x000000000001e58c                rpl_update_header
 .text          0x000000000001e64b      0x55f obj_cooja/mtype779.a(rpl.o)
                0x000000000001e64b                rpl_get_mode
                0x000000000001e655                rpl_set_mode
                0x000000000001e6e9                rpl_purge_routes
                0x000000000001e7e7                rpl_remove_routes
                0x000000000001e834                rpl_remove_routes_by_nexthop
                0x000000000001e896                rpl_add_route
                0x000000000001e90d                rpl_link_neighbor_callback
                0x000000000001e9d8                rpl_ipv6_neighbor_callback
                0x000000000001ea48                rpl_purge_dags
                0x000000000001eb2d                rpl_init
 .text          0x000000000001ebaa      0x315 obj_cooja/mtype779.a(rpl-mrhof.o)
 .text          0x000000000001eebf     0x1b41 obj_cooja/mtype779.a(rpl-icmp6.o)
                0x000000000001f136                rpl_icmp6_update_nbr_table
                0x000000000001f214                dis_output
                0x000000000001f8ae                dio_output
                0x0000000000020594                dao_output
                0x0000000000020652                dao_output_target
                0x00000000000209a2                dao_ack_output
                0x00000000000209b7                rpl_icmp6_register_handlers
 .text          0x0000000000020a00      0x2e4 obj_cooja/mtype779.a(queuebuf.o)
                0x0000000000020a0a                queuebuf_init
                0x0000000000020a33                queuebuf_numfree
                0x0000000000020a4b                queuebuf_new_from_packetbuf
                0x0000000000020aea                queuebuf_update_attr_from_packetbuf
                0x0000000000020b1f                queuebuf_update_from_packetbuf
                0x0000000000020b6f                queuebuf_free
                0x0000000000020bb8                queuebuf_to_packetbuf
                0x0000000000020c24                queuebuf_dataptr
                0x0000000000020c5e                queuebuf_datalen
                0x0000000000020c81                queuebuf_addr
                0x0000000000020cb3                queuebuf_attr
                0x0000000000020cde                queuebuf_debug_print
 .text          0x0000000000020ce4      0x7c7 obj_cooja/mtype779.a(nbr-table.o)
                0x000000000002115d                nbr_table_register
                0x00000000000211a5                nbr_table_head
                0x0000000000021200                nbr_table_next
                0x0000000000021261                nbr_table_add_lladdr
                0x000000000002132b                nbr_table_get_from_lladdr
                0x0000000000021377                nbr_table_remove
                0x00000000000213af                nbr_table_lock
                0x00000000000213c9                nbr_table_unlock
                0x00000000000213e3                nbr_table_get_lladdr
                0x000000000002140f                nbr_table_update_lladdr
 .text          0x00000000000214ab      0x3df obj_cooja/mtype779.a(packetbuf.o)
                0x00000000000214ab                packetbuf_clear
                0x00000000000214d6                packetbuf_copyfrom
                0x0000000000021525                packetbuf_compact
                0x00000000000215a2                packetbuf_copyto
                0x0000000000021635                packetbuf_hdralloc
                0x00000000000216b1                packetbuf_hdrreduce
                0x00000000000216f7                packetbuf_set_datalen
                0x0000000000021711                packetbuf_dataptr
                0x000000000002172e                packetbuf_hdrptr
                0x0000000000021738                packetbuf_datalen
                0x0000000000021744                packetbuf_hdrlen
                0x000000000002175b                packetbuf_totlen
                0x0000000000021771                packetbuf_attr_clear
                0x00000000000217bd                packetbuf_attr_copyto
                0x0000000000021815                packetbuf_attr_copyfrom
                0x000000000002186d                packetbuf_holds_broadcast
 .text          0x000000000002188a       0x2c obj_cooja/mtype779.a(netstack.o)
                0x000000000002188a                netstack_init
 .text          0x00000000000218b6       0x4f obj_cooja/mtype779.a(linkaddr.o)
                0x00000000000218b6                linkaddr_copy
                0x00000000000218cc                linkaddr_cmp
                0x00000000000218ef                linkaddr_set_node_addr
 .text          0x0000000000021905      0x326 obj_cooja/mtype779.a(link-stats.o)
                0x000000000002191f                link_stats_from_lladdr
                0x000000000002193b                link_stats_is_fresh
                0x0000000000021978                guess_etx_from_rssi
                0x00000000000219f4                link_stats_packet_sent
                0x0000000000021afa                link_stats_input_callback
                0x0000000000021bf6                link_stats_init
 .text          0x0000000000021c2b      0x83e obj_cooja/mtype779.a(csma.o)
 .text          0x0000000000022469       0x38 obj_cooja/mtype779.a(mac.o)
                0x0000000000022469                mac_call_sent_callback
 .text          0x00000000000224a1      0x3e3 obj_cooja/mtype779.a(framer-802154.o)
 .text          0x0000000000022884      0x434 obj_cooja/mtype779.a(nullrdc.o)
 .text          0x0000000000022cb8       0x68 obj_cooja/mtype779.a(nullsec.o)
 .text          0x0000000000022d20       0x1e obj_cooja/mtype779.a(watchdog.o)
                0x0000000000022d20                watchdog_init
                0x0000000000022d26                watchdog_start
                0x0000000000022d2c                watchdog_periodic
                0x0000000000022d32                watchdog_stop
                0x0000000000022d38                watchdog_reboot
 .text          0x0000000000022d3e        0x0 obj_cooja/mtype779.a(rimestats.o)
 .text          0x0000000000022d3e       0xb2 obj_cooja/mtype779.a(stimer.o)
                0x0000000000022d3e                stimer_set
                0x0000000000022d5c                stimer_reset
                0x0000000000022d74                stimer_restart
                0x0000000000022d89                stimer_expired
                0x0000000000022db4                stimer_remaining
                0x0000000000022dd8                stimer_elapsed
 .text          0x0000000000022df0      0x953 obj_cooja/mtype779.a(uip-icmp6.o)
                0x0000000000022e65                uip_icmp6_input
                0x0000000000022ebc                uip_icmp6_register_input_handler
                0x00000000000230c8                uip_icmp6_error_output
                0x0000000000023411                uip_icmp6_send
                0x00000000000236cb                uip_icmp6_echo_reply_callback_add
                0x00000000000236fd                uip_icmp6_echo_reply_callback_rm
                0x000000000002371a                uip_icmp6_init
 .text          0x0000000000023743      0x32f obj_cooja/mtype779.a(rpl-nbr-policy.)
                0x000000000002391a                find_removable_dis
                0x000000000002393f                find_removable_dio
                0x00000000000239c4                find_removable_dao
                0x0000000000023a14                rpl_nbr_policy_find_removable
 .text          0x0000000000023a72      0x1bb obj_cooja/mtype779.a(mac-sequence.o)
                0x0000000000023aa9                mac_sequence_is_duplicate
                0x0000000000023b49                mac_sequence_register_seqno
 .text          0x0000000000023c2d      0xa24 obj_cooja/mtype779.a(frame802154.o)
                0x0000000000023c5e                frame802154_get_pan_id
                0x0000000000023c6a                frame802154_set_pan_id
                0x0000000000023c84                frame802154_has_panid
                0x0000000000023d65                frame802154_check_dest_panid
                0x0000000000023de6                frame802154_is_broadcast_addr
                0x0000000000023e33                frame802154_extract_linkaddr
                0x0000000000024098                frame802154_hdrlen
                0x000000000002410b                frame802154_create
                0x000000000002431e                frame802154_parse
 .text          0x0000000000024651        0x0 /usr/lib/gcc/i686-linux-gnu/5/crtendS.o
 .text          0x0000000000024651        0x0 /usr/lib/gcc/i686-linux-gnu/5/../../../i386-linux-gnu/crtn.o
 *(.gnu.warning)

.fini           0x0000000000024654       0x14
 *(SORT(.fini))
 .fini          0x0000000000024654        0xf /usr/lib/gcc/i686-linux-gnu/5/../../../i386-linux-gnu/crti.o
                0x0000000000024654                _fini
 .fini          0x0000000000024663        0x5 /usr/lib/gcc/i686-linux-gnu/5/../../../i386-linux-gnu/crtn.o
                [!provide]                        PROVIDE (__etext, .)
                [!provide]                        PROVIDE (_etext, .)
                [!provide]                        PROVIDE (etext, .)

.rodata         0x0000000000024680      0x878
 *(.rodata .rodata.* .gnu.linkonce.r.*)
 .rodata        0x0000000000024680       0xd3 border-router.co
                0x00000000000246a4                autostart_processes
 *fill*         0x0000000000024753        0x1 
 .rodata        0x0000000000024754      0x133 obj_cooja/mtype779.o
 *fill*         0x0000000000024887        0x1 
 .rodata        0x0000000000024888       0xb0 obj_cooja/slip-bridge.o
                0x0000000000024930                rpl_interface
 *fill*         0x0000000000024938        0x8 
 .rodata        0x0000000000024940      0x154 obj_cooja/httpd-simple.o
                0x000000000002499c                http_content_type_html
                0x00000000000249c0                http_header_200
                0x0000000000024a20                http_header_404
                0x0000000000024a80                http_get
                0x0000000000024a88                http_index_html
 .rodata        0x0000000000024a94       0x21 obj_cooja/mtype779.a(slip.o)
 *fill*         0x0000000000024ab5        0x3 
 .rodata        0x0000000000024ab8        0x8 obj_cooja/mtype779.a(beep.o)
                0x0000000000024ab8                beep_interface
 .rodata        0x0000000000024ac0       0x20 obj_cooja/mtype779.a(button-sensor.o)
                0x0000000000024ac0                button_interface
                0x0000000000024ad0                button_sensor
 .rodata        0x0000000000024ae0        0x8 obj_cooja/mtype779.a(leds-arch.o)
                0x0000000000024ae0                leds_interface
 .rodata        0x0000000000024ae8        0x8 obj_cooja/mtype779.a(moteid.o)
                0x0000000000024ae8                moteid_interface
 .rodata        0x0000000000024af0       0x1c obj_cooja/mtype779.a(pir-sensor.o)
                0x0000000000024af0                pir_interface
                0x0000000000024afc                pir_sensor
 .rodata        0x0000000000024b0c        0xe obj_cooja/mtype779.a(rs232.o)
                0x0000000000024b0c                rs232_interface
 *fill*         0x0000000000024b1a        0x2 
 .rodata        0x0000000000024b1c       0x24 obj_cooja/mtype779.a(vib-sensor.o)
                0x0000000000024b1c                vib_interface
                0x0000000000024b30                vib_sensor
 .rodata        0x0000000000024b40        0x8 obj_cooja/mtype779.a(clock.o)
                0x0000000000024b40                clock_interface
 .rodata        0x0000000000024b48        0x8 obj_cooja/mtype779.a(log.o)
                0x0000000000024b48                simlog_interface
 .rodata        0x0000000000024b50       0x2f obj_cooja/mtype779.a(cfs-cooja.o)
                0x0000000000024b50                cfs_interface
 *fill*         0x0000000000024b7f        0x1 
 .rodata        0x0000000000024b80       0x58 obj_cooja/mtype779.a(cooja-radio.o)
                0x0000000000024b80                radio_interface
                0x0000000000024ba0                cooja_radio_driver
 .rodata        0x0000000000024bd8        0x8 obj_cooja/mtype779.a(eeprom.o)
                0x0000000000024bd8                eeprom_interface
 .rodata        0x0000000000024be0        0x8 obj_cooja/mtype779.a(sensors.o)
 .rodata        0x0000000000024be8        0xf obj_cooja/mtype779.a(ctimer.o)
 .rodata        0x0000000000024bf7        0xc obj_cooja/mtype779.a(etimer.o)
 .rodata        0x0000000000024c03        0xe obj_cooja/mtype779.a(serial-line.o)
 *fill*         0x0000000000024c11        0x3 
 .rodata        0x0000000000024c14      0x13c obj_cooja/mtype779.a(uip6.o)
 .rodata        0x0000000000024d50       0x2c obj_cooja/mtype779.a(sicslowpan.o)
                0x0000000000024d50                unc_llconf
                0x0000000000024d54                unc_ctxconf
                0x0000000000024d58                unc_mxconf
                0x0000000000024d5c                llprefix
                0x0000000000024d70                sicslowpan_driver
 .rodata        0x0000000000024d7c       0x2a obj_cooja/mtype779.a(uip-debug.o)
 .rodata        0x0000000000024da6       0x29 obj_cooja/mtype779.a(tcpip.o)
 *fill*         0x0000000000024dcf        0x1 
 .rodata        0x0000000000024dd0       0x89 obj_cooja/mtype779.a(rpl-dag.o)
 *fill*         0x0000000000024e59        0x3 
 .rodata        0x0000000000024e5c        0x8 obj_cooja/mtype779.a(linkaddr.o)
                0x0000000000024e5c                linkaddr_null
 .rodata        0x0000000000024e64       0x24 obj_cooja/mtype779.a(csma.o)
                0x0000000000024e6c                csma_driver
 .rodata        0x0000000000024e88        0xc obj_cooja/mtype779.a(framer-802154.o)
                0x0000000000024e88                framer_802154
 *fill*         0x0000000000024e94        0xc 
 .rodata        0x0000000000024ea0       0x40 obj_cooja/mtype779.a(nullrdc.o)
                0x0000000000024ec0                nullrdc_driver
 .rodata        0x0000000000024ee0       0x18 obj_cooja/mtype779.a(nullsec.o)
                0x0000000000024ee8                nullsec_driver

.rodata1
 *(.rodata1)

.eh_frame_hdr   0x0000000000024ef8     0x141c
 *(.eh_frame_hdr)
 .eh_frame_hdr  0x0000000000024ef8     0x141c border-router.co
                0x0000000000024ef8                __GNU_EH_FRAME_HDR
 *(.eh_frame_entry .eh_frame_entry.*)

.eh_frame       0x0000000000026314     0x517c
 *(.eh_frame)
 .eh_frame      0x0000000000026314       0x3c /usr/lib/gcc/i686-linux-gnu/5/../../../i386-linux-gnu/crti.o
                                         0x40 (size before relaxing)
 .eh_frame      0x0000000000026350      0x100 border-router.co
                                        0x118 (size before relaxing)
 .eh_frame      0x0000000000026450      0x148 obj_cooja/mtype779.o
                                        0x160 (size before relaxing)
 .eh_frame      0x0000000000026598       0x60 obj_cooja/slip-bridge.o
                                         0x78 (size before relaxing)
 .eh_frame      0x00000000000265f8       0xe0 obj_cooja/httpd-simple.o
                                         0xf8 (size before relaxing)
 .eh_frame      0x00000000000266d8       0x40 obj_cooja/mtype779.a(simEnvChange.o)
                                         0x58 (size before relaxing)
 .eh_frame      0x0000000000026718       0xc0 obj_cooja/mtype779.a(cooja_mt.o)
                                         0xd8 (size before relaxing)
 .eh_frame      0x00000000000267d8      0x120 obj_cooja/mtype779.a(cooja_mtarch.o)
                                        0x138 (size before relaxing)
 .eh_frame      0x00000000000268f8       0xc0 obj_cooja/mtype779.a(rtimer-arch.o)
                                         0xd8 (size before relaxing)
 .eh_frame      0x00000000000269b8       0xe0 obj_cooja/mtype779.a(slip.o)
                                         0xf8 (size before relaxing)
 .eh_frame      0x0000000000026a98      0x160 obj_cooja/mtype779.a(beep.o)
                                        0x178 (size before relaxing)
 .eh_frame      0x0000000000026bf8       0xa0 obj_cooja/mtype779.a(button-sensor.o)
                                         0xb8 (size before relaxing)
 .eh_frame      0x0000000000026c98       0xa0 obj_cooja/mtype779.a(leds-arch.o)
                                         0xb8 (size before relaxing)
 .eh_frame      0x0000000000026d38       0x40 obj_cooja/mtype779.a(moteid.o)
                                         0x58 (size before relaxing)
 .eh_frame      0x0000000000026d78       0xa0 obj_cooja/mtype779.a(pir-sensor.o)
                                         0xb8 (size before relaxing)
 .eh_frame      0x0000000000026e18      0x100 obj_cooja/mtype779.a(rs232.o)
                                        0x118 (size before relaxing)
 .eh_frame      0x0000000000026f18       0xa0 obj_cooja/mtype779.a(vib-sensor.o)
                                         0xb8 (size before relaxing)
 .eh_frame      0x0000000000026fb8       0xc0 obj_cooja/mtype779.a(clock.o)
                                         0xd8 (size before relaxing)
 .eh_frame      0x0000000000027078      0x120 obj_cooja/mtype779.a(log.o)
                                        0x138 (size before relaxing)
 .eh_frame      0x0000000000027198      0x160 obj_cooja/mtype779.a(cfs-cooja.o)
                                        0x178 (size before relaxing)
 .eh_frame      0x00000000000272f8      0x2e0 obj_cooja/mtype779.a(cooja-radio.o)
                                        0x2f8 (size before relaxing)
 .eh_frame      0x00000000000275d8       0xa0 obj_cooja/mtype779.a(eeprom.o)
                                         0xb8 (size before relaxing)
 .eh_frame      0x0000000000027678       0x20 obj_cooja/mtype779.a(slip-arch.o)
                                         0x38 (size before relaxing)
 .eh_frame      0x0000000000027698       0x40 obj_cooja/mtype779.a(random.o)
                                         0x58 (size before relaxing)
 .eh_frame      0x00000000000276d8       0xc0 obj_cooja/mtype779.a(sensors.o)
                                         0xd8 (size before relaxing)
 .eh_frame      0x0000000000027798       0x40 obj_cooja/mtype779.a(autostart.o)
                                         0x58 (size before relaxing)
 .eh_frame      0x00000000000277d8      0x100 obj_cooja/mtype779.a(ctimer.o)
                                        0x118 (size before relaxing)
 .eh_frame      0x00000000000278d8      0x1e0 obj_cooja/mtype779.a(etimer.o)
                                        0x1f8 (size before relaxing)
 .eh_frame      0x0000000000027ab8      0x1c4 obj_cooja/mtype779.a(process.o)
                                        0x1dc (size before relaxing)
 .eh_frame      0x0000000000027c7c       0x60 obj_cooja/mtype779.a(rtimer.o)
                                         0x78 (size before relaxing)
 .eh_frame      0x0000000000027cdc       0xa4 obj_cooja/mtype779.a(timer.o)
                                         0xbc (size before relaxing)
 .eh_frame      0x0000000000027d80       0x60 obj_cooja/mtype779.a(serial-line.o)
                                         0x78 (size before relaxing)
 .eh_frame      0x0000000000027de0       0xa0 obj_cooja/mtype779.a(ringbuf.o)
                                         0xb8 (size before relaxing)
 .eh_frame      0x0000000000027e80      0x180 obj_cooja/mtype779.a(list.o)
                                        0x198 (size before relaxing)
 .eh_frame      0x0000000000028000       0xa0 obj_cooja/mtype779.a(memb.o)
                                         0xb8 (size before relaxing)
 .eh_frame      0x00000000000280a0      0x2c8 obj_cooja/mtype779.a(uip-ds6.o)
                                        0x2e0 (size before relaxing)
 .eh_frame      0x0000000000028368      0x2a0 obj_cooja/mtype779.a(uip-ds6-route.o)
                                        0x2b8 (size before relaxing)
 .eh_frame      0x0000000000028608      0x274 obj_cooja/mtype779.a(uip6.o)
                                        0x28c (size before relaxing)
 .eh_frame      0x000000000002887c      0x180 obj_cooja/mtype779.a(uip-ds6-nbr.o)
                                        0x198 (size before relaxing)
 .eh_frame      0x00000000000289fc       0x64 obj_cooja/mtype779.a(uip-nd6.o)
                                         0x7c (size before relaxing)
 .eh_frame      0x0000000000028a60      0x334 obj_cooja/mtype779.a(sicslowpan.o)
                                        0x34c (size before relaxing)
 .eh_frame      0x0000000000028d94       0xe0 obj_cooja/mtype779.a(uip-packetqueue)
                                         0xf8 (size before relaxing)
 .eh_frame      0x0000000000028e74       0x24 obj_cooja/mtype779.a(uip-debug.o)
                                         0x3c (size before relaxing)
 .eh_frame      0x0000000000028e98      0x18c obj_cooja/mtype779.a(psock.o)
                                        0x1a4 (size before relaxing)
 .eh_frame      0x0000000000029024      0x268 obj_cooja/mtype779.a(tcpip.o)
                                        0x280 (size before relaxing)
 .eh_frame      0x000000000002928c      0x71c obj_cooja/mtype779.a(rpl-dag.o)
                                        0x734 (size before relaxing)
 .eh_frame      0x00000000000299a8      0x22c obj_cooja/mtype779.a(rpl-timers.o)
                                        0x244 (size before relaxing)
 .eh_frame      0x0000000000029bd4       0xc0 obj_cooja/mtype779.a(rpl-ext-header.)
                                         0xd8 (size before relaxing)
 .eh_frame      0x0000000000029c94      0x140 obj_cooja/mtype779.a(rpl.o)
                                        0x158 (size before relaxing)
 .eh_frame      0x0000000000029dd4      0x124 obj_cooja/mtype779.a(rpl-mrhof.o)
                                        0x13c (size before relaxing)
 .eh_frame      0x0000000000029ef8      0x2ac obj_cooja/mtype779.a(rpl-icmp6.o)
                                        0x2c4 (size before relaxing)
 .eh_frame      0x000000000002a1a4      0x1a0 obj_cooja/mtype779.a(queuebuf.o)
                                        0x1b8 (size before relaxing)
 .eh_frame      0x000000000002a344      0x2ac obj_cooja/mtype779.a(nbr-table.o)
                                        0x2c4 (size before relaxing)
 .eh_frame      0x000000000002a5f0      0x214 obj_cooja/mtype779.a(packetbuf.o)
                                        0x22c (size before relaxing)
 .eh_frame      0x000000000002a804       0x20 obj_cooja/mtype779.a(netstack.o)
                                         0x38 (size before relaxing)
 .eh_frame      0x000000000002a824       0x60 obj_cooja/mtype779.a(linkaddr.o)
                                         0x78 (size before relaxing)
 .eh_frame      0x000000000002a884      0x100 obj_cooja/mtype779.a(link-stats.o)
                                        0x118 (size before relaxing)
 .eh_frame      0x000000000002a984      0x288 obj_cooja/mtype779.a(csma.o)
                                        0x2a0 (size before relaxing)
 .eh_frame      0x000000000002ac0c       0x20 obj_cooja/mtype779.a(mac.o)
                                         0x38 (size before relaxing)
 .eh_frame      0x000000000002ac2c      0x104 obj_cooja/mtype779.a(framer-802154.o)
                                        0x11c (size before relaxing)
 .eh_frame      0x000000000002ad30      0x16c obj_cooja/mtype779.a(nullrdc.o)
                                        0x184 (size before relaxing)
 .eh_frame      0x000000000002ae9c       0x80 obj_cooja/mtype779.a(nullsec.o)
                                         0x98 (size before relaxing)
 .eh_frame      0x000000000002af1c       0xa0 obj_cooja/mtype779.a(watchdog.o)
                                         0xb8 (size before relaxing)
 .eh_frame      0x000000000002afbc       0xc4 obj_cooja/mtype779.a(stimer.o)
                                         0xdc (size before relaxing)
 .eh_frame      0x000000000002b080      0x160 obj_cooja/mtype779.a(uip-icmp6.o)
                                        0x178 (size before relaxing)
 .eh_frame      0x000000000002b1e0       0xc0 obj_cooja/mtype779.a(rpl-nbr-policy.)
                                         0xd8 (size before relaxing)
 .eh_frame      0x000000000002b2a0       0x88 obj_cooja/mtype779.a(mac-sequence.o)
                                         0xa0 (size before relaxing)
 .eh_frame      0x000000000002b328      0x164 obj_cooja/mtype779.a(frame802154.o)
                                        0x17c (size before relaxing)
 .eh_frame      0x000000000002b48c        0x4 /usr/lib/gcc/i686-linux-gnu/5/crtendS.o
 *(.eh_frame.*)

.gcc_except_table
 *(.gcc_except_table .gcc_except_table.*)

.gnu_extab
 *(.gnu_extab*)

.exception_ranges
 *(.exception_ranges .exception_ranges*)
                0x000000000002cf10                . = DATA_SEGMENT_ALIGN (0x1000, 0x1000)

.eh_frame
 *(.eh_frame)
 *(.eh_frame.*)

.gnu_extab
 *(.gnu_extab)

.gcc_except_table
 *(.gcc_except_table .gcc_except_table.*)

.exception_ranges
 *(.exception_ranges .exception_ranges*)

.tdata
 *(.tdata .tdata.* .gnu.linkonce.td.*)

.tbss
 *(.tbss .tbss.* .gnu.linkonce.tb.*)
 *(.tcommon)

.preinit_array
 *(.preinit_array)

.init_array     0x000000000002cf10        0x4
 *(SORT(.init_array.*) SORT(.ctors.*))
 *(.init_array EXCLUDE_FILE(*crtend?.o *crtend.o *crtbegin?.o *crtbegin.o) .ctors)
 .init_array    0x000000000002cf10        0x4 /usr/lib/gcc/i686-linux-gnu/5/crtbeginS.o

.fini_array     0x000000000002cf14        0x4
 *(SORT(.fini_array.*) SORT(.dtors.*))
 *(.fini_array EXCLUDE_FILE(*crtend?.o *crtend.o *crtbegin?.o *crtbegin.o) .dtors)
 .fini_array    0x000000000002cf14        0x4 /usr/lib/gcc/i686-linux-gnu/5/crtbeginS.o

.ctors
 *crtbegin.o(.ctors)
 *crtbegin?.o(.ctors)
 *(EXCLUDE_FILE(*crtend?.o *crtend.o) .ctors)
 *(SORT(.ctors.*))
 *(.ctors)

.dtors
 *crtbegin.o(.dtors)
 *crtbegin?.o(.dtors)
 *(EXCLUDE_FILE(*crtend?.o *crtend.o) .dtors)
 *(SORT(.dtors.*))
 *(.dtors)

.jcr            0x000000000002cf18        0x4
 *(.jcr)
 .jcr           0x000000000002cf18        0x0 /usr/lib/gcc/i686-linux-gnu/5/crtbeginS.o
 .jcr           0x000000000002cf18        0x4 /usr/lib/gcc/i686-linux-gnu/5/crtendS.o

.data.rel.ro
 *(.data.rel.ro.local* .gnu.linkonce.d.rel.ro.local.*)
 *(.data.rel.ro .data.rel.ro.* .gnu.linkonce.d.rel.ro.*)

.dynamic        0x000000000002cf1c       0xd0
 *(.dynamic)
 .dynamic       0x000000000002cf1c       0xd0 /usr/lib/gcc/i686-linux-gnu/5/../../../i386-linux-gnu/crti.o
                0x000000000002cf1c                _DYNAMIC

.got            0x000000000002cfec       0x14
 *(.got)
 .got           0x000000000002cfec       0x14 /usr/lib/gcc/i686-linux-gnu/5/../../../i386-linux-gnu/crti.o
 *(.igot)
                0x000000000002dff4                . = DATA_SEGMENT_RELRO_END (., (SIZEOF (.got.plt) >= 0xc)?0xc:0x0)

.got.plt        0x000000000002d000        0xc
 *(.got.plt)
 .got.plt       0x000000000002d000        0xc /usr/lib/gcc/i686-linux-gnu/5/../../../i386-linux-gnu/crti.o
                0x000000000002d000                _GLOBAL_OFFSET_TABLE_
 *(.igot.plt)

.data           0x000000000002d020      0x282
 *(.data .data.* .gnu.linkonce.d.*)
 .data          0x000000000002d020        0x0 /usr/lib/gcc/i686-linux-gnu/5/../../../i386-linux-gnu/crti.o
 .data          0x000000000002d020        0x0 /usr/lib/gcc/i686-linux-gnu/5/crtbeginS.o
 .data.rel.local
                0x000000000002d020        0x4 /usr/lib/gcc/i686-linux-gnu/5/crtbeginS.o
                0x000000000002d020                __dso_handle
 .data          0x000000000002d024       0x28 border-router.co
                0x000000000002d024                border_router_process
                0x000000000002d034                webserver_nogui_process
 *fill*         0x000000000002d04c       0x14 
 .data          0x000000000002d060       0x44 obj_cooja/mtype779.o
                0x000000000002d060                simInterfaces
                0x000000000002d094                sensors
 .data          0x000000000002d0a4        0x0 obj_cooja/slip-bridge.o
 .data          0x000000000002d0a4       0x10 obj_cooja/httpd-simple.o
 .data          0x000000000002d0b4        0x0 obj_cooja/mtype779.a(simEnvChange.o)
 .data          0x000000000002d0b4        0x0 obj_cooja/mtype779.a(cooja_mt.o)
 .data          0x000000000002d0b4        0x0 obj_cooja/mtype779.a(cooja_mtarch.o)
 .data          0x000000000002d0b4        0x0 obj_cooja/mtype779.a(rtimer-arch.o)
 .data          0x000000000002d0b4       0x10 obj_cooja/mtype779.a(slip.o)
                0x000000000002d0b4                slip_process
 .data          0x000000000002d0c4        0x0 obj_cooja/mtype779.a(beep.o)
 .data          0x000000000002d0c4        0x0 obj_cooja/mtype779.a(button-sensor.o)
 .data          0x000000000002d0c4        0x0 obj_cooja/mtype779.a(leds-arch.o)
 .data          0x000000000002d0c4        0x0 obj_cooja/mtype779.a(moteid.o)
 .data          0x000000000002d0c4        0x0 obj_cooja/mtype779.a(pir-sensor.o)
 .data          0x000000000002d0c4        0x0 obj_cooja/mtype779.a(rs232.o)
 .data          0x000000000002d0c4        0x0 obj_cooja/mtype779.a(vib-sensor.o)
 .data          0x000000000002d0c4        0x0 obj_cooja/mtype779.a(clock.o)
 .data          0x000000000002d0c4        0x0 obj_cooja/mtype779.a(log.o)
 .data          0x000000000002d0c4        0x0 obj_cooja/mtype779.a(cfs-cooja.o)
 .data          0x000000000002d0c4       0x28 obj_cooja/mtype779.a(cooja-radio.o)
                0x000000000002d0c4                simRadioHWOn
                0x000000000002d0c8                simSignalStrength
                0x000000000002d0cc                simLastSignalStrength
                0x000000000002d0d0                simPower
                0x000000000002d0d4                simRadioChannel
                0x000000000002d0d8                simLQI
                0x000000000002d0dc                cooja_radio_process
 .data          0x000000000002d0ec        0x0 obj_cooja/mtype779.a(eeprom.o)
 .data          0x000000000002d0ec        0x0 obj_cooja/mtype779.a(slip-arch.o)
 .data          0x000000000002d0ec        0x0 obj_cooja/mtype779.a(random.o)
 .data          0x000000000002d0ec       0x10 obj_cooja/mtype779.a(sensors.o)
                0x000000000002d0ec                sensors_process
 .data          0x000000000002d0fc        0x0 obj_cooja/mtype779.a(autostart.o)
 .data          0x000000000002d0fc       0x14 obj_cooja/mtype779.a(ctimer.o)
                0x000000000002d100                ctimer_process
 .data          0x000000000002d110       0x10 obj_cooja/mtype779.a(etimer.o)
                0x000000000002d110                etimer_process
 .data          0x000000000002d120        0x0 obj_cooja/mtype779.a(process.o)
 .data          0x000000000002d120        0x0 obj_cooja/mtype779.a(rtimer.o)
 .data          0x000000000002d120        0x0 obj_cooja/mtype779.a(timer.o)
 .data          0x000000000002d120       0x10 obj_cooja/mtype779.a(serial-line.o)
                0x000000000002d120                serial_line_process
 .data          0x000000000002d130        0x0 obj_cooja/mtype779.a(ringbuf.o)
 .data          0x000000000002d130        0x0 obj_cooja/mtype779.a(list.o)
 .data          0x000000000002d130        0x0 obj_cooja/mtype779.a(memb.o)
 .data          0x000000000002d130        0x0 obj_cooja/mtype779.a(uip-ds6.o)
 .data          0x000000000002d130       0x44 obj_cooja/mtype779.a(uip-ds6-route.o)
                0x000000000002d140                nbr_routes
 .data          0x000000000002d174        0x0 obj_cooja/mtype779.a(uip6.o)
 .data          0x000000000002d174       0x14 obj_cooja/mtype779.a(uip-ds6-nbr.o)
                0x000000000002d184                ds6_neighbors
 .data          0x000000000002d188        0x0 obj_cooja/mtype779.a(uip-nd6.o)
 .data          0x000000000002d188        0x0 obj_cooja/mtype779.a(sicslowpan.o)
 .data          0x000000000002d188        0xc obj_cooja/mtype779.a(uip-packetqueue)
 .data          0x000000000002d194        0x0 obj_cooja/mtype779.a(uip-debug.o)
 .data          0x000000000002d194        0x0 obj_cooja/mtype779.a(psock.o)
 .data          0x000000000002d194       0x10 obj_cooja/mtype779.a(tcpip.o)
                0x000000000002d194                tcpip_process
 .data          0x000000000002d1a4       0x14 obj_cooja/mtype779.a(rpl-dag.o)
                0x000000000002d1b4                rpl_parents
 .data          0x000000000002d1b8        0x0 obj_cooja/mtype779.a(rpl-timers.o)
 .data          0x000000000002d1b8        0x0 obj_cooja/mtype779.a(rpl-ext-header.)
 .data          0x000000000002d1b8        0x0 obj_cooja/mtype779.a(rpl.o)
 *fill*         0x000000000002d1b8        0x8 
 .data          0x000000000002d1c0       0x24 obj_cooja/mtype779.a(rpl-mrhof.o)
                0x000000000002d1c0                rpl_mrhof
 .data          0x000000000002d1e4       0x34 obj_cooja/mtype779.a(rpl-icmp6.o)
 .data          0x000000000002d218       0x18 obj_cooja/mtype779.a(queuebuf.o)
 .data          0x000000000002d230       0x10 obj_cooja/mtype779.a(nbr-table.o)
 .data          0x000000000002d240        0x4 obj_cooja/mtype779.a(packetbuf.o)
 .data          0x000000000002d244        0x0 obj_cooja/mtype779.a(netstack.o)
 .data          0x000000000002d244        0x0 obj_cooja/mtype779.a(linkaddr.o)
 .data          0x000000000002d244       0x14 obj_cooja/mtype779.a(link-stats.o)
 .data          0x000000000002d258       0x28 obj_cooja/mtype779.a(csma.o)
 .data          0x000000000002d280        0x0 obj_cooja/mtype779.a(mac.o)
 .data          0x000000000002d280        0x0 obj_cooja/mtype779.a(framer-802154.o)
 .data          0x000000000002d280        0x0 obj_cooja/mtype779.a(nullrdc.o)
 .data          0x000000000002d280        0x0 obj_cooja/mtype779.a(nullsec.o)
 .data          0x000000000002d280        0x0 obj_cooja/mtype779.a(watchdog.o)
 .data          0x000000000002d280        0x0 obj_cooja/mtype779.a(rimestats.o)
 .data          0x000000000002d280        0x0 obj_cooja/mtype779.a(stimer.o)
 .data          0x000000000002d280       0x20 obj_cooja/mtype779.a(uip-icmp6.o)
 .data          0x000000000002d2a0        0x0 obj_cooja/mtype779.a(rpl-nbr-policy.)
 .data          0x000000000002d2a0        0x0 obj_cooja/mtype779.a(mac-sequence.o)
 .data          0x000000000002d2a0        0x2 obj_cooja/mtype779.a(frame802154.o)
 .data          0x000000000002d2a2        0x0 /usr/lib/gcc/i686-linux-gnu/5/crtendS.o
 .data          0x000000000002d2a2        0x0 /usr/lib/gcc/i686-linux-gnu/5/../../../i386-linux-gnu/crtn.o

.tm_clone_table
                0x000000000002d2a4        0x0
 .tm_clone_table
                0x000000000002d2a4        0x0 /usr/lib/gcc/i686-linux-gnu/5/crtbeginS.o
 .tm_clone_table
                0x000000000002d2a4        0x0 /usr/lib/gcc/i686-linux-gnu/5/crtendS.o

.data1
 *(.data1)
                0x000000000002d2a4                _edata = .
                [!provide]                        PROVIDE (edata, .)
                0x000000000002d2a4                . = .
                0x000000000002d2a4                __bss_start = .

.bss            0x000000000002d2c0    0x10ea8
 *(.dynbss)
 .dynbss        0x000000000002d2c0        0x0 /usr/lib/gcc/i686-linux-gnu/5/../../../i386-linux-gnu/crti.o
 *(.bss .bss.* .gnu.linkonce.b.*)
 .bss           0x000000000002d2c0        0x0 /usr/lib/gcc/i686-linux-gnu/5/../../../i386-linux-gnu/crti.o
 .bss           0x000000000002d2c0        0x1 /usr/lib/gcc/i686-linux-gnu/5/crtbeginS.o
 *fill*         0x000000000002d2c1       0x1f 
 .bss           0x000000000002d2e0      0x13c border-router.co
 *fill*         0x000000000002d41c        0x4 
 .bss           0x000000000002d420     0x2030 obj_cooja/mtype779.o
 .bss           0x000000000002f450       0x10 obj_cooja/slip-bridge.o
 .bss           0x000000000002f460      0x110 obj_cooja/httpd-simple.o
 .bss           0x000000000002f570        0x1 obj_cooja/mtype779.a(simEnvChange.o)
                0x000000000002f570                simDontFallAsleep
 *fill*         0x000000000002f571        0x3 
 .bss           0x000000000002f574        0x4 obj_cooja/mtype779.a(cooja_mt.o)
 .bss           0x000000000002f578        0x4 obj_cooja/mtype779.a(cooja_mtarch.o)
 .bss           0x000000000002f57c        0xc obj_cooja/mtype779.a(rtimer-arch.o)
 *fill*         0x000000000002f588       0x18 
 .bss           0x000000000002f5a0      0x678 obj_cooja/mtype779.a(slip.o)
 .bss           0x000000000002fc18        0x0 obj_cooja/mtype779.a(beep.o)
 .bss           0x000000000002fc18        0x8 obj_cooja/mtype779.a(button-sensor.o)
 .bss           0x000000000002fc20        0x0 obj_cooja/mtype779.a(leds-arch.o)
 .bss           0x000000000002fc20        0x0 obj_cooja/mtype779.a(moteid.o)
 .bss           0x000000000002fc20        0x1 obj_cooja/mtype779.a(pir-sensor.o)
                0x000000000002fc20                simPirValue
 *fill*         0x000000000002fc21        0x3 
 .bss           0x000000000002fc24        0x4 obj_cooja/mtype779.a(rs232.o)
 .bss           0x000000000002fc28        0x1 obj_cooja/mtype779.a(vib-sensor.o)
                0x000000000002fc28                simVibValue
 .bss           0x000000000002fc29        0x0 obj_cooja/mtype779.a(clock.o)
 *fill*         0x000000000002fc29       0x17 
 .bss           0x000000000002fc40      0x420 obj_cooja/mtype779.a(log.o)
 .bss           0x0000000000030060      0xfc0 obj_cooja/mtype779.a(cfs-cooja.o)
                0x0000000000030060                simCFSData
                0x0000000000031000                simCFSSize
                0x0000000000031004                simCFSChanged
                0x0000000000031008                simCFSRead
                0x000000000003100c                simCFSWritten
 .bss           0x0000000000031020       0x10 obj_cooja/mtype779.a(cooja-radio.o)
                0x0000000000031020                simReceiving
                0x0000000000031024                simInSize
                0x0000000000031028                simOutSize
 .bss           0x0000000000031030        0xc obj_cooja/mtype779.a(eeprom.o)
                0x0000000000031030                simEEPROMChanged
                0x0000000000031034                simEEPROMRead
                0x0000000000031038                simEEPROMWritten
 .bss           0x000000000003103c        0x0 obj_cooja/mtype779.a(slip-arch.o)
 .bss           0x000000000003103c        0x0 obj_cooja/mtype779.a(random.o)
 .bss           0x000000000003103c        0xc obj_cooja/mtype779.a(sensors.o)
 .bss           0x0000000000031048        0x0 obj_cooja/mtype779.a(autostart.o)
 .bss           0x0000000000031048        0x5 obj_cooja/mtype779.a(ctimer.o)
 *fill*         0x000000000003104d        0x3 
 .bss           0x0000000000031050        0x8 obj_cooja/mtype779.a(etimer.o)
 *fill*         0x0000000000031058        0x8 
 .bss           0x0000000000031060      0x1a1 obj_cooja/mtype779.a(process.o)
                0x0000000000031060                process_list
                0x0000000000031064                process_current
 *fill*         0x0000000000031201        0x3 
 .bss           0x0000000000031204        0x4 obj_cooja/mtype779.a(rtimer.o)
 .bss           0x0000000000031208        0x0 obj_cooja/mtype779.a(timer.o)
 *fill*         0x0000000000031208       0x18 
 .bss           0x0000000000031220      0x140 obj_cooja/mtype779.a(serial-line.o)
 .bss           0x0000000000031360        0x0 obj_cooja/mtype779.a(ringbuf.o)
 .bss           0x0000000000031360        0x0 obj_cooja/mtype779.a(list.o)
 .bss           0x0000000000031360        0x0 obj_cooja/mtype779.a(memb.o)
 .bss           0x0000000000031360       0x20 obj_cooja/mtype779.a(uip-ds6.o)
 .bss           0x0000000000031380     0x44a4 obj_cooja/mtype779.a(uip-ds6-route.o)
 .bss           0x0000000000035824        0xc obj_cooja/mtype779.a(uip6.o)
                0x0000000000035824                uip_ext_bitmap
                0x0000000000035825                uip_ext_len
                0x0000000000035826                uip_ext_opt_offset
 *fill*         0x0000000000035830       0x10 
 .bss           0x0000000000035840     0x1c20 obj_cooja/mtype779.a(uip-ds6-nbr.o)
 .bss           0x0000000000037460        0x0 obj_cooja/mtype779.a(uip-nd6.o)
 .bss           0x0000000000037460      0x70c obj_cooja/mtype779.a(sicslowpan.o)
 *fill*         0x0000000000037b6c       0x14 
 .bss           0x0000000000037b80      0xcf8 obj_cooja/mtype779.a(uip-packetqueue)
 .bss           0x0000000000038878        0x0 obj_cooja/mtype779.a(uip-debug.o)
 .bss           0x0000000000038878        0x0 obj_cooja/mtype779.a(psock.o)
 *fill*         0x0000000000038878        0x8 
 .bss           0x0000000000038880       0x6a obj_cooja/mtype779.a(tcpip.o)
 *fill*         0x00000000000388ea       0x16 
 .bss           0x0000000000038900      0x960 obj_cooja/mtype779.a(rpl-dag.o)
 .bss           0x0000000000039260       0x23 obj_cooja/mtype779.a(rpl-timers.o)
 .bss           0x0000000000039283        0x0 obj_cooja/mtype779.a(rpl-ext-header.)
 *fill*         0x0000000000039283        0x1 
 .bss           0x0000000000039284        0x4 obj_cooja/mtype779.a(rpl.o)
 .bss           0x0000000000039288        0x0 obj_cooja/mtype779.a(rpl-mrhof.o)
 .bss           0x0000000000039288        0x0 obj_cooja/mtype779.a(rpl-icmp6.o)
 *fill*         0x0000000000039288       0x18 
 .bss           0x00000000000392a0      0xb80 obj_cooja/mtype779.a(queuebuf.o)
 .bss           0x0000000000039e20     0x1214 obj_cooja/mtype779.a(nbr-table.o)
 *fill*         0x000000000003b034        0xc 
 .bss           0x000000000003b040       0xa0 obj_cooja/mtype779.a(packetbuf.o)
 .bss           0x000000000003b0e0        0x0 obj_cooja/mtype779.a(netstack.o)
 .bss           0x000000000003b0e0        0x0 obj_cooja/mtype779.a(linkaddr.o)
 .bss           0x000000000003b0e0      0xe10 obj_cooja/mtype779.a(link-stats.o)
 *fill*         0x000000000003bef0       0x10 
 .bss           0x000000000003bf00      0x248 obj_cooja/mtype779.a(csma.o)
 .bss           0x000000000003c148        0x0 obj_cooja/mtype779.a(mac.o)
 .bss           0x000000000003c148        0x2 obj_cooja/mtype779.a(framer-802154.o)
 .bss           0x000000000003c14a        0x0 obj_cooja/mtype779.a(nullrdc.o)
 .bss           0x000000000003c14a        0x0 obj_cooja/mtype779.a(nullsec.o)
 .bss           0x000000000003c14a        0x0 obj_cooja/mtype779.a(watchdog.o)
 .bss           0x000000000003c14a        0x0 obj_cooja/mtype779.a(rimestats.o)
 .bss           0x000000000003c14a        0x0 obj_cooja/mtype779.a(stimer.o)
 *fill*         0x000000000003c14a        0x2 
 .bss           0x000000000003c14c       0x18 obj_cooja/mtype779.a(uip-icmp6.o)
 *fill*         0x000000000003c164       0x1c 
 .bss           0x000000000003c180       0x44 obj_cooja/mtype779.a(rpl-nbr-policy.)
 *fill*         0x000000000003c1c4       0x1c 
 .bss           0x000000000003c1e0      0x100 obj_cooja/mtype779.a(mac-sequence.o)
 .bss           0x000000000003c2e0        0x0 obj_cooja/mtype779.a(frame802154.o)
 .bss           0x000000000003c2e0        0x0 /usr/lib/gcc/i686-linux-gnu/5/crtendS.o
 .bss           0x000000000003c2e0        0x0 /usr/lib/gcc/i686-linux-gnu/5/../../../i386-linux-gnu/crtn.o
 *(COMMON)
 COMMON         0x000000000003c2e0        0x8 obj_cooja/mtype779.o
                0x000000000003c2e0                referenceVar
                0x000000000003c2e4                sensors_flags
 COMMON         0x000000000003c2e8        0xc obj_cooja/mtype779.a(simEnvChange.o)
                0x000000000003c2e8                simEtimerPending
                0x000000000003c2ec                simProcessRunValue
                0x000000000003c2f0                simNextExpirationTime
 COMMON         0x000000000003c2f4        0x1 obj_cooja/mtype779.a(slip.o)
                0x000000000003c2f4                slip_active
 COMMON         0x000000000003c2f5        0x1 obj_cooja/mtype779.a(beep.o)
                0x000000000003c2f5                simBeeped
 COMMON         0x000000000003c2f6        0x3 obj_cooja/mtype779.a(button-sensor.o)
                0x000000000003c2f6                simButtonIsActive
                0x000000000003c2f7                simButtonIsDown
                0x000000000003c2f8                simButtonChanged
 COMMON         0x000000000003c2f9        0x1 obj_cooja/mtype779.a(leds-arch.o)
                0x000000000003c2f9                simLedsValue
 *fill*         0x000000000003c2fa        0x2 
 COMMON         0x000000000003c2fc        0xc obj_cooja/mtype779.a(moteid.o)
                0x000000000003c2fc                simRandomSeed
                0x000000000003c300                simMoteIDChanged
                0x000000000003c304                simMoteID
 COMMON         0x000000000003c308        0x2 obj_cooja/mtype779.a(pir-sensor.o)
                0x000000000003c308                simPirIsActive
                0x000000000003c309                simPirChanged
 *fill*         0x000000000003c30a       0x16 
 COMMON         0x000000000003c320      0x820 obj_cooja/mtype779.a(rs232.o)
                0x000000000003c320                simSerialReceivingFlag
                0x000000000003c324                simSerialReceivingLength
                0x000000000003c340                simSerialReceivingData
 COMMON         0x000000000003cb40        0x2 obj_cooja/mtype779.a(vib-sensor.o)
                0x000000000003cb40                simVibChanged
                0x000000000003cb41                simVibIsActive
 *fill*         0x000000000003cb42        0x2 
 COMMON         0x000000000003cb44        0x4 obj_cooja/mtype779.a(clock.o)
                0x000000000003cb44                simCurrentTime
 *fill*         0x000000000003cb48       0x18 
 COMMON         0x000000000003cb60      0x420 obj_cooja/mtype779.a(log.o)
                0x000000000003cb60                simLoggedLength
                0x000000000003cb64                simLoggedFlag
                0x000000000003cb80                simLoggedData
 COMMON         0x000000000003cf80      0x100 obj_cooja/mtype779.a(cooja-radio.o)
                0x000000000003cf80                simOutDataBuffer
                0x000000000003d000                simInDataBuffer
 COMMON         0x000000000003d080      0x400 obj_cooja/mtype779.a(eeprom.o)
                0x000000000003d080                simEEPROMData
 COMMON         0x000000000003d480        0x1 obj_cooja/mtype779.a(sensors.o)
                0x000000000003d480                sensors_event
 COMMON         0x000000000003d481        0x1 obj_cooja/mtype779.a(serial-line.o)
                0x000000000003d481                serial_line_event_message
 *fill*         0x000000000003d482       0x1e 
 COMMON         0x000000000003d4a0      0x181 obj_cooja/mtype779.a(uip-ds6.o)
                0x000000000003d4a0                uip_ds6_prefix_list
                0x000000000003d500                uip_ds6_timer_periodic
                0x000000000003d510                uip_ds6_netif_addr_list_offset
                0x000000000003d520                uip_ds6_if
                0x000000000003d618                uip_ds6_timer_ra
                0x000000000003d620                uip_ds6_addr_size
 *fill*         0x000000000003d621       0x1f 
 COMMON         0x000000000003d640      0x8ec obj_cooja/mtype779.a(uip6.o)
                0x000000000003d640                uip_slen
                0x000000000003d644                uip_acc32
                0x000000000003d660                uip_conns
                0x000000000003d720                uip_lladdr
                0x000000000003d728                uip_appdata
                0x000000000003d72c                uip_flags
                0x000000000003d740                uip_aligned_buf
                0x000000000003dd80                uip_listenports
                0x000000000003dd90                uip_len
                0x000000000003dd94                uip_sappdata
                0x000000000003dda0                uip_udp_conns
                0x000000000003df20                uip_udp_conn
                0x000000000003df24                uip_next_hdr
                0x000000000003df28                uip_conn
 COMMON         0x000000000003df2c        0x1 obj_cooja/mtype779.a(tcpip.o)
                0x000000000003df2c                tcpip_event
 *fill*         0x000000000003df2d       0x13 
 COMMON         0x000000000003df40      0x174 obj_cooja/mtype779.a(rpl-dag.o)
                0x000000000003df40                default_instance
                0x000000000003df60                instance_table
 COMMON         0x000000000003e0b4       0x30 obj_cooja/mtype779.a(packetbuf.o)
                0x000000000003e0b4                packetbuf_attrs
                0x000000000003e0d4                packetbuf_addrs
 COMMON         0x000000000003e0e4        0x8 obj_cooja/mtype779.a(linkaddr.o)
                0x000000000003e0e4                linkaddr_node_addr
 *fill*         0x000000000003e0ec       0x14 
 COMMON         0x000000000003e100       0x20 obj_cooja/mtype779.a(link-stats.o)
                0x000000000003e100                periodic_timer
 COMMON         0x000000000003e120       0x48 obj_cooja/mtype779.a(rimestats.o)
                0x000000000003e120                rimestats
                0x000000000003e168                . = ALIGN ((. != 0x0)?0x4:0x1)
                0x000000000003e168                . = ALIGN (0x4)
                0x000000000003e168                . = SEGMENT_START ("ldata-segment", .)
                0x000000000003e168                . = ALIGN (0x4)
                0x000000000003e168                _end = .
                [!provide]                        PROVIDE (end, .)
                0x000000000003e168                . = DATA_SEGMENT_END (.)

.stab
 *(.stab)

.stabstr
 *(.stabstr)

.stab.excl
 *(.stab.excl)

.stab.exclstr
 *(.stab.exclstr)

.stab.index
 *(.stab.index)

.stab.indexstr
 *(.stab.indexstr)

.comment        0x0000000000000000       0x35
 *(.comment)
 .comment       0x0000000000000000       0x35 /usr/lib/gcc/i686-linux-gnu/5/crtbeginS.o
                                         0x36 (size before relaxing)
 .comment       0x0000000000000035       0x36 border-router.co
 .comment       0x0000000000000035       0x36 obj_cooja/mtype779.o
 .comment       0x0000000000000035       0x36 obj_cooja/slip-bridge.o
 .comment       0x0000000000000035       0x36 obj_cooja/httpd-simple.o
 .comment       0x0000000000000035       0x36 obj_cooja/mtype779.a(simEnvChange.o)
 .comment       0x0000000000000035       0x36 obj_cooja/mtype779.a(cooja_mt.o)
 .comment       0x0000000000000035       0x36 obj_cooja/mtype779.a(cooja_mtarch.o)
 .comment       0x0000000000000035       0x36 obj_cooja/mtype779.a(rtimer-arch.o)
 .comment       0x0000000000000035       0x36 obj_cooja/mtype779.a(slip.o)
 .comment       0x0000000000000035       0x36 obj_cooja/mtype779.a(beep.o)
 .comment       0x0000000000000035       0x36 obj_cooja/mtype779.a(button-sensor.o)
 .comment       0x0000000000000035       0x36 obj_cooja/mtype779.a(leds-arch.o)
 .comment       0x0000000000000035       0x36 obj_cooja/mtype779.a(moteid.o)
 .comment       0x0000000000000035       0x36 obj_cooja/mtype779.a(pir-sensor.o)
 .comment       0x0000000000000035       0x36 obj_cooja/mtype779.a(rs232.o)
 .comment       0x0000000000000035       0x36 obj_cooja/mtype779.a(vib-sensor.o)
 .comment       0x0000000000000035       0x36 obj_cooja/mtype779.a(clock.o)
 .comment       0x0000000000000035       0x36 obj_cooja/mtype779.a(log.o)
 .comment       0x0000000000000035       0x36 obj_cooja/mtype779.a(cfs-cooja.o)
 .comment       0x0000000000000035       0x36 obj_cooja/mtype779.a(cooja-radio.o)
 .comment       0x0000000000000035       0x36 obj_cooja/mtype779.a(eeprom.o)
 .comment       0x0000000000000035       0x36 obj_cooja/mtype779.a(slip-arch.o)
 .comment       0x0000000000000035       0x36 obj_cooja/mtype779.a(random.o)
 .comment       0x0000000000000035       0x36 obj_cooja/mtype779.a(sensors.o)
 .comment       0x0000000000000035       0x36 obj_cooja/mtype779.a(autostart.o)
 .comment       0x0000000000000035       0x36 obj_cooja/mtype779.a(ctimer.o)
 .comment       0x0000000000000035       0x36 obj_cooja/mtype779.a(etimer.o)
 .comment       0x0000000000000035       0x36 obj_cooja/mtype779.a(process.o)
 .comment       0x0000000000000035       0x36 obj_cooja/mtype779.a(rtimer.o)
 .comment       0x0000000000000035       0x36 obj_cooja/mtype779.a(timer.o)
 .comment       0x0000000000000035       0x36 obj_cooja/mtype779.a(serial-line.o)
 .comment       0x0000000000000035       0x36 obj_cooja/mtype779.a(ringbuf.o)
 .comment       0x0000000000000035       0x36 obj_cooja/mtype779.a(list.o)
 .comment       0x0000000000000035       0x36 obj_cooja/mtype779.a(memb.o)
 .comment       0x0000000000000035       0x36 obj_cooja/mtype779.a(uip-ds6.o)
 .comment       0x0000000000000035       0x36 obj_cooja/mtype779.a(uip-ds6-route.o)
 .comment       0x0000000000000035       0x36 obj_cooja/mtype779.a(uip6.o)
 .comment       0x0000000000000035       0x36 obj_cooja/mtype779.a(uip-ds6-nbr.o)
 .comment       0x0000000000000035       0x36 obj_cooja/mtype779.a(uip-nd6.o)
 .comment       0x0000000000000035       0x36 obj_cooja/mtype779.a(sicslowpan.o)
 .comment       0x0000000000000035       0x36 obj_cooja/mtype779.a(uip-packetqueue)
 .comment       0x0000000000000035       0x36 obj_cooja/mtype779.a(uip-debug.o)
 .comment       0x0000000000000035       0x36 obj_cooja/mtype779.a(psock.o)
 .comment       0x0000000000000035       0x36 obj_cooja/mtype779.a(tcpip.o)
 .comment       0x0000000000000035       0x36 obj_cooja/mtype779.a(rpl-dag.o)
 .comment       0x0000000000000035       0x36 obj_cooja/mtype779.a(rpl-timers.o)
 .comment       0x0000000000000035       0x36 obj_cooja/mtype779.a(rpl-ext-header.)
 .comment       0x0000000000000035       0x36 obj_cooja/mtype779.a(rpl.o)
 .comment       0x0000000000000035       0x36 obj_cooja/mtype779.a(rpl-mrhof.o)
 .comment       0x0000000000000035       0x36 obj_cooja/mtype779.a(rpl-icmp6.o)
 .comment       0x0000000000000035       0x36 obj_cooja/mtype779.a(queuebuf.o)
 .comment       0x0000000000000035       0x36 obj_cooja/mtype779.a(nbr-table.o)
 .comment       0x0000000000000035       0x36 obj_cooja/mtype779.a(packetbuf.o)
 .comment       0x0000000000000035       0x36 obj_cooja/mtype779.a(netstack.o)
 .comment       0x0000000000000035       0x36 obj_cooja/mtype779.a(linkaddr.o)
 .comment       0x0000000000000035       0x36 obj_cooja/mtype779.a(link-stats.o)
 .comment       0x0000000000000035       0x36 obj_cooja/mtype779.a(csma.o)
 .comment       0x0000000000000035       0x36 obj_cooja/mtype779.a(mac.o)
 .comment       0x0000000000000035       0x36 obj_cooja/mtype779.a(framer-802154.o)
 .comment       0x0000000000000035       0x36 obj_cooja/mtype779.a(nullrdc.o)
 .comment       0x0000000000000035       0x36 obj_cooja/mtype779.a(nullsec.o)
 .comment       0x0000000000000035       0x36 obj_cooja/mtype779.a(watchdog.o)
 .comment       0x0000000000000035       0x36 obj_cooja/mtype779.a(rimestats.o)
 .comment       0x0000000000000035       0x36 obj_cooja/mtype779.a(stimer.o)
 .comment       0x0000000000000035       0x36 obj_cooja/mtype779.a(uip-icmp6.o)
 .comment       0x0000000000000035       0x36 obj_cooja/mtype779.a(rpl-nbr-policy.)
 .comment       0x0000000000000035       0x36 obj_cooja/mtype779.a(mac-sequence.o)
 .comment       0x0000000000000035       0x36 obj_cooja/mtype779.a(frame802154.o)
 .comment       0x0000000000000035       0x36 /usr/lib/gcc/i686-linux-gnu/5/crtendS.o

.debug
 *(.debug)

.line
 *(.line)

.debug_srcinfo
 *(.debug_srcinfo)

.debug_sfnames
 *(.debug_sfnames)

.debug_aranges  0x0000000000000000      0x878
 *(.debug_aranges)
 .debug_aranges
                0x0000000000000000       0x20 border-router.co
 .debug_aranges
                0x0000000000000020       0x20 obj_cooja/mtype779.o
 .debug_aranges
                0x0000000000000040       0x20 obj_cooja/slip-bridge.o
 .debug_aranges
                0x0000000000000060       0x20 obj_cooja/httpd-simple.o
 .debug_aranges
                0x0000000000000080       0x20 obj_cooja/mtype779.a(simEnvChange.o)
 .debug_aranges
                0x00000000000000a0       0x20 obj_cooja/mtype779.a(cooja_mt.o)
 .debug_aranges
                0x00000000000000c0       0x20 obj_cooja/mtype779.a(cooja_mtarch.o)
 .debug_aranges
                0x00000000000000e0       0x20 obj_cooja/mtype779.a(rtimer-arch.o)
 .debug_aranges
                0x0000000000000100       0x20 obj_cooja/mtype779.a(slip.o)
 .debug_aranges
                0x0000000000000120       0x20 obj_cooja/mtype779.a(beep.o)
 .debug_aranges
                0x0000000000000140       0x20 obj_cooja/mtype779.a(button-sensor.o)
 .debug_aranges
                0x0000000000000160       0x20 obj_cooja/mtype779.a(leds-arch.o)
 .debug_aranges
                0x0000000000000180       0x20 obj_cooja/mtype779.a(moteid.o)
 .debug_aranges
                0x00000000000001a0       0x20 obj_cooja/mtype779.a(pir-sensor.o)
 .debug_aranges
                0x00000000000001c0       0x20 obj_cooja/mtype779.a(rs232.o)
 .debug_aranges
                0x00000000000001e0       0x20 obj_cooja/mtype779.a(vib-sensor.o)
 .debug_aranges
                0x0000000000000200       0x20 obj_cooja/mtype779.a(clock.o)
 .debug_aranges
                0x0000000000000220       0x20 obj_cooja/mtype779.a(log.o)
 .debug_aranges
                0x0000000000000240       0x20 obj_cooja/mtype779.a(cfs-cooja.o)
 .debug_aranges
                0x0000000000000260       0x20 obj_cooja/mtype779.a(cooja-radio.o)
 .debug_aranges
                0x0000000000000280       0x20 obj_cooja/mtype779.a(eeprom.o)
 .debug_aranges
                0x00000000000002a0       0x20 obj_cooja/mtype779.a(slip-arch.o)
 .debug_aranges
                0x00000000000002c0       0x20 obj_cooja/mtype779.a(random.o)
 .debug_aranges
                0x00000000000002e0       0x20 obj_cooja/mtype779.a(sensors.o)
 .debug_aranges
                0x0000000000000300       0x20 obj_cooja/mtype779.a(autostart.o)
 .debug_aranges
                0x0000000000000320       0x20 obj_cooja/mtype779.a(ctimer.o)
 .debug_aranges
                0x0000000000000340       0x20 obj_cooja/mtype779.a(etimer.o)
 .debug_aranges
                0x0000000000000360       0x20 obj_cooja/mtype779.a(process.o)
 .debug_aranges
                0x0000000000000380       0x20 obj_cooja/mtype779.a(rtimer.o)
 .debug_aranges
                0x00000000000003a0       0x20 obj_cooja/mtype779.a(timer.o)
 .debug_aranges
                0x00000000000003c0       0x20 obj_cooja/mtype779.a(serial-line.o)
 .debug_aranges
                0x00000000000003e0       0x20 obj_cooja/mtype779.a(ringbuf.o)
 .debug_aranges
                0x0000000000000400       0x20 obj_cooja/mtype779.a(list.o)
 .debug_aranges
                0x0000000000000420       0x20 obj_cooja/mtype779.a(memb.o)
 .debug_aranges
                0x0000000000000440       0x20 obj_cooja/mtype779.a(uip-ds6.o)
 .debug_aranges
                0x0000000000000460       0x20 obj_cooja/mtype779.a(uip-ds6-route.o)
 .debug_aranges
                0x0000000000000480       0x20 obj_cooja/mtype779.a(uip6.o)
 .debug_aranges
                0x00000000000004a0       0x20 obj_cooja/mtype779.a(uip-ds6-nbr.o)
 .debug_aranges
                0x00000000000004c0       0x20 obj_cooja/mtype779.a(uip-nd6.o)
 .debug_aranges
                0x00000000000004e0       0x20 obj_cooja/mtype779.a(sicslowpan.o)
 .debug_aranges
                0x0000000000000500       0x20 obj_cooja/mtype779.a(uip-packetqueue)
 .debug_aranges
                0x0000000000000520       0x20 obj_cooja/mtype779.a(uip-debug.o)
 .debug_aranges
                0x0000000000000540       0x20 obj_cooja/mtype779.a(psock.o)
 .debug_aranges
                0x0000000000000560       0x20 obj_cooja/mtype779.a(tcpip.o)
 .debug_aranges
                0x0000000000000580       0x20 obj_cooja/mtype779.a(rpl-dag.o)
 .debug_aranges
                0x00000000000005a0       0x20 obj_cooja/mtype779.a(rpl-timers.o)
 .debug_aranges
                0x00000000000005c0       0x20 obj_cooja/mtype779.a(rpl-ext-header.)
 .debug_aranges
                0x00000000000005e0       0x20 obj_cooja/mtype779.a(rpl.o)
 .debug_aranges
                0x0000000000000600       0x20 obj_cooja/mtype779.a(rpl-mrhof.o)
 .debug_aranges
                0x0000000000000620       0x20 obj_cooja/mtype779.a(rpl-icmp6.o)
 .debug_aranges
                0x0000000000000640       0x20 obj_cooja/mtype779.a(queuebuf.o)
 .debug_aranges
                0x0000000000000660       0x20 obj_cooja/mtype779.a(nbr-table.o)
 .debug_aranges
                0x0000000000000680       0x20 obj_cooja/mtype779.a(packetbuf.o)
 .debug_aranges
                0x00000000000006a0       0x20 obj_cooja/mtype779.a(netstack.o)
 .debug_aranges
                0x00000000000006c0       0x20 obj_cooja/mtype779.a(linkaddr.o)
 .debug_aranges
                0x00000000000006e0       0x20 obj_cooja/mtype779.a(link-stats.o)
 .debug_aranges
                0x0000000000000700       0x20 obj_cooja/mtype779.a(csma.o)
 .debug_aranges
                0x0000000000000720       0x20 obj_cooja/mtype779.a(mac.o)
 .debug_aranges
                0x0000000000000740       0x20 obj_cooja/mtype779.a(framer-802154.o)
 .debug_aranges
                0x0000000000000760       0x20 obj_cooja/mtype779.a(nullrdc.o)
 .debug_aranges
                0x0000000000000780       0x20 obj_cooja/mtype779.a(nullsec.o)
 .debug_aranges
                0x00000000000007a0       0x20 obj_cooja/mtype779.a(watchdog.o)
 .debug_aranges
                0x00000000000007c0       0x18 obj_cooja/mtype779.a(rimestats.o)
 .debug_aranges
                0x00000000000007d8       0x20 obj_cooja/mtype779.a(stimer.o)
 .debug_aranges
                0x00000000000007f8       0x20 obj_cooja/mtype779.a(uip-icmp6.o)
 .debug_aranges
                0x0000000000000818       0x20 obj_cooja/mtype779.a(rpl-nbr-policy.)
 .debug_aranges
                0x0000000000000838       0x20 obj_cooja/mtype779.a(mac-sequence.o)
 .debug_aranges
                0x0000000000000858       0x20 obj_cooja/mtype779.a(frame802154.o)

.debug_pubnames
 *(.debug_pubnames)

.debug_info     0x0000000000000000    0x1d23a
 *(.debug_info .gnu.linkonce.wi.*)
 .debug_info    0x0000000000000000     0x12b4 border-router.co
 .debug_info    0x00000000000012b4     0x3713 obj_cooja/mtype779.o
 .debug_info    0x00000000000049c7      0x3f8 obj_cooja/slip-bridge.o
 .debug_info    0x0000000000004dbf      0x7e7 obj_cooja/httpd-simple.o
 .debug_info    0x00000000000055a6      0x156 obj_cooja/mtype779.a(simEnvChange.o)
 .debug_info    0x00000000000056fc      0x1de obj_cooja/mtype779.a(cooja_mt.o)
 .debug_info    0x00000000000058da      0x2ea obj_cooja/mtype779.a(cooja_mtarch.o)
 .debug_info    0x0000000000005bc4      0x19e obj_cooja/mtype779.a(rtimer-arch.o)
 .debug_info    0x0000000000005d62      0x4f8 obj_cooja/mtype779.a(slip.o)
 .debug_info    0x000000000000625a      0x1ef obj_cooja/mtype779.a(beep.o)
 .debug_info    0x0000000000006449      0x253 obj_cooja/mtype779.a(button-sensor.o)
 .debug_info    0x000000000000669c      0x12e obj_cooja/mtype779.a(leds-arch.o)
 .debug_info    0x00000000000067ca      0x106 obj_cooja/mtype779.a(moteid.o)
 .debug_info    0x00000000000068d0      0x212 obj_cooja/mtype779.a(pir-sensor.o)
 .debug_info    0x0000000000006ae2      0x21a obj_cooja/mtype779.a(rs232.o)
 .debug_info    0x0000000000006cfc      0x212 obj_cooja/mtype779.a(vib-sensor.o)
 .debug_info    0x0000000000006f0e      0x14e obj_cooja/mtype779.a(clock.o)
 .debug_info    0x000000000000705c      0x2b7 obj_cooja/mtype779.a(log.o)
 .debug_info    0x0000000000007313      0x3cb obj_cooja/mtype779.a(cfs-cooja.o)
 .debug_info    0x00000000000076de      0xbb5 obj_cooja/mtype779.a(cooja-radio.o)
 .debug_info    0x0000000000008293      0x1d1 obj_cooja/mtype779.a(eeprom.o)
 .debug_info    0x0000000000008464       0x8f obj_cooja/mtype779.a(slip-arch.o)
 .debug_info    0x00000000000084f3       0xaf obj_cooja/mtype779.a(random.o)
 .debug_info    0x00000000000085a2      0x369 obj_cooja/mtype779.a(sensors.o)
 .debug_info    0x000000000000890b      0x1a1 obj_cooja/mtype779.a(autostart.o)
 .debug_info    0x0000000000008aac      0x468 obj_cooja/mtype779.a(ctimer.o)
 .debug_info    0x0000000000008f14      0x494 obj_cooja/mtype779.a(etimer.o)
 .debug_info    0x00000000000093a8      0x4a7 obj_cooja/mtype779.a(process.o)
 .debug_info    0x000000000000984f      0x1ab obj_cooja/mtype779.a(rtimer.o)
 .debug_info    0x00000000000099fa      0x168 obj_cooja/mtype779.a(timer.o)
 .debug_info    0x0000000000009b62      0x2d6 obj_cooja/mtype779.a(serial-line.o)
 .debug_info    0x0000000000009e38      0x1a6 obj_cooja/mtype779.a(ringbuf.o)
 .debug_info    0x0000000000009fde      0x2e9 obj_cooja/mtype779.a(list.o)
 .debug_info    0x000000000000a2c7      0x1d3 obj_cooja/mtype779.a(memb.o)