Archive member included because of file (symbol)

contiki-z1.a(contiki-z1-plat)
                              obj_z1/contiki-z1-main.o (init_platform)
contiki-z1.a(msp430.o)        obj_z1/contiki-z1-main.o (splhigh_)
contiki-z1.a(leds.o)          obj_z1/contiki-z1-main.o (leds_init)
contiki-z1.a(watchdog.o)      obj_z1/contiki-z1-main.o (watchdog_start)
contiki-z1.a(xmem.o)          obj_z1/contiki-z1-main.o (xmem_init)
contiki-z1.a(spi.o)           contiki-z1.a(xmem.o) (spi_init)
contiki-z1.a(cc2420.o)        obj_z1/contiki-z1-main.o (cc2420_set_pan_addr)
contiki-z1.a(cc2420-arch.o)   contiki-z1.a(cc2420.o) (cc2420_arch_init)
contiki-z1.a(node-id.o)       obj_z1/contiki-z1-main.o (node_id_restore)
contiki-z1.a(sensors.o)       border-router.co (sensors_event)
contiki-z1.a(button-sensor.o)
                              border-router.co (button_sensor)
contiki-z1.a(uart0.o)         obj_z1/contiki-z1-main.o (uart0_active)
contiki-z1.a(slip.o)          obj_z1/slip-bridge.o (slip_process)
contiki-z1.a(slip_uart0.o)    obj_z1/slip-bridge.o (slip_arch_writeb)
contiki-z1.a(z1-sensors.o)    contiki-z1.a(sensors.o) (sensors_flags)
contiki-z1.a(adxl345.o)       obj_z1/contiki-z1-main.o (adxl345)
contiki-z1.a(tmp102.o)        contiki-z1.a(z1-sensors.o) (tmp102)
contiki-z1.a(clock.o)         obj_z1/contiki-z1-main.o (clock_init)
contiki-z1.a(leds-arch.o)     contiki-z1.a(leds.o) (leds_arch_init)
contiki-z1.a(rtimer-arch.o)   obj_z1/contiki-z1-main.o (rtimer_arch_now)
contiki-z1.a(autostart.o)     obj_z1/contiki-z1-main.o (autostart_start)
contiki-z1.a(ctimer.o)        obj_z1/contiki-z1-main.o (ctimer_init)
contiki-z1.a(energest.o)      obj_z1/contiki-z1-main.o (energest_init)
contiki-z1.a(etimer.o)        contiki-z1.a(clock.o) (etimer_request_poll)
contiki-z1.a(process.o)       border-router.co (process_current)
contiki-z1.a(rtimer.o)        obj_z1/contiki-z1-main.o (rtimer_init)
contiki-z1.a(timer.o)         obj_z1/httpd-simple.o (timer_set)
contiki-z1.a(list.o)          contiki-z1.a(ctimer.o) (list_init)
contiki-z1.a(memb.o)          obj_z1/httpd-simple.o (memb_init)
contiki-z1.a(random.o)        obj_z1/contiki-z1-main.o (random_init)
contiki-z1.a(uip-ds6.o)       border-router.co (uip_ds6_if)
contiki-z1.a(uip-ds6-route.o)
                              contiki-z1.a(uip-ds6.o) (uip_ds6_route_init)
contiki-z1.a(uip6.o)          border-router.co (uip_aligned_buf)
contiki-z1.a(uip-ds6-nbr.o)   border-router.co (ds6_neighbors)
contiki-z1.a(uip-nd6.o)       contiki-z1.a(uip6.o) (uip_nd6_init)
contiki-z1.a(sicslowpan.o)    obj_z1/contiki-z1-main.o (sicslowpan_driver)
contiki-z1.a(uip-debug.o)     border-router.co (uip_debug_ipaddr_print)
contiki-z1.a(psock.o)         border-router.co (psock_send)
contiki-z1.a(tcpip.o)         contiki-z1.a(sicslowpan.o) (tcpip_set_outputfunc)
contiki-z1.a(rpl-dag.o)       border-router.co (rpl_set_prefix)
contiki-z1.a(rpl-timers.o)    contiki-z1.a(rpl-dag.o) (rpl_reset_dio_timer)
contiki-z1.a(rpl-ext-header.)
                              contiki-z1.a(uip6.o) (rpl_verify_hbh_header)
contiki-z1.a(rpl.o)           contiki-z1.a(rpl-timers.o) (rpl_get_mode)
contiki-z1.a(rpl-mrhof.o)     contiki-z1.a(rpl-dag.o) (rpl_mrhof)
contiki-z1.a(rpl-icmp6.o)     contiki-z1.a(rpl-dag.o) (rpl_icmp6_update_nbr_table)
contiki-z1.a(queuebuf.o)      obj_z1/contiki-z1-main.o (queuebuf_init)
contiki-z1.a(nbr-table.o)     contiki-z1.a(uip-ds6-route.o) (nbr_table_register)
contiki-z1.a(packetbuf.o)     contiki-z1.a(cc2420.o) (packetbuf_set_datalen)
contiki-z1.a(linkaddr.o)      obj_z1/contiki-z1-main.o (linkaddr_copy)
contiki-z1.a(link-stats.o)    contiki-z1.a(rpl-dag.o) (link_stats_from_lladdr)
contiki-z1.a(csma.o)          border-router.co (csma_driver)
contiki-z1.a(mac.o)           contiki-z1.a(csma.o) (mac_call_sent_callback)
contiki-z1.a(framer-802154.o)
                              contiki-z1.a(sicslowpan.o) (framer_802154)
contiki-z1.a(nullrdc.o)       obj_z1/contiki-z1-main.o (nullrdc_driver)
contiki-z1.a(nullsec.o)       contiki-z1.a(sicslowpan.o) (nullsec_driver)
contiki-z1.a(i2cmaster.o)     contiki-z1.a(adxl345.o) (i2c_receiveinit)
contiki-z1.a(stimer.o)        contiki-z1.a(uip-ds6.o) (stimer_set)
contiki-z1.a(uip-icmp6.o)     contiki-z1.a(uip6.o) (uip_icmp6_input)
contiki-z1.a(rpl-nbr-policy.)
                              contiki-z1.a(nbr-table.o) (rpl_nbr_policy_find_removable)
contiki-z1.a(frame802154.o)   contiki-z1.a(framer-802154.o) (frame802154_get_pan_id)
/usr/local/bin/../lib/gcc/msp430/4.7.2/mcpu-430x/mmpy-16/msr20/mc20/libgcc.a(_mulsi3.o)
                              contiki-z1.a(rpl-timers.o) (__mulsi3)
/usr/local/bin/../lib/gcc/msp430/4.7.2/mcpu-430x/mmpy-16/msr20/mc20/libgcc.a(_udivmod16.o)
                              contiki-z1.a(rpl-dag.o) (__udivhi3)
/usr/local/bin/../lib/gcc/msp430/4.7.2/mcpu-430x/mmpy-16/msr20/mc20/libgcc.a(_divmod16.o)
                              contiki-z1.a(tmp102.o) (__divhi3)
[...]
Memory Configuration

Name             Origin             Length             Attributes
sfr              0x00000000         0x00000010
peripheral_8bit  0x00000010         0x000000f0
peripheral_16bit 0x00000100         0x00000100
ram_mirror       0x00000200         0x00000800         xw
infomem          0x00001000         0x00000100
infod            0x00001000         0x00000040
infoc            0x00001040         0x00000040
infob            0x00001080         0x00000040
infoa            0x000010c0         0x00000040
ram              0x00001100         0x00002000         xw
rom              0x00003100         0x0000cebe         xr
vectors          0x0000ffc0         0x00000040
far_rom          0x00010000         0x0000a000
bsl              0x00000000         0x00000000
ram2             0x00000000         0x00000000         xw
usbram           0x00000000         0x00000000         xw
*default*        0x00000000         0xffffffff

Linker script and memory map

LOAD /usr/local/bin/../lib/gcc/msp430/4.7.2/mcpu-430x/mmpy-16/msr20/mc20/crt0ivtbl32.o
                0x00000041                __P1SEL2 = 0x41
                0x00000045                __P5SEL2 = 0x45
LOAD border-router.co
LOAD obj_z1/slip-bridge.o
LOAD obj_z1/httpd-simple.o
LOAD obj_z1/contiki-z1-main.o
LOAD contiki-z1.a
LOAD /usr/local/bin/../lib/gcc/msp430/4.7.2/mcpu-430x/mmpy-16/msr20/mc20/libgcc.a
LOAD /usr/local/bin/../lib/gcc/msp430/4.7.2/../../../../msp430/lib/mcpu-430x/mmpy-16/msr20/mc20/libc.a
LOAD /usr/local/bin/../lib/gcc/msp430/4.7.2/mcpu-430x/mmpy-16/msr20/mc20/libgcc.a
LOAD /usr/local/bin/../lib/gcc/msp430/4.7.2/mcpu-430x/mmpy-16/msr20/mc20/libcrt0.a
                0x00000040                PROVIDE (__info_segment_size, 0x40)
                0x00001000                PROVIDE (__infod, 0x1000)
                0x00001040                PROVIDE (__infoc, 0x1040)
                0x00001080                PROVIDE (__infob, 0x1080)
                0x000010c0                PROVIDE (__infoa, 0x10c0)
                0x00000000                __IE1 = 0x0
                0x00000002                __IFG1 = 0x2
                0x00000001                __IE2 = 0x1
                0x00000003                __IFG2 = 0x3
                0x00000006                __UC1IE = 0x6
                0x00000007                __UC1IFG = 0x7
                0x000001a0                __ADC12CTL0 = 0x1a0
                0x000001a2                __ADC12CTL1 = 0x1a2
                0x000001a4                __ADC12IFG = 0x1a4
                0x000001a6                __ADC12IE = 0x1a6
                0x000001a8                __ADC12IV = 0x1a8
                0x00000140                __ADC12MEM0 = 0x140
                0x00000142                __ADC12MEM1 = 0x142
                0x00000144                __ADC12MEM2 = 0x144
                0x00000146                __ADC12MEM3 = 0x146
                0x00000148                __ADC12MEM4 = 0x148
                0x0000014a                __ADC12MEM5 = 0x14a
                0x0000014c                __ADC12MEM6 = 0x14c
                0x0000014e                __ADC12MEM7 = 0x14e
                0x00000150                __ADC12MEM8 = 0x150
                0x00000152                __ADC12MEM9 = 0x152
                0x00000154                __ADC12MEM10 = 0x154
                0x00000156                __ADC12MEM11 = 0x156
                0x00000158                __ADC12MEM12 = 0x158
                0x0000015a                __ADC12MEM13 = 0x15a
                0x0000015c                __ADC12MEM14 = 0x15c
                0x0000015e                __ADC12MEM15 = 0x15e
                0x00000080                __ADC12MCTL0 = 0x80
                0x00000081                __ADC12MCTL1 = 0x81
                0x00000082                __ADC12MCTL2 = 0x82
                0x00000083                __ADC12MCTL3 = 0x83
                0x00000084                __ADC12MCTL4 = 0x84
                0x00000085                __ADC12MCTL5 = 0x85
                0x00000086                __ADC12MCTL6 = 0x86
                0x00000087                __ADC12MCTL7 = 0x87
                0x00000088                __ADC12MCTL8 = 0x88
                0x00000089                __ADC12MCTL9 = 0x89
                0x0000008a                __ADC12MCTL10 = 0x8a
                0x0000008b                __ADC12MCTL11 = 0x8b
                0x0000008c                __ADC12MCTL12 = 0x8c
                0x0000008d                __ADC12MCTL13 = 0x8d
                0x0000008e                __ADC12MCTL14 = 0x8e
                0x0000008f                __ADC12MCTL15 = 0x8f
                0x00000056                __DCOCTL = 0x56
                0x00000057                __BCSCTL1 = 0x57
                0x00000058                __BCSCTL2 = 0x58
                0x00000053                __BCSCTL3 = 0x53
                0x00000059                __CACTL1 = 0x59
                0x0000005a                __CACTL2 = 0x5a
                0x0000005b                __CAPD = 0x5b
                0x000001c0                __DAC12_0CTL = 0x1c0
                0x000001c2                __DAC12_1CTL = 0x1c2
                0x000001c8                __DAC12_0DAT = 0x1c8
                0x000001ca                __DAC12_1DAT = 0x1ca
                0x00000122                __DMACTL0 = 0x122
                0x00000124                __DMACTL1 = 0x124
                0x00000126                __DMAIV = 0x126
                0x000001d0                __DMA0CTL = 0x1d0
                0x000001dc                __DMA1CTL = 0x1dc
                0x000001e8                __DMA2CTL = 0x1e8
                0x000001d2                __DMA0SA = 0x1d2
                0x000001d2                __DMA0SAL = 0x1d2
                0x000001d6                __DMA0DA = 0x1d6
                0x000001d6                __DMA0DAL = 0x1d6
                0x000001da                __DMA0SZ = 0x1da
                0x000001de                __DMA1SA = 0x1de
                0x000001de                __DMA1SAL = 0x1de
                0x000001e2                __DMA1DA = 0x1e2
                0x000001e2                __DMA1DAL = 0x1e2
                0x000001e6                __DMA1SZ = 0x1e6
                0x000001ea                __DMA2SA = 0x1ea
                0x000001ea                __DMA2SAL = 0x1ea
                0x000001ee                __DMA2DA = 0x1ee
                0x000001ee                __DMA2DAL = 0x1ee
                0x000001f2                __DMA2SZ = 0x1f2
                0x00000128                __FCTL1 = 0x128
                0x0000012a                __FCTL2 = 0x12a
                0x0000012c                __FCTL3 = 0x12c
                0x000001be                __FCTL4 = 0x1be
                0x00000130                __MPY = 0x130
                0x00000132                __MPYS = 0x132
                0x00000134                __MAC = 0x134
                0x00000136                __MACS = 0x136
                0x00000138                __OP2 = 0x138
                0x0000013a                __RESLO = 0x13a
                0x0000013c                __RESHI = 0x13c
                0x0000013e                __SUMEXT = 0x13e
                0x00000020                __P1IN = 0x20
                0x00000021                __P1OUT = 0x21
                0x00000022                __P1DIR = 0x22
                0x00000023                __P1IFG = 0x23
                0x00000024                __P1IES = 0x24
                0x00000025                __P1IE = 0x25
                0x00000026                __P1SEL = 0x26
                0x00000027                __P1REN = 0x27
                0x00000028                __P2IN = 0x28
                0x00000029                __P2OUT = 0x29
                0x0000002a                __P2DIR = 0x2a
                0x0000002b                __P2IFG = 0x2b
                0x0000002c                __P2IES = 0x2c
                0x0000002d                __P2IE = 0x2d
                0x0000002e                __P2SEL = 0x2e
                0x0000002f                __P2REN = 0x2f
                0x00000018                __P3IN = 0x18
                0x00000019                __P3OUT = 0x19
                0x0000001a                __P3DIR = 0x1a
                0x0000001b                __P3SEL = 0x1b
                0x00000010                __P3REN = 0x10
                0x0000001c                __P4IN = 0x1c
                0x0000001d                __P4OUT = 0x1d
                0x0000001e                __P4DIR = 0x1e
                0x0000001f                __P4SEL = 0x1f
                0x00000011                __P4REN = 0x11
                0x00000030                __P5IN = 0x30
                0x00000031                __P5OUT = 0x31
                0x00000032                __P5DIR = 0x32
                0x00000033                __P5SEL = 0x33
                0x00000012                __P5REN = 0x12
                0x00000034                __P6IN = 0x34
                0x00000035                __P6OUT = 0x35
                0x00000036                __P6DIR = 0x36
                0x00000037                __P6SEL = 0x37
                0x00000013                __P6REN = 0x13
                0x00000038                __P7IN = 0x38
                0x0000003a                __P7OUT = 0x3a
                0x0000003c                __P7DIR = 0x3c
                0x0000003e                __P7SEL = 0x3e
                0x00000014                __P7REN = 0x14
                0x00000039                __P8IN = 0x39
                0x0000003b                __P8OUT = 0x3b
                0x0000003d                __P8DIR = 0x3d
                0x0000003f                __P8SEL = 0x3f
                0x00000015                __P8REN = 0x15
                0x00000038                __PAIN = 0x38
                0x0000003a                __PAOUT = 0x3a
                0x0000003c                __PADIR = 0x3c
                0x0000003e                __PASEL = 0x3e
                0x00000014                __PAREN = 0x14
                0x00000055                __SVSCTL = 0x55
                0x0000012e                __TAIV = 0x12e
                0x00000160                __TACTL = 0x160
                0x00000162                __TACCTL0 = 0x162
                0x00000164                __TACCTL1 = 0x164
                0x00000166                __TACCTL2 = 0x166
                0x00000170                __TAR = 0x170
                0x00000172                __TACCR0 = 0x172
                0x00000174                __TACCR1 = 0x174
                0x00000176                __TACCR2 = 0x176
                0x0000011e                __TBIV = 0x11e
                0x00000180                __TBCTL = 0x180
                0x00000182                __TBCCTL0 = 0x182
                0x00000184                __TBCCTL1 = 0x184
                0x00000186                __TBCCTL2 = 0x186
                0x00000188                __TBCCTL3 = 0x188
                0x0000018a                __TBCCTL4 = 0x18a
                0x0000018c                __TBCCTL5 = 0x18c
                0x0000018e                __TBCCTL6 = 0x18e
                0x00000190                __TBR = 0x190
                0x00000192                __TBCCR0 = 0x192
                0x00000194                __TBCCR1 = 0x194
                0x00000196                __TBCCR2 = 0x196
                0x00000198                __TBCCR3 = 0x198
                0x0000019a                __TBCCR4 = 0x19a
                0x0000019c                __TBCCR5 = 0x19c
                0x0000019e                __TBCCR6 = 0x19e
                0x00000060                __UCA0CTL0 = 0x60
                0x00000061                __UCA0CTL1 = 0x61
                0x00000062                __UCA0BR0 = 0x62
                0x00000063                __UCA0BR1 = 0x63
                0x00000064                __UCA0MCTL = 0x64
                0x00000065                __UCA0STAT = 0x65
                0x00000066                __UCA0RXBUF = 0x66
                0x00000067                __UCA0TXBUF = 0x67
                0x0000005d                __UCA0ABCTL = 0x5d
                0x0000005e                __UCA0IRTCTL = 0x5e
                0x0000005f                __UCA0IRRCTL = 0x5f
                0x00000068                __UCB0CTL0 = 0x68
                0x00000069                __UCB0CTL1 = 0x69
                0x0000006a                __UCB0BR0 = 0x6a
                0x0000006b                __UCB0BR1 = 0x6b
                0x0000006c                __UCB0I2CIE = 0x6c
                0x0000006d                __UCB0STAT = 0x6d
                0x0000006e                __UCB0RXBUF = 0x6e
                0x0000006f                __UCB0TXBUF = 0x6f
                0x00000118                __UCB0I2COA = 0x118
                0x0000011a                __UCB0I2CSA = 0x11a
                0x000000d0                __UCA1CTL0 = 0xd0
                0x000000d1                __UCA1CTL1 = 0xd1
                0x000000d2                __UCA1BR0 = 0xd2
                0x000000d3                __UCA1BR1 = 0xd3
                0x000000d4                __UCA1MCTL = 0xd4
                0x000000d5                __UCA1STAT = 0xd5
                0x000000d6                __UCA1RXBUF = 0xd6
                0x000000d7                __UCA1TXBUF = 0xd7
                0x000000cd                __UCA1ABCTL = 0xcd
                0x000000ce                __UCA1IRTCTL = 0xce
                0x000000cf                __UCA1IRRCTL = 0xcf
                0x000000d8                __UCB1CTL0 = 0xd8
                0x000000d9                __UCB1CTL1 = 0xd9
                0x000000da                __UCB1BR0 = 0xda
                0x000000db                __UCB1BR1 = 0xdb
                0x000000dc                __UCB1I2CIE = 0xdc
                0x000000dd                __UCB1STAT = 0xdd
                0x000000de                __UCB1RXBUF = 0xde
                0x000000df                __UCB1TXBUF = 0xdf
                0x0000017c                __UCB1I2COA = 0x17c
                0x0000017e                __UCB1I2CSA = 0x17e
                0x00000120                __WDTCTL = 0x120
                0x000010c0                __TLV_CHECKSUM = 0x10c0
                0x000010f6                __TLV_DCO_30_TAG = 0x10f6
                0x000010f7                __TLV_DCO_30_LEN = 0x10f7
                0x000010da                __TLV_ADC12_1_TAG = 0x10da
                0x000010db                __TLV_ADC12_1_LEN = 0x10db
                0x000010f8                __CALDCO_16MHZ = 0x10f8
                0x000010f9                __CALBC1_16MHZ = 0x10f9
                0x000010fa                __CALDCO_12MHZ = 0x10fa
                0x000010fb                __CALBC1_12MHZ = 0x10fb
                0x000010fc                __CALDCO_8MHZ = 0x10fc
                0x000010fd                __CALBC1_8MHZ = 0x10fd
                0x000010fe                __CALDCO_1MHZ = 0x10fe
                0x000010ff                __CALBC1_1MHZ = 0x10ff

.hash
 *(.hash)

.dynsym
 *(.dynsym)

.dynstr
 *(.dynstr)

.gnu.version
 *(.gnu.version)

.gnu.version_d
 *(.gnu.version_d)

.gnu.version_r
 *(.gnu.version_r)

.rel.init
 *(.rel.init)

.rela.init
 *(.rela.init)

.rel.fini
 *(.rel.fini)

.rela.fini
 *(.rela.fini)

.rel.text
 *(.rel.text .rel.text.* .rel.gnu.linkonce.t.*)

.rela.text
 *(.rela.text .rela.text.* .rela.gnu.linkonce.t.*)

.rel.rodata
 *(.rel.rodata .rel.rodata.* .rel.gnu.linkonce.r.*)

.rela.rodata
 *(.rela.rodata .rela.rodata.* .rela.gnu.linkonce.r.*)

.rel.data
 *(.rel.data .rel.data.* .rel.gnu.linkonce.d.*)

.rela.data
 *(.rela.data .rela.data.* .rela.gnu.linkonce.d.*)

.rel.bss
 *(.rel.bss .rel.bss.* .rel.gnu.linkonce.b.*)

.rela.bss
 *(.rela.bss .rela.bss.* .rela.gnu.linkonce.b.*)

.rel.ctors
 *(.rel.ctors)

.rela.ctors
 *(.rela.ctors)

.rel.dtors
 *(.rel.dtors)

.rela.dtors
 *(.rela.dtors)

.rel.got
 *(.rel.got)

.rela.got
 *(.rela.got)

.rel.plt
 *(.rel.plt)

.rela.plt
 *(.rela.plt)

.text           0x00003100     0xb234
                0x00003100                . = ALIGN (0x2)
 *(.init .init.*)
 *(.init0)
 .init0         0x00003100        0x0 /usr/local/bin/../lib/gcc/msp430/4.7.2/mcpu-430x/mmpy-16/msr20/mc20/libcrt0.a(_reset_vector__.o)
                0x00003100                _reset_vector__
 *(.init1)
 .init1         0x00003100        0xc /usr/local/bin/../lib/gcc/msp430/4.7.2/mcpu-430x/mmpy-16/msr20/mc20/libcrt0.a(__watchdog_support.o)
                0x00003100                __watchdog_support
 *(.init2)
 .init2         0x0000310c        0x4 /usr/local/bin/../lib/gcc/msp430/4.7.2/mcpu-430x/mmpy-16/msr20/mc20/libcrt0.a(__init_stack.o)
                0x0000310c                __init_stack
 *(.init3)
 .init3         0x00003110        0x0 /usr/local/bin/../lib/gcc/msp430/4.7.2/mcpu-430x/mmpy-16/msr20/mc20/libcrt0.a(__low_level_init.o)
                0x00003110                __low_level_init
 *(.init4)
 .init4         0x00003110       0x18 /usr/local/bin/../lib/gcc/msp430/4.7.2/mcpu-430x/mmpy-16/msr20/mc20/libcrt0.a(_copy_data.o)
                0x00003110                __do_copy_data
 .init4         0x00003128       0x16 /usr/local/bin/../lib/gcc/msp430/4.7.2/mcpu-430x/mmpy-16/msr20/mc20/libcrt0.a(_clear_bss.o)
                0x00003128                __do_clear_bss
 *(.init5)
 *(.init6)
 *(.init7)
 *(.init8)
 *(.init9)
 .init9         0x0000313e      0x348 obj_z1/contiki-z1-main.o
                0x0000313e                main
 *(.fini9)
 .fini9         0x00003486        0x0 /usr/local/bin/../lib/gcc/msp430/4.7.2/mcpu-430x/mmpy-16/msr20/mc20/libcrt0.a(__stop_progExec__.o)
                0x00003486                __stop_progExec__
 *(.fini8)
 *(.fini7)
 *(.fini6)
 *(.fini5)
 *(.fini4)
 *(.fini3)
 *(.fini2)
 *(.fini1)
 *(.fini0)
 .fini0         0x00003486        0x6 /usr/local/bin/../lib/gcc/msp430/4.7.2/mcpu-430x/mmpy-16/msr20/mc20/libcrt0.a(_endless_loop__.o)
                0x00003486                _endless_loop__
 *(.fini .fini.*)
                0x0000348c                . = ALIGN (0x2)
                0x0000348c                __ctors_start = .
 *(.ctors)
                0x0000348c                __ctors_end = .
                0x0000348c                __dtors_start = .
 *(.dtors)
                0x0000348c                __dtors_end = .
                0x0000348c                . = ALIGN (0x2)
 *(.text .text.* .gnu.linkonce.t.*)
 .text          0x0000348c        0x4 /usr/local/bin/../lib/gcc/msp430/4.7.2/mcpu-430x/mmpy-16/msr20/mc20/crt0ivtbl32.o
                0x0000348c                __isr_14
                0x0000348c                __isr_4
                0x0000348c                __isr_29
                0x0000348c                __isr_11
                0x0000348c                __isr_5
                0x0000348c                __isr_2
                0x0000348c                __isr_10
                0x0000348c                __isr_7
                0x0000348c                __isr_0
                0x0000348c                __isr_28
                0x0000348c                __isr_8
                0x0000348c                __isr_20
                0x0000348c                __isr_3
                0x0000348c                __isr_12
                0x0000348c                __isr_13
                0x0000348c                __isr_27
                0x0000348c                __isr_9
                0x0000348c                __isr_30
                0x0000348c                __isr_6
                0x0000348c                __isr_22
                0x0000348c                __isr_1
                0x0000348c                __isr_15
                0x0000348c                __isr_21
 .text.libgcc   0x00003490       0x26 /usr/local/bin/../lib/gcc/msp430/4.7.2/mcpu-430x/mmpy-16/msr20/mc20/libgcc.a(_mulsi3.o)
                0x00003490                __mulsi3
 .text.libgcc   0x000034b6       0x22 /usr/local/bin/../lib/gcc/msp430/4.7.2/mcpu-430x/mmpy-16/msr20/mc20/libgcc.a(_udivmod16.o)
                0x000034b6                __udivhi3
                0x000034b6                __ext_udivmod16
                0x000034d0                __umodhi3
 .text.libgcc   0x000034d8       0x3a /usr/local/bin/../lib/gcc/msp430/4.7.2/mcpu-430x/mmpy-16/msr20/mc20/libgcc.a(_divmod16.o)
                0x000034d8                __ext_divmod16
                0x000034d8                __divhi3
                0x0000350a                __modhi3
 .text.libgcc   0x00003512       0x38 /usr/local/bin/../lib/gcc/msp430/4.7.2/mcpu-430x/mmpy-16/msr20/mc20/libgcc.a(_udivmod32.o)
                0x00003512                __udivsi3
                0x00003512                __ext_udivmod32
                0x00003540                __umodsi3
 .text.libgcc   0x0000354a       0x4c /usr/local/bin/../lib/gcc/msp430/4.7.2/mcpu-430x/mmpy-16/msr20/mc20/libgcc.a(_divmod32.o)
                0x0000354a                __ext_divmod32
                0x0000354a                __divsi3
                0x0000358c                __modsi3
 .text.libgcc   0x00003596       0xbc /usr/local/bin/../lib/gcc/msp430/4.7.2/mcpu-430x/mmpy-16/msr20/mc20/libgcc.a(_udivmod64.o)
                0x00003596                __xabi_udivmod64
                0x000035e8                __udivdi3
                0x00003602                __umoddi3
                0x00003624                __udivmoddi4
 .text.crt0     0x00003652        0x2 /usr/local/bin/../lib/gcc/msp430/4.7.2/mcpu-430x/mmpy-16/msr20/mc20/libcrt0.a(_unexpected_.o)
                0x00003652                _unexpected_
 *(.near.text .near.text.*)
 .near.text.watchdog_interrupt
                0x00003654        0x6 contiki-z1.a(watchdog.o)
                0x00003654                __isr_26
                0x00003654                watchdog_interrupt
 .near.text.irq_p2
                0x0000365a       0x76 contiki-z1.a(button-sensor.o)
                0x0000365a                irq_p2
                0x0000365a                __isr_19
 .near.text.uart0_rx_interrupt
                0x000036d0       0x64 contiki-z1.a(uart0.o)
                0x000036d0                __isr_23
                0x000036d0                uart0_rx_interrupt
 .near.text.port1_isr
                0x00003734       0xbe contiki-z1.a(adxl345.o)
                0x00003734                port1_isr
                0x00003734                __isr_18
 .near.text.timera1
                0x000037f2      0x10a contiki-z1.a(clock.o)
                0x000037f2                __isr_24
                0x000037f2                timera1
 .near.text.timera0
                0x000038fc       0x5c contiki-z1.a(rtimer-arch.o)
                0x000038fc                __isr_25
                0x000038fc                timera0
 .near.text.i2c_tx_interrupt
                0x00003958       0x84 contiki-z1.a(i2cmaster.o)
                0x00003958                __isr_16
                0x00003958                i2c_tx_interrupt
 .near.text.i2c_rx_interrupt
                0x000039dc       0x14 contiki-z1.a(i2cmaster.o)
                0x000039dc                i2c_rx_interrupt
                0x000039dc                __isr_17
 .any.text.process_thread_webserver_nogui_process
                0x000039f0       0x40 border-router.co
 .any.text.ipaddr_add
                0x00003a30       0xb6 border-router.co
 .any.text.generate_routes
                0x00003ae6      0x288 border-router.co
 .any.text.httpd_simple_get_script
                0x00003d6e        0x6 border-router.co
                0x00003d6e                httpd_simple_get_script
 .any.text.request_prefix
                0x00003d74       0x22 border-router.co
                0x00003d74                request_prefix
 .any.text.process_thread_border_router_process
                0x00003d96      0x10c border-router.co
 .any.text.set_prefix_64
                0x00003ea2       0x5e border-router.co
                0x00003ea2                set_prefix_64
 .any.text.init
                0x00003f00       0x1e obj_z1/slip-bridge.o
 .any.text.slip_input_callback
                0x00003f1e       0xd8 obj_z1/slip-bridge.o
 .any.text.output
                0x00003ff6       0x4a obj_z1/slip-bridge.o
 .any.text.putchar
                0x00004040       0x3c obj_z1/slip-bridge.o
                0x00004040                putchar
 .any.text.handle_input
                0x0000407c       0xee obj_z1/httpd-simple.o
 .any.text.send_headers
                0x0000416a       0x6a obj_z1/httpd-simple.o
 .any.text.handle_output
                0x000041d4       0xf8 obj_z1/httpd-simple.o
 .any.text.httpd_appcall
                0x000042cc       0xd2 obj_z1/httpd-simple.o
                0x000042cc                httpd_appcall
 .any.text.httpd_init
                0x0000439e       0x12 obj_z1/httpd-simple.o
                0x0000439e                httpd_init
 .any.text.init_platform
                0x000043b0        0xc contiki-z1.a(contiki-z1-plat)
                0x000043b0                init_platform
 .any.text.msp430_init_dco
                0x000043bc       0x28 contiki-z1.a(msp430.o)
                0x000043bc                msp430_init_dco
 .any.text.splhigh_
                0x000043e4        0x8 contiki-z1.a(msp430.o)
                0x000043e4                splhigh_
 .any.text.msp430_sync_dco
                0x000043ec       0x6e contiki-z1.a(msp430.o)
                0x000043ec                msp430_sync_dco
 .any.text.msp430_cpu_init
                0x0000445a       0x2e contiki-z1.a(msp430.o)
                0x0000445a                msp430_cpu_init
 .any.text.show_leds
                0x00004488       0xe8 contiki-z1.a(leds.o)
 .any.text.leds_init
                0x00004570        0xa contiki-z1.a(leds.o)
                0x00004570                leds_init
 .any.text.leds_on
                0x0000457a        0xa contiki-z1.a(leds.o)
                0x0000457a                leds_on
 .any.text.leds_off
                0x00004584        0xe contiki-z1.a(leds.o)
                0x00004584                leds_off
 .any.text.watchdog_start
                0x00004592       0x14 contiki-z1.a(watchdog.o)
                0x00004592                watchdog_start
 .any.text.watchdog_periodic
                0x000045a6       0x12 contiki-z1.a(watchdog.o)
                0x000045a6                watchdog_periodic
 .any.text.watchdog_stop
                0x000045b8       0x16 contiki-z1.a(watchdog.o)
                0x000045b8                watchdog_stop
 .any.text.watchdog_init
                0x000045ce       0x12 contiki-z1.a(watchdog.o)
                0x000045ce                watchdog_init
 .any.text.wait_ready
                0x000045e0       0x46 contiki-z1.a(xmem.o)
 .any.text.xmem_init
                0x00004626       0x1e contiki-z1.a(xmem.o)
                0x00004626                xmem_init
 .any.text.xmem_pread
                0x00004644       0xc0 contiki-z1.a(xmem.o)
                0x00004644                xmem_pread
 .any.text.spi_init
                0x00004704       0x32 contiki-z1.a(spi.o)
                0x00004704                spi_init
 .any.text.get_object
                0x00004736        0x4 contiki-z1.a(cc2420.o)
 .any.text.set_object
                0x0000473a        0x4 contiki-z1.a(cc2420.o)
 .any.text.strobe
                0x0000473e       0x1a contiki-z1.a(cc2420.o)
 .any.text.getreg
                0x00004758       0x46 contiki-z1.a(cc2420.o)
 .any.text.setreg
                0x0000479e       0x44 contiki-z1.a(cc2420.o)
 .any.text.write_ram
                0x000047e2       0x72 contiki-z1.a(cc2420.o)
 .any.text.write_fifo_buf
                0x00004854       0x38 contiki-z1.a(cc2420.o)
 .any.text.get_status
                0x0000488c       0x1e contiki-z1.a(cc2420.o)
 .any.text.set_txpower
                0x000048aa       0x24 contiki-z1.a(cc2420.o)
 .any.text.cc2420_receiving_packet
                0x000048ce        0xa contiki-z1.a(cc2420.o)
 .any.text.pending_packet
                0x000048d8        0xa contiki-z1.a(cc2420.o)
 .any.text.on   0x000048e2       0x26 contiki-z1.a(cc2420.o)
 .any.text.wait_for_transmission
                0x00004908       0x22 contiki-z1.a(cc2420.o)
 .any.text.wait_for_status
                0x0000492a       0x24 contiki-z1.a(cc2420.o)
 .any.text.getrxdata
                0x0000494e       0x4c contiki-z1.a(cc2420.o)
 .any.text.flushrx
                0x0000499a       0x1a contiki-z1.a(cc2420.o)
 .any.text.off  0x000049b4       0x5a contiki-z1.a(cc2420.o)
 .any.text.RELEASE_LOCK
                0x00004a0e       0x28 contiki-z1.a(cc2420.o)
 .any.text.set_frame_filtering
                0x00004a36       0x30 contiki-z1.a(cc2420.o)
 .any.text.set_auto_ack
                0x00004a66       0x30 contiki-z1.a(cc2420.o)
 .any.text.set_poll_mode
                0x00004a96       0x2c contiki-z1.a(cc2420.o)
 .any.text.cc2420_prepare
                0x00004ac2       0x38 contiki-z1.a(cc2420.o)
 .any.text.cc2420_on
                0x00004afa       0x22 contiki-z1.a(cc2420.o)
                0x00004afa                cc2420_on
 .any.text.cc2420_off
                0x00004b1c       0x30 contiki-z1.a(cc2420.o)
                0x00004b1c                cc2420_off
 .any.text.cc2420_cca
                0x00004b4c       0x54 contiki-z1.a(cc2420.o)
 .any.text.cc2420_read
                0x00004ba0       0xb8 contiki-z1.a(cc2420.o)
 .any.text.process_thread_cc2420_process
                0x00004c58       0x5c contiki-z1.a(cc2420.o)
 .any.text.cc2420_set_channel
                0x00004cb4       0x3a contiki-z1.a(cc2420.o)
                0x00004cb4                cc2420_set_channel
 .any.text.cc2420_set_pan_addr
                0x00004cee       0x4c contiki-z1.a(cc2420.o)
                0x00004cee                cc2420_set_pan_addr
 .any.text.cc2420_interrupt
                0x00004d3a       0x16 contiki-z1.a(cc2420.o)
                0x00004d3a                cc2420_interrupt
 .any.text.cc2420_set_txpower
                0x00004d50        0xe contiki-z1.a(cc2420.o)
                0x00004d50                cc2420_set_txpower
 .any.text.cc2420_get_txpower
                0x00004d5e       0x1e contiki-z1.a(cc2420.o)
                0x00004d5e                cc2420_get_txpower
 .any.text.cc2420_transmit
                0x00004d7c      0x10e contiki-z1.a(cc2420.o)
 .any.text.cc2420_send
                0x00004e8a       0x12 contiki-z1.a(cc2420.o)
 .any.text.cc2420_rssi
                0x00004e9c       0x48 contiki-z1.a(cc2420.o)
                0x00004e9c                cc2420_rssi
 .any.text.get_value
                0x00004ee4      0x104 contiki-z1.a(cc2420.o)
 .any.text.cc2420_set_cca_threshold
                0x00004fe8       0x16 contiki-z1.a(cc2420.o)
                0x00004fe8                cc2420_set_cca_threshold
 .any.text.set_value
                0x00004ffe       0xb2 contiki-z1.a(cc2420.o)
 .any.text.cc2420_init
                0x000050b0       0xea contiki-z1.a(cc2420.o)
                0x000050b0                cc2420_init
 .any.text.cc2420_arch_init
                0x0000519a       0x1a contiki-z1.a(cc2420-arch.o)
                0x0000519a                cc2420_arch_init
 .any.text.node_id_restore
                0x000051b4       0x4c contiki-z1.a(node-id.o)
                0x000051b4                node_id_restore
 .any.text.process_thread_sensors_process
                0x00005200       0xc2 contiki-z1.a(sensors.o)
 .any.text.sensors_changed
                0x000052c2       0x2a contiki-z1.a(sensors.o)
                0x000052c2                sensors_changed
 .any.text.status
                0x000052ec       0x18 contiki-z1.a(button-sensor.o)
 .any.text.value
                0x00005304       0x20 contiki-z1.a(button-sensor.o)
 .any.text.configure
                0x00005324       0x4e contiki-z1.a(button-sensor.o)
 .any.text.uart0_active
                0x00005372        0xe contiki-z1.a(uart0.o)
                0x00005372                uart0_active
 .any.text.uart0_set_input
                0x00005380        0x6 contiki-z1.a(uart0.o)
                0x00005380                uart0_set_input
 .any.text.uart0_writeb
                0x00005386       0x16 contiki-z1.a(uart0.o)
                0x00005386                uart0_writeb
 .any.text.uart0_init
                0x0000539c       0x4e contiki-z1.a(uart0.o)
                0x0000539c                uart0_init
 .any.text.process_thread_slip_process
                0x000053ea      0x21c contiki-z1.a(slip.o)
 .any.text.slip_set_input_callback
                0x00005606        0x6 contiki-z1.a(slip.o)
                0x00005606                slip_set_input_callback
 .any.text.slip_send
                0x0000560c       0x5a contiki-z1.a(slip.o)
                0x0000560c                slip_send
 .any.text.slip_input_byte
                0x00005666       0xa6 contiki-z1.a(slip.o)
                0x00005666                slip_input_byte
 .any.text.slip_arch_writeb
                0x0000570c        0x6 contiki-z1.a(slip_uart0.o)
                0x0000570c                slip_arch_writeb
 .any.text.slip_arch_init
                0x00005712        0xa contiki-z1.a(slip_uart0.o)
                0x00005712                slip_arch_init
 .any.text.status
                0x0000571c       0x12 contiki-z1.a(adxl345.o)
 .any.text.accm_write_reg
                0x0000572e       0x2e contiki-z1.a(adxl345.o)
 .any.text.accm_write_stream
                0x0000575c       0x2a contiki-z1.a(adxl345.o)
 .any.text.accm_read_reg
                0x00005786       0x54 contiki-z1.a(adxl345.o)
 .any.text.process_thread_accmeter_process
                0x000057da       0x56 contiki-z1.a(adxl345.o)
 .any.text.accm_read_axis.part.0
                0x00005830       0x5a contiki-z1.a(adxl345.o)
 .any.text.value
                0x0000588a       0x1e contiki-z1.a(adxl345.o)
 .any.text.accm_init
                0x000058a8       0x78 contiki-z1.a(adxl345.o)
                0x000058a8                accm_init
 .any.text.accm_stop
                0x00005920       0x32 contiki-z1.a(adxl345.o)
                0x00005920                accm_stop
 .any.text.configure
                0x00005952       0x26 contiki-z1.a(adxl345.o)
 .any.text.status
                0x00005978       0x12 contiki-z1.a(tmp102.o)
 .any.text.tmp102_init
                0x0000598a       0x24 contiki-z1.a(tmp102.o)
                0x0000598a                tmp102_init
 .any.text.tmp102_stop
                0x000059ae        0xa contiki-z1.a(tmp102.o)
                0x000059ae                tmp102_stop
 .any.text.configure
                0x000059b8       0x26 contiki-z1.a(tmp102.o)
 .any.text.tmp102_read_reg
                0x000059de       0x5e contiki-z1.a(tmp102.o)
                0x000059de                tmp102_read_reg
 .any.text.tmp102_read_temp_x100
                0x00005a3c       0x58 contiki-z1.a(tmp102.o)
                0x00005a3c                tmp102_read_temp_x100
 .any.text.value
                0x00005a94        0x6 contiki-z1.a(tmp102.o)
 .any.text.clock_time
                0x00005a9a       0x1a contiki-z1.a(clock.o)
                0x00005a9a                clock_time
 .any.text.clock_init
                0x00005ab4       0x28 contiki-z1.a(clock.o)
                0x00005ab4                clock_init
 .any.text.clock_delay
                0x00005adc        0xc contiki-z1.a(clock.o)
                0x00005adc                clock_delay
 .any.text.clock_wait
                0x00005ae8       0x24 contiki-z1.a(clock.o)
                0x00005ae8                clock_wait
 .any.text.clock_seconds
                0x00005b0c       0x1a contiki-z1.a(clock.o)
                0x00005b0c                clock_seconds
 .any.text.leds_arch_init
                0x00005b26        0xe contiki-z1.a(leds-arch.o)
                0x00005b26                leds_arch_init
 .any.text.leds_arch_set
                0x00005b34       0x38 contiki-z1.a(leds-arch.o)
                0x00005b34                leds_arch_set
 .any.text.rtimer_arch_init
                0x00005b6c        0xe contiki-z1.a(rtimer-arch.o)
                0x00005b6c                rtimer_arch_init
 .any.text.rtimer_arch_now
                0x00005b7a        0xe contiki-z1.a(rtimer-arch.o)
                0x00005b7a                rtimer_arch_now
 .any.text.rtimer_arch_schedule
                0x00005b88        0x6 contiki-z1.a(rtimer-arch.o)
                0x00005b88                rtimer_arch_schedule
 .any.text.autostart_start
                0x00005b8e       0x16 contiki-z1.a(autostart.o)
                0x00005b8e                autostart_start
 .any.text.process_thread_ctimer_process
                0x00005ba4       0xa0 contiki-z1.a(ctimer.o)
 .any.text.ctimer_init
                0x00005c44       0x18 contiki-z1.a(ctimer.o)
                0x00005c44                ctimer_init
 .any.text.ctimer_set_with_process
                0x00005c5c       0x4a contiki-z1.a(ctimer.o)
                0x00005c5c                ctimer_set_with_process
 .any.text.ctimer_set
                0x00005ca6       0x10 contiki-z1.a(ctimer.o)
                0x00005ca6                ctimer_set
 .any.text.ctimer_reset
                0x00005cb6       0x2c contiki-z1.a(ctimer.o)
                0x00005cb6                ctimer_reset
 .any.text.ctimer_restart
                0x00005ce2       0x2c contiki-z1.a(ctimer.o)
                0x00005ce2                ctimer_restart
 .any.text.ctimer_stop
                0x00005d0e       0x28 contiki-z1.a(ctimer.o)
                0x00005d0e                ctimer_stop
 .any.text.energest_init
                0x00005d36       0x24 contiki-z1.a(energest.o)
                0x00005d36                energest_init
 .any.text.energest_type_time
                0x00005d5a       0x3c contiki-z1.a(energest.o)
                0x00005d5a                energest_type_time
 .any.text.energest_type_set
                0x00005d96        0xc contiki-z1.a(energest.o)
                0x00005d96                energest_type_set
 .any.text.energest_flush
                0x00005da2       0x38 contiki-z1.a(energest.o)
                0x00005da2                energest_flush
 .any.text.update_time
                0x00005dda       0x70 contiki-z1.a(etimer.o)
 .any.text.etimer_request_poll
                0x00005e4a        0xa contiki-z1.a(etimer.o)
                0x00005e4a                etimer_request_poll
 .any.text.process_thread_etimer_process
                0x00005e54       0xc4 contiki-z1.a(etimer.o)
 .any.text.add_timer
                0x00005f18       0x40 contiki-z1.a(etimer.o)
 .any.text.etimer_set
                0x00005f58       0x12 contiki-z1.a(etimer.o)
                0x00005f58                etimer_set
 .any.text.etimer_reset
                0x00005f6a       0x12 contiki-z1.a(etimer.o)
                0x00005f6a                etimer_reset
 .any.text.etimer_restart
                0x00005f7c       0x12 contiki-z1.a(etimer.o)
                0x00005f7c                etimer_restart
 .any.text.etimer_expired
                0x00005f8e        0xe contiki-z1.a(etimer.o)
                0x00005f8e                etimer_expired
 .any.text.etimer_expiration_time
                0x00005f9c       0x14 contiki-z1.a(etimer.o)
                0x00005f9c                etimer_expiration_time
 .any.text.etimer_pending
                0x00005fb0        0xc contiki-z1.a(etimer.o)
                0x00005fb0                etimer_pending
 .any.text.etimer_next_expiration_time
                0x00005fbc       0x16 contiki-z1.a(etimer.o)
                0x00005fbc                etimer_next_expiration_time
 .any.text.etimer_stop
                0x00005fd2       0x3e contiki-z1.a(etimer.o)
                0x00005fd2                etimer_stop
 .any.text.call_process
                0x00006010       0x40 contiki-z1.a(process.o)
 .any.text.exit_process
                0x00006050       0x88 contiki-z1.a(process.o)
 .any.text.do_poll
                0x000060d8       0x30 contiki-z1.a(process.o)
 .any.text.process_alloc_event
                0x00006108        0xe contiki-z1.a(process.o)
                0x00006108                process_alloc_event
 .any.text.process_init
                0x00006116       0x1c contiki-z1.a(process.o)
                0x00006116                process_init
 .any.text.process_run
                0x00006132       0x8c contiki-z1.a(process.o)
                0x00006132                process_run
 .any.text.process_nevents
                0x000061be        0xe contiki-z1.a(process.o)
                0x000061be                process_nevents
 .any.text.process_post
                0x000061cc       0x4a contiki-z1.a(process.o)
                0x000061cc                process_post
 .any.text.process_post_synch
                0x00006216       0x12 contiki-z1.a(process.o)
                0x00006216                process_post_synch
 .any.text.process_start
                0x00006228       0x36 contiki-z1.a(process.o)
                0x00006228                process_start
 .any.text.process_poll
                0x0000625e       0x18 contiki-z1.a(process.o)
                0x0000625e                process_poll
 .any.text.rtimer_init
                0x00006276        0x6 contiki-z1.a(rtimer.o)
                0x00006276                rtimer_init
 .any.text.rtimer_run_next
                0x0000627c       0x26 contiki-z1.a(rtimer.o)
                0x0000627c                rtimer_run_next
 .any.text.timer_set
                0x000062a2       0x1c contiki-z1.a(timer.o)
                0x000062a2                timer_set
 .any.text.timer_reset
                0x000062be        0xe contiki-z1.a(timer.o)
                0x000062be                timer_reset
 .any.text.timer_restart
                0x000062cc       0x14 contiki-z1.a(timer.o)
                0x000062cc                timer_restart
 .any.text.timer_expired
                0x000062e0       0x2a contiki-z1.a(timer.o)
                0x000062e0                timer_expired
 .any.text.list_init
                0x0000630a        0x6 contiki-z1.a(list.o)
                0x0000630a                list_init
 .any.text.list_head
                0x00006310        0x4 contiki-z1.a(list.o)
                0x00006310                list_head
 .any.text.list_tail
                0x00006314       0x12 contiki-z1.a(list.o)
                0x00006314                list_tail
 .any.text.list_remove
                0x00006326       0x34 contiki-z1.a(list.o)
                0x00006326                list_remove
 .any.text.list_push
                0x0000635a       0x16 contiki-z1.a(list.o)
                0x0000635a                list_push
 .any.text.list_add
                0x00006370       0x26 contiki-z1.a(list.o)
                0x00006370                list_add
 .any.text.list_length
                0x00006396       0x10 contiki-z1.a(list.o)
                0x00006396                list_length
 .any.text.list_item_next
                0x000063a6        0xc contiki-z1.a(list.o)
                0x000063a6                list_item_next
 .any.text.memb_init
                0x000063b2       0x36 contiki-z1.a(memb.o)
                0x000063b2                memb_init
 .any.text.memb_alloc
                0x000063e8       0x3e contiki-z1.a(memb.o)
                0x000063e8                memb_alloc
 .any.text.memb_free
                0x00006426       0x3a contiki-z1.a(memb.o)
                0x00006426                memb_free
 .any.text.memb_inmemb
                0x00006460       0x2a contiki-z1.a(memb.o)
                0x00006460                memb_inmemb
 .any.text.memb_numfree
                0x0000648a       0x26 contiki-z1.a(memb.o)
                0x0000648a                memb_numfree
 .any.text.random_init
                0x000064b0        0x6 contiki-z1.a(random.o)
                0x000064b0                random_init
 .any.text.random_rand
                0x000064b6        0x6 contiki-z1.a(random.o)
                0x000064b6                random_rand
 .any.text.uip_ds6_list_loop
                0x000064bc       0x66 contiki-z1.a(uip-ds6.o)
                0x000064bc                uip_ds6_list_loop
 .any.text.uip_ds6_prefix_add
                0x00006522       0x70 contiki-z1.a(uip-ds6.o)
                0x00006522                uip_ds6_prefix_add
 .any.text.uip_ds6_is_addr_onlink
                0x00006592       0x42 contiki-z1.a(uip-ds6.o)
                0x00006592                uip_ds6_is_addr_onlink
 .any.text.uip_ds6_addr_lookup
                0x000065d4       0x2a contiki-z1.a(uip-ds6.o)
                0x000065d4                uip_ds6_addr_lookup
 .any.text.uip_ds6_get_link_local
                0x000065fe       0x3e contiki-z1.a(uip-ds6.o)
                0x000065fe                uip_ds6_get_link_local
 .any.text.uip_ds6_maddr_add
                0x0000663c       0x48 contiki-z1.a(uip-ds6.o)
                0x0000663c                uip_ds6_maddr_add
 .any.text.uip_ds6_addr_add
                0x00006684       0xb4 contiki-z1.a(uip-ds6.o)
                0x00006684                uip_ds6_addr_add
 .any.text.uip_ds6_maddr_rm
                0x00006738        0xa contiki-z1.a(uip-ds6.o)
                0x00006738                uip_ds6_maddr_rm
 .any.text.uip_ds6_maddr_lookup
                0x00006742       0x2a contiki-z1.a(uip-ds6.o)
                0x00006742                uip_ds6_maddr_lookup
 .any.text.uip_ds6_addr_rm
                0x0000676c       0x54 contiki-z1.a(uip-ds6.o)
                0x0000676c                uip_ds6_addr_rm
 .any.text.uip_ds6_periodic
                0x000067c0       0x46 contiki-z1.a(uip-ds6.o)
                0x000067c0                uip_ds6_periodic
 .any.text.uip_ds6_set_addr_iid
                0x00006806       0x14 contiki-z1.a(uip-ds6.o)
                0x00006806                uip_ds6_set_addr_iid
 .any.text.get_match_length
                0x0000681a       0x3c contiki-z1.a(uip-ds6.o)
                0x0000681a                get_match_length
 .any.text.uip_ds6_select_src
                0x00006856       0x9a contiki-z1.a(uip-ds6.o)
                0x00006856                uip_ds6_select_src
 .any.text.uip_ds6_compute_reachable_time
                0x000068f0       0x36 contiki-z1.a(uip-ds6.o)
                0x000068f0                uip_ds6_compute_reachable_time
 .any.text.uip_ds6_init
                0x00006926      0x138 contiki-z1.a(uip-ds6.o)
                0x00006926                uip_ds6_init
 .any.text.call_route_callback
                0x00006a5e       0x40 contiki-z1.a(uip-ds6-route.o)
 .any.text.uip_ds6_route_init
                0x00006a9e       0x36 contiki-z1.a(uip-ds6-route.o)
                0x00006a9e                uip_ds6_route_init
 .any.text.uip_ds6_route_nexthop
                0x00006ad4       0x1a contiki-z1.a(uip-ds6-route.o)
                0x00006ad4                uip_ds6_route_nexthop
 .any.text.uip_ds6_route_head
                0x00006aee        0xa contiki-z1.a(uip-ds6-route.o)
                0x00006aee                uip_ds6_route_head
 .any.text.uip_ds6_route_next
                0x00006af8        0xe contiki-z1.a(uip-ds6-route.o)
                0x00006af8                uip_ds6_route_next
 .any.text.uip_ds6_route_is_nexthop
                0x00006b06       0x22 contiki-z1.a(uip-ds6-route.o)
                0x00006b06                uip_ds6_route_is_nexthop
 .any.text.uip_ds6_route_lookup
                0x00006b28       0x6e contiki-z1.a(uip-ds6-route.o)
                0x00006b28                uip_ds6_route_lookup
 .any.text.uip_ds6_route_rm
                0x00006b96       0xa2 contiki-z1.a(uip-ds6-route.o)
                0x00006b96                uip_ds6_route_rm
 .any.text.rm_routelist
                0x00006c38       0x34 contiki-z1.a(uip-ds6-route.o)
 .any.text.rm_routelist_callback
                0x00006c6c        0x6 contiki-z1.a(uip-ds6-route.o)
 .any.text.uip_ds6_route_add
                0x00006c72       0xfc contiki-z1.a(uip-ds6-route.o)
                0x00006c72                uip_ds6_route_add
 .any.text.uip_ds6_defrt_rm
                0x00006d6e       0x44 contiki-z1.a(uip-ds6-route.o)
                0x00006d6e                uip_ds6_defrt_rm
 .any.text.uip_ds6_defrt_lookup
                0x00006db2       0x32 contiki-z1.a(uip-ds6-route.o)
                0x00006db2                uip_ds6_defrt_lookup
 .any.text.uip_ds6_defrt_add
                0x00006de4       0x68 contiki-z1.a(uip-ds6-route.o)
                0x00006de4                uip_ds6_defrt_add
 .any.text.uip_ds6_defrt_choose
                0x00006e4c       0x36 contiki-z1.a(uip-ds6-route.o)
                0x00006e4c                uip_ds6_defrt_choose
 .any.text.uip_ds6_defrt_periodic
                0x00006e82       0x38 contiki-z1.a(uip-ds6-route.o)
                0x00006e82                uip_ds6_defrt_periodic
 .any.text.chksum
                0x00006eba       0x32 contiki-z1.a(uip6.o)
 .any.text.upper_layer_chksum
                0x00006eec       0x56 contiki-z1.a(uip6.o)
 .any.text.ext_hdr_options_process
                0x00006f42       0xc2 contiki-z1.a(uip6.o)
 .any.text.uip_add32
                0x00007004       0x60 contiki-z1.a(uip6.o)
                0x00007004                uip_add32
 .any.text.uip_add_rcv_nxt
                0x00007064       0x2e contiki-z1.a(uip6.o)
 .any.text.uip_icmp6chksum
                0x00007092        0xa contiki-z1.a(uip6.o)
                0x00007092                uip_icmp6chksum
 .any.text.uip_tcpchksum
                0x0000709c        0xa contiki-z1.a(uip6.o)
                0x0000709c                uip_tcpchksum
 .any.text.uip_udpchksum
                0x000070a6        0xa contiki-z1.a(uip6.o)
                0x000070a6                uip_udpchksum
 .any.text.uip_init
                0x000070b0       0x56 contiki-z1.a(uip6.o)
                0x000070b0                uip_init
 .any.text.remove_ext_hdr
                0x00007106       0x50 contiki-z1.a(uip6.o)
                0x00007106                remove_ext_hdr
 .any.text.uip_unlisten
                0x00007156       0x1a contiki-z1.a(uip6.o)
                0x00007156                uip_unlisten
 .any.text.uip_listen
                0x00007170       0x1a contiki-z1.a(uip6.o)
                0x00007170                uip_listen
 .any.text.uip_process
                0x0000718a      0xd94 contiki-z1.a(uip6.o)
                0x0000718a                uip_process
 .any.text.uip_htonl
                0x00007f1e       0x2a contiki-z1.a(uip6.o)
                0x00007f1e                uip_htonl
 .any.text.uip_send
                0x00007f48       0x48 contiki-z1.a(uip6.o)
                0x00007f48                uip_send
 .any.text.uip_ds6_nbr_rm
                0x00007f90       0x1e contiki-z1.a(uip-ds6-nbr.o)
                0x00007f90                uip_ds6_nbr_rm
 .any.text.uip_ds6_neighbors_init
                0x00007fae       0x12 contiki-z1.a(uip-ds6-nbr.o)
                0x00007fae                uip_ds6_neighbors_init
 .any.text.uip_ds6_nbr_add
                0x00007fc0       0x36 contiki-z1.a(uip-ds6-nbr.o)
                0x00007fc0                uip_ds6_nbr_add
 .any.text.uip_ds6_nbr_get_ll
                0x00007ff6        0xc contiki-z1.a(uip-ds6-nbr.o)
                0x00007ff6                uip_ds6_nbr_get_ll
 .any.text.uip_ds6_nbr_lookup
                0x00008002       0x3e contiki-z1.a(uip-ds6-nbr.o)
                0x00008002                uip_ds6_nbr_lookup
 .any.text.uip_ds6_nbr_ll_lookup
                0x00008040        0xc contiki-z1.a(uip-ds6-nbr.o)
                0x00008040                uip_ds6_nbr_ll_lookup
 .any.text.uip_ds6_nbr_ipaddr_from_lladdr
                0x0000804c        0x6 contiki-z1.a(uip-ds6-nbr.o)
                0x0000804c                uip_ds6_nbr_ipaddr_from_lladdr
 .any.text.uip_ds6_nbr_lladdr_from_ipaddr
                0x00008052       0x12 contiki-z1.a(uip-ds6-nbr.o)
                0x00008052                uip_ds6_nbr_lladdr_from_ipaddr
 .any.text.uip_ds6_link_neighbor_callback
                0x00008064       0x32 contiki-z1.a(uip-ds6-nbr.o)
                0x00008064                uip_ds6_link_neighbor_callback
 .any.text.uip_nd6_init
                0x00008096        0x2 contiki-z1.a(uip-nd6.o)
                0x00008096                uip_nd6_init
 .any.text.clear_fragments
                0x00008098       0x38 contiki-z1.a(sicslowpan.o)
 .any.text.set_packet_attrs
                0x000080d0       0x46 contiki-z1.a(sicslowpan.o)
 .any.text.addr_context_lookup_by_number
                0x00008116       0x30 contiki-z1.a(sicslowpan.o)
 .any.text.compress_addr_64
                0x00008146       0x9a contiki-z1.a(sicslowpan.o)
 .any.text.store_fragment
                0x000081e0       0x6e contiki-z1.a(sicslowpan.o)
 .any.text.uncompress_addr
                0x0000824e       0x96 contiki-z1.a(sicslowpan.o)
 .any.text.sicslowpan_init
                0x000082e4       0x24 contiki-z1.a(sicslowpan.o)
                0x000082e4                sicslowpan_init
 .any.text.addr_context_lookup_by_prefix
                0x00008308       0x4a contiki-z1.a(sicslowpan.o)
 .any.text.packet_sent
                0x00008352       0x22 contiki-z1.a(sicslowpan.o)
 .any.text.add_fragment
                0x00008374      0x160 contiki-z1.a(sicslowpan.o)
 .any.text.input
                0x000084d4      0x60e contiki-z1.a(sicslowpan.o)
 .any.text.send_packet
                0x00008ae2       0x1a contiki-z1.a(sicslowpan.o)
 .any.text.output
                0x00008afc      0x67c contiki-z1.a(sicslowpan.o)
 .any.text.uip_debug_ipaddr_print
                0x00009178       0xbc contiki-z1.a(uip-debug.o)
                0x00009178                uip_debug_ipaddr_print
 .any.text.psock_send
                0x00009234       0xae contiki-z1.a(psock.o)
                0x00009234                psock_send
 .any.text.psock_datalen
                0x000092e2        0xc contiki-z1.a(psock.o)
                0x000092e2                psock_datalen
 .any.text.psock_newdata
                0x000092ee       0x24 contiki-z1.a(psock.o)
                0x000092ee                psock_newdata
 .any.text.psock_readto
                0x00009312       0xb4 contiki-z1.a(psock.o)
                0x00009312                psock_readto
 .any.text.psock_init
                0x000093c6       0x22 contiki-z1.a(psock.o)
                0x000093c6                psock_init
 .any.text.start_periodic_tcp_timer
                0x000093e8       0x16 contiki-z1.a(tcpip.o)
 .any.text.tcpip_output
                0x000093fe       0x10 contiki-z1.a(tcpip.o)
                0x000093fe                tcpip_output
 .any.text.tcpip_set_outputfunc
                0x0000940e        0x6 contiki-z1.a(tcpip.o)
                0x0000940e                tcpip_set_outputfunc
 .any.text.tcp_listen
                0x00009414       0x24 contiki-z1.a(tcpip.o)
                0x00009414                tcp_listen
 .any.text.tcp_attach
                0x00009438        0xc contiki-z1.a(tcpip.o)
                0x00009438                tcp_attach
 .any.text.tcpip_input
                0x00009444       0x16 contiki-z1.a(tcpip.o)
                0x00009444                tcpip_input
 .any.text.tcpip_ipv6_output
                0x0000945a       0xfa contiki-z1.a(tcpip.o)
                0x0000945a                tcpip_ipv6_output
 .any.text.process_thread_tcpip_process
                0x00009554      0x1ac contiki-z1.a(tcpip.o)
 .any.text.tcpip_uipcall
                0x00009700       0x62 contiki-z1.a(tcpip.o)
                0x00009700                tcpip_uipcall
 .any.text.lollipop_greater_than
                0x00009762       0x3c contiki-z1.a(rpl-dag.o)
 .any.text.find_parent_any_dag_any_instance
                0x0000979e       0x14 contiki-z1.a(rpl-dag.o)
 .any.text.rpl_set_preferred_parent
                0x000097b2       0x2c contiki-z1.a(rpl-dag.o)
 .any.text.set_ip_from_prefix
                0x000097de       0x30 contiki-z1.a(rpl-dag.o)
 .any.text.check_prefix
                0x0000980e       0x70 contiki-z1.a(rpl-dag.o)
 .any.text.rpl_dag_init
                0x0000987e        0xe contiki-z1.a(rpl-dag.o)
                0x0000987e                rpl_dag_init
 .any.text.rpl_get_parent
                0x0000988c        0xc contiki-z1.a(rpl-dag.o)
                0x0000988c                rpl_get_parent
 .any.text.rpl_rank_via_parent
                0x00009898       0x2a contiki-z1.a(rpl-dag.o)
                0x00009898                rpl_rank_via_parent
 .any.text.rpl_get_parent_lladdr
                0x000098c2        0xc contiki-z1.a(rpl-dag.o)
                0x000098c2                rpl_get_parent_lladdr
 .any.text.rpl_get_parent_ipaddr
                0x000098ce        0xa contiki-z1.a(rpl-dag.o)
                0x000098ce                rpl_get_parent_ipaddr
 .any.text.rpl_get_parent_link_stats
                0x000098d8        0xa contiki-z1.a(rpl-dag.o)
                0x000098d8                rpl_get_parent_link_stats
 .any.text.rpl_parent_is_fresh
                0x000098e2        0xa contiki-z1.a(rpl-dag.o)
                0x000098e2                rpl_parent_is_fresh
 .any.text.best_parent
                0x000098ec       0x66 contiki-z1.a(rpl-dag.o)
 .any.text.rpl_parent_is_reachable
                0x00009952       0x4a contiki-z1.a(rpl-dag.o)
                0x00009952                rpl_parent_is_reachable
 .any.text.rpl_set_prefix
                0x0000999c       0x74 contiki-z1.a(rpl-dag.o)
                0x0000999c                rpl_set_prefix
 .any.text.rpl_set_default_route
                0x00009a10       0x3a contiki-z1.a(rpl-dag.o)
                0x00009a10                rpl_set_default_route
 .any.text.rpl_alloc_instance
                0x00009a4a       0x34 contiki-z1.a(rpl-dag.o)
                0x00009a4a                rpl_alloc_instance
 .any.text.rpl_add_parent
                0x00009a7e       0x3a contiki-z1.a(rpl-dag.o)
                0x00009a7e                rpl_add_parent
 .any.text.rpl_find_parent
                0x00009ab8       0x1a contiki-z1.a(rpl-dag.o)
                0x00009ab8                rpl_find_parent
 .any.text.rpl_find_parent_any_dag
                0x00009ad2       0x22 contiki-z1.a(rpl-dag.o)
                0x00009ad2                rpl_find_parent_any_dag
 .any.text.rpl_select_parent
                0x00009af4       0x62 contiki-z1.a(rpl-dag.o)
                0x00009af4                rpl_select_parent
 .any.text.rpl_select_dag
                0x00009b56      0x192 contiki-z1.a(rpl-dag.o)
                0x00009b56                rpl_select_dag
 .any.text.rpl_nullify_parent
                0x00009ce8       0x5c contiki-z1.a(rpl-dag.o)
                0x00009ce8                rpl_nullify_parent
 .any.text.rpl_remove_parent
                0x00009d44       0x16 contiki-z1.a(rpl-dag.o)
                0x00009d44                rpl_remove_parent
 .any.text.nbr_callback
                0x00009d5a        0x6 contiki-z1.a(rpl-dag.o)
 .any.text.remove_parents.constprop.4
                0x00009d60       0x2c contiki-z1.a(rpl-dag.o)
 .any.text.rpl_free_dag
                0x00009d8c       0x42 contiki-z1.a(rpl-dag.o)
                0x00009d8c                rpl_free_dag
 .any.text.rpl_move_parent
                0x00009dce       0x60 contiki-z1.a(rpl-dag.o)
                0x00009dce                rpl_move_parent
 .any.text.rpl_get_any_dag
                0x00009e2e       0x16 contiki-z1.a(rpl-dag.o)
                0x00009e2e                rpl_get_any_dag
 .any.text.rpl_get_instance
                0x00009e44       0x16 contiki-z1.a(rpl-dag.o)
                0x00009e44                rpl_get_instance
 .any.text.rpl_alloc_dag
                0x00009e5a       0x60 contiki-z1.a(rpl-dag.o)
                0x00009e5a                rpl_alloc_dag
 .any.text.rpl_repair_root
                0x00009eba       0x4c contiki-z1.a(rpl-dag.o)
                0x00009eba                rpl_repair_root
 .any.text.rpl_find_of
                0x00009f06       0x10 contiki-z1.a(rpl-dag.o)
                0x00009f06                rpl_find_of
 .any.text.rpl_set_root
                0x00009f16      0x12e contiki-z1.a(rpl-dag.o)
                0x00009f16                rpl_set_root
 .any.text.rpl_join_instance
                0x0000a044      0x142 contiki-z1.a(rpl-dag.o)
                0x0000a044                rpl_join_instance
 .any.text.rpl_local_repair
                0x0000a186       0x7c contiki-z1.a(rpl-dag.o)
                0x0000a186                rpl_local_repair
 .any.text.rpl_process_parent_event
                0x0000a202       0xa8 contiki-z1.a(rpl-dag.o)
                0x0000a202                rpl_process_parent_event
 .any.text.rpl_recalculate_ranks
                0x0000a2aa       0x44 contiki-z1.a(rpl-dag.o)
                0x0000a2aa                rpl_recalculate_ranks
 .any.text.rpl_add_dag
                0x0000a2ee      0x104 contiki-z1.a(rpl-dag.o)
                0x0000a2ee                rpl_add_dag
 .any.text.rpl_process_dio
                0x0000a3f2      0x32a contiki-z1.a(rpl-dag.o)
                0x0000a3f2                rpl_process_dio
 .any.text.handle_unicast_dio_timer
                0x0000a71c       0x1c contiki-z1.a(rpl-timers.o)
 .any.text.new_dio_interval
                0x0000a738       0x8a contiki-z1.a(rpl-timers.o)
 .any.text.set_dao_lifetime_timer
                0x0000a7c2       0x84 contiki-z1.a(rpl-timers.o)
 .any.text.handle_periodic_timer
                0x0000a846       0x50 contiki-z1.a(rpl-timers.o)
 .any.text.schedule_dao
                0x0000a896       0x72 contiki-z1.a(rpl-timers.o)
 .any.text.handle_dio_timer
                0x0000a908       0x88 contiki-z1.a(rpl-timers.o)
 .any.text.handle_dao_timer
                0x0000a990       0x64 contiki-z1.a(rpl-timers.o)
 .any.text.rpl_reset_periodic_timer
                0x0000a9f4       0x54 contiki-z1.a(rpl-timers.o)
                0x0000a9f4                rpl_reset_periodic_timer
 .any.text.rpl_reset_dio_timer
                0x0000aa48       0x18 contiki-z1.a(rpl-timers.o)
                0x0000aa48                rpl_reset_dio_timer
 .any.text.rpl_schedule_dao
                0x0000aa60        0xc contiki-z1.a(rpl-timers.o)
                0x0000aa60                rpl_schedule_dao
 .any.text.rpl_schedule_unicast_dio_immediately
                0x0000aa6c       0x16 contiki-z1.a(rpl-timers.o)
                0x0000aa6c                rpl_schedule_unicast_dio_immediately
 .any.text.get_probing_delay
                0x0000aa82       0x40 contiki-z1.a(rpl-timers.o)
                0x0000aa82                get_probing_delay
 .any.text.get_probing_target
                0x0000aac2       0xe2 contiki-z1.a(rpl-timers.o)
                0x0000aac2                get_probing_target
 .any.text.rpl_schedule_probing
                0x0000aba4       0x26 contiki-z1.a(rpl-timers.o)
                0x0000aba4                rpl_schedule_probing
 .any.text.handle_probing_timer
                0x0000abca       0x34 contiki-z1.a(rpl-timers.o)
 .any.text.update_hbh_header
                0x0000abfe       0xcc contiki-z1.a(rpl-ext-header.)
 .any.text.insert_hbh_header
                0x0000acca       0x94 contiki-z1.a(rpl-ext-header.)
 .any.text.rpl_verify_hbh_header
                0x0000ad5e       0xf4 contiki-z1.a(rpl-ext-header.)
                0x0000ad5e                rpl_verify_hbh_header
 .any.text.rpl_remove_header
                0x0000ae52       0x76 contiki-z1.a(rpl-ext-header.)
                0x0000ae52                rpl_remove_header
 .any.text.rpl_update_header
                0x0000aec8       0x54 contiki-z1.a(rpl-ext-header.)
                0x0000aec8                rpl_update_header
 .any.text.rpl_get_mode
                0x0000af1c        0x6 contiki-z1.a(rpl.o)
                0x0000af1c                rpl_get_mode
 .any.text.rpl_purge_routes
                0x0000af22       0x96 contiki-z1.a(rpl.o)
                0x0000af22                rpl_purge_routes
 .any.text.rpl_remove_routes
                0x0000afb8       0x22 contiki-z1.a(rpl.o)
                0x0000afb8                rpl_remove_routes
 .any.text.rpl_remove_routes_by_nexthop
                0x0000afda       0x3e contiki-z1.a(rpl.o)
                0x0000afda                rpl_remove_routes_by_nexthop
 .any.text.rpl_add_route
                0x0000b018       0x48 contiki-z1.a(rpl.o)
                0x0000b018                rpl_add_route
 .any.text.rpl_link_neighbor_callback
                0x0000b060       0x4c contiki-z1.a(rpl.o)
                0x0000b060                rpl_link_neighbor_callback
 .any.text.rpl_ipv6_neighbor_callback
                0x0000b0ac       0x1e contiki-z1.a(rpl.o)
                0x0000b0ac                rpl_ipv6_neighbor_callback
 .any.text.rpl_purge_dags
                0x0000b0ca       0x60 contiki-z1.a(rpl.o)
                0x0000b0ca                rpl_purge_dags
 .any.text.rpl_init
                0x0000b12a       0x44 contiki-z1.a(rpl.o)
                0x0000b12a                rpl_init
 .any.text.reset
                0x0000b16e        0x2 contiki-z1.a(rpl-mrhof.o)
 .any.text.update_metric_container
                0x0000b170        0x6 contiki-z1.a(rpl-mrhof.o)
 .any.text.parent_link_metric
                0x0000b176       0x10 contiki-z1.a(rpl-mrhof.o)
 .any.text.parent_has_usable_link
                0x0000b186       0x14 contiki-z1.a(rpl-mrhof.o)
 .any.text.best_dag
                0x0000b19a       0x2e contiki-z1.a(rpl-mrhof.o)
 .any.text.parent_path_cost
                0x0000b1c8       0x40 contiki-z1.a(rpl-mrhof.o)
 .any.text.parent_is_acceptable
                0x0000b208       0x2a contiki-z1.a(rpl-mrhof.o)
 .any.text.rank_via_parent
                0x0000b232       0x4e contiki-z1.a(rpl-mrhof.o)
 .any.text.best_parent
                0x0000b280       0x76 contiki-z1.a(rpl-mrhof.o)
 .any.text.get32
                0x0000b2f6       0x3e contiki-z1.a(rpl-icmp6.o)
 .any.text.set32
                0x0000b334       0x2a contiki-z1.a(rpl-icmp6.o)
 .any.text.get16
                0x0000b35e        0xe contiki-z1.a(rpl-icmp6.o)
 .any.text.set16
                0x0000b36c       0x10 contiki-z1.a(rpl-icmp6.o)
 .any.text.dao_ack_input
                0x0000b37c        0xa contiki-z1.a(rpl-icmp6.o)
 .any.text.dio_input
                0x0000b386      0x280 contiki-z1.a(rpl-icmp6.o)
 .any.text.rpl_icmp6_update_nbr_table
                0x0000b606       0x28 contiki-z1.a(rpl-icmp6.o)
                0x0000b606                rpl_icmp6_update_nbr_table
 .any.text.dao_input
                0x0000b62e      0x2a2 contiki-z1.a(rpl-icmp6.o)
 .any.text.dis_output
                0x0000b8d0       0x50 contiki-z1.a(rpl-icmp6.o)
                0x0000b8d0                dis_output
 .any.text.dio_output
                0x0000b920      0x24c contiki-z1.a(rpl-icmp6.o)
                0x0000b920                dio_output
 .any.text.dis_input
                0x0000bb6c       0x3e contiki-z1.a(rpl-icmp6.o)
 .any.text.dao_output_target
                0x0000bbaa       0xf6 contiki-z1.a(rpl-icmp6.o)
                0x0000bbaa                dao_output_target
 .any.text.dao_output
                0x0000bca0       0x9e contiki-z1.a(rpl-icmp6.o)
                0x0000bca0                dao_output
 .any.text.rpl_icmp6_register_handlers
                0x0000bd3e       0x22 contiki-z1.a(rpl-icmp6.o)
                0x0000bd3e                rpl_icmp6_register_handlers
 .any.text.queuebuf_init
                0x0000bd60       0x12 contiki-z1.a(queuebuf.o)
                0x0000bd60                queuebuf_init
 .any.text.queuebuf_numfree
                0x0000bd72        0xa contiki-z1.a(queuebuf.o)
                0x0000bd72                queuebuf_numfree
 .any.text.queuebuf_new_from_packetbuf
                0x0000bd7c       0x4e contiki-z1.a(queuebuf.o)
                0x0000bd7c                queuebuf_new_from_packetbuf
 .any.text.queuebuf_update_attr_from_packetbuf
                0x0000bdca       0x12 contiki-z1.a(queuebuf.o)
                0x0000bdca                queuebuf_update_attr_from_packetbuf
 .any.text.queuebuf_free
                0x0000bddc       0x2a contiki-z1.a(queuebuf.o)
                0x0000bddc                queuebuf_free
 .any.text.queuebuf_to_packetbuf
                0x0000be06       0x32 contiki-z1.a(queuebuf.o)
                0x0000be06                queuebuf_to_packetbuf
 .any.text.queuebuf_attr
                0x0000be38        0xe contiki-z1.a(queuebuf.o)
                0x0000be38                queuebuf_attr
 .any.text.key_from_index
                0x0000be46       0x18 contiki-z1.a(nbr-table.o)
 .any.text.item_from_index
                0x0000be5e       0x2a contiki-z1.a(nbr-table.o)
 .any.text.index_from_key
                0x0000be88       0x26 contiki-z1.a(nbr-table.o)
 .any.text.index_from_item
                0x0000beae       0x1e contiki-z1.a(nbr-table.o)
 .any.text.nbr_set_bit
                0x0000becc       0x50 contiki-z1.a(nbr-table.o)
 .any.text.index_from_lladdr
                0x0000bf1c       0x3e contiki-z1.a(nbr-table.o)
 .any.text.nbr_get_bit.constprop.0
                0x0000bf5a       0x2c contiki-z1.a(nbr-table.o)
 .any.text.remove_key
                0x0000bf86       0x56 contiki-z1.a(nbr-table.o)
 .any.text.nbr_table_register
                0x0000bfdc       0x26 contiki-z1.a(nbr-table.o)
                0x0000bfdc                nbr_table_register
 .any.text.nbr_table_next
                0x0000c002       0x3a contiki-z1.a(nbr-table.o)
                0x0000c002                nbr_table_next
 .any.text.nbr_table_head
                0x0000c03c       0x36 contiki-z1.a(nbr-table.o)
                0x0000c03c                nbr_table_head
 .any.text.nbr_table_add_lladdr
                0x0000c072       0xfc contiki-z1.a(nbr-table.o)
                0x0000c072                nbr_table_add_lladdr
 .any.text.nbr_table_get_from_lladdr
                0x0000c16e       0x28 contiki-z1.a(nbr-table.o)
                0x0000c16e                nbr_table_get_from_lladdr
 .any.text.nbr_table_remove
                0x0000c196       0x2a contiki-z1.a(nbr-table.o)
                0x0000c196                nbr_table_remove
 .any.text.nbr_table_lock
                0x0000c1c0       0x10 contiki-z1.a(nbr-table.o)
                0x0000c1c0                nbr_table_lock
 .any.text.nbr_table_unlock
                0x0000c1d0       0x10 contiki-z1.a(nbr-table.o)
                0x0000c1d0                nbr_table_unlock
 .any.text.nbr_table_get_lladdr
                0x0000c1e0       0x14 contiki-z1.a(nbr-table.o)
                0x0000c1e0                nbr_table_get_lladdr
 .any.text.packetbuf_hdrreduce
                0x0000c1f4       0x1a contiki-z1.a(packetbuf.o)
                0x0000c1f4                packetbuf_hdrreduce
 .any.text.packetbuf_set_datalen
                0x0000c20e        0x6 contiki-z1.a(packetbuf.o)
                0x0000c20e                packetbuf_set_datalen
 .any.text.packetbuf_hdrptr
                0x0000c214        0x6 contiki-z1.a(packetbuf.o)
                0x0000c214                packetbuf_hdrptr
 .any.text.packetbuf_datalen
                0x0000c21a        0x6 contiki-z1.a(packetbuf.o)
                0x0000c21a                packetbuf_datalen
 .any.text.packetbuf_hdrlen
                0x0000c220        0xa contiki-z1.a(packetbuf.o)
                0x0000c220                packetbuf_hdrlen
 .any.text.packetbuf_dataptr
                0x0000c22a        0xc contiki-z1.a(packetbuf.o)
                0x0000c22a                packetbuf_dataptr
 .any.text.packetbuf_copyto
                0x0000c236       0x3a contiki-z1.a(packetbuf.o)
                0x0000c236                packetbuf_copyto
 .any.text.packetbuf_totlen
                0x0000c270        0xc contiki-z1.a(packetbuf.o)
                0x0000c270                packetbuf_totlen
 .any.text.packetbuf_hdralloc
                0x0000c27c       0x3c contiki-z1.a(packetbuf.o)
                0x0000c27c                packetbuf_hdralloc
 .any.text.packetbuf_attr_clear
                0x0000c2b8       0x28 contiki-z1.a(packetbuf.o)
                0x0000c2b8                packetbuf_attr_clear
 .any.text.packetbuf_clear
                0x0000c2e0       0x12 contiki-z1.a(packetbuf.o)
                0x0000c2e0                packetbuf_clear
 .any.text.packetbuf_copyfrom
                0x0000c2f2       0x2a contiki-z1.a(packetbuf.o)
                0x0000c2f2                packetbuf_copyfrom
 .any.text.packetbuf_attr_copyto
                0x0000c31c       0x22 contiki-z1.a(packetbuf.o)
                0x0000c31c                packetbuf_attr_copyto
 .any.text.packetbuf_attr_copyfrom
                0x0000c33e       0x24 contiki-z1.a(packetbuf.o)
                0x0000c33e                packetbuf_attr_copyfrom
 .any.text.packetbuf_holds_broadcast
                0x0000c362        0xe contiki-z1.a(packetbuf.o)
                0x0000c362                packetbuf_holds_broadcast
 .any.text.linkaddr_copy
                0x0000c370        0x8 contiki-z1.a(linkaddr.o)
                0x0000c370                linkaddr_copy
 .any.text.linkaddr_cmp
                0x0000c378       0x12 contiki-z1.a(linkaddr.o)
                0x0000c378                linkaddr_cmp
 .any.text.linkaddr_set_node_addr
                0x0000c38a        0xc contiki-z1.a(linkaddr.o)
                0x0000c38a                linkaddr_set_node_addr
 .any.text.periodic
                0x0000c396       0x2c contiki-z1.a(link-stats.o)
 .any.text.link_stats_from_lladdr
                0x0000c3c2        0xc contiki-z1.a(link-stats.o)
                0x0000c3c2                link_stats_from_lladdr
 .any.text.link_stats_is_fresh
                0x0000c3ce       0x32 contiki-z1.a(link-stats.o)
                0x0000c3ce                link_stats_is_fresh
 .any.text.link_stats_packet_sent
                0x0000c400       0xc4 contiki-z1.a(link-stats.o)
                0x0000c400                link_stats_packet_sent
 .any.text.link_stats_input_callback
                0x0000c4c4       0xa6 contiki-z1.a(link-stats.o)
                0x0000c4c4                link_stats_input_callback
 .any.text.link_stats_init
                0x0000c56a       0x22 contiki-z1.a(link-stats.o)
                0x0000c56a                link_stats_init
 .any.text.input_packet
                0x0000c58c        0x6 contiki-z1.a(csma.o)
 .any.text.on   0x0000c592        0x6 contiki-z1.a(csma.o)
 .any.text.off  0x0000c598        0x6 contiki-z1.a(csma.o)
 .any.text.channel_check_interval
                0x0000c59e       0x10 contiki-z1.a(csma.o)
 .any.text.transmit_packet_list
                0x0000c5ae       0x24 contiki-z1.a(csma.o)
 .any.text.schedule_transmission
                0x0000c5d2       0x84 contiki-z1.a(csma.o)
 .any.text.init
                0x0000c656       0x1a contiki-z1.a(csma.o)
 .any.text.tx_done
                0x0000c670       0x84 contiki-z1.a(csma.o)
 .any.text.send_packet
                0x0000c6f4      0x158 contiki-z1.a(csma.o)
 .any.text.packet_sent
                0x0000c84c       0xca contiki-z1.a(csma.o)
 .any.text.mac_call_sent_callback
                0x0000c916       0x14 contiki-z1.a(mac.o)
                0x0000c916                mac_call_sent_callback
 .any.text.create_frame.isra.0
                0x0000c92a      0x114 contiki-z1.a(framer-802154.o)
 .any.text.create
                0x0000ca3e        0x8 contiki-z1.a(framer-802154.o)
 .any.text.hdr_length
                0x0000ca46        0x8 contiki-z1.a(framer-802154.o)
 .any.text.parse
                0x0000ca4e       0x9a contiki-z1.a(framer-802154.o)
 .any.text.on   0x0000cae8        0x6 contiki-z1.a(nullrdc.o)
 .any.text.channel_check_interval
                0x0000caee        0x4 contiki-z1.a(nullrdc.o)
 .any.text.init
                0x0000caf2        0x6 contiki-z1.a(nullrdc.o)
 .any.text.off  0x0000caf8       0x10 contiki-z1.a(nullrdc.o)
 .any.text.packet_input
                0x0000cb08       0x28 contiki-z1.a(nullrdc.o)
 .any.text.send_one_packet
                0x0000cb30       0x62 contiki-z1.a(nullrdc.o)
 .any.text.send_list
                0x0000cb92       0x28 contiki-z1.a(nullrdc.o)
 .any.text.send_packet
                0x0000cbba        0x6 contiki-z1.a(nullrdc.o)
 .any.text.init
                0x0000cbc0        0x2 contiki-z1.a(nullsec.o)
 .any.text.send
                0x0000cbc2        0xa contiki-z1.a(nullsec.o)
 .any.text.input
                0x0000cbcc        0x6 contiki-z1.a(nullsec.o)
 .any.text.i2c_receiveinit
                0x0000cbd2       0x36 contiki-z1.a(i2cmaster.o)
                0x0000cbd2                i2c_receiveinit
 .any.text.i2c_transmitinit
                0x0000cc08       0x30 contiki-z1.a(i2cmaster.o)
                0x0000cc08                i2c_transmitinit
 .any.text.i2c_receive_n
                0x0000cc38       0x3e contiki-z1.a(i2cmaster.o)
                0x0000cc38                i2c_receive_n
 .any.text.i2c_busy
                0x0000cc76        0xa contiki-z1.a(i2cmaster.o)
                0x0000cc76                i2c_busy
 .any.text.i2c_enable
                0x0000cc80       0x22 contiki-z1.a(i2cmaster.o)
                0x0000cc80                i2c_enable
 .any.text.i2c_transmit_n
                0x0000cca2       0x14 contiki-z1.a(i2cmaster.o)
                0x0000cca2                i2c_transmit_n
 .any.text.stimer_set
                0x0000ccb6       0x1c contiki-z1.a(stimer.o)
                0x0000ccb6                stimer_set
 .any.text.stimer_expired
                0x0000ccd2       0x30 contiki-z1.a(stimer.o)
                0x0000ccd2                stimer_expired
 .any.text.echo_reply_input
                0x0000cd02       0xaa contiki-z1.a(uip-icmp6.o)
 .any.text.echo_request_input
                0x0000cdac       0xca contiki-z1.a(uip-icmp6.o)
 .any.text.uip_icmp6_input
                0x0000ce76       0x44 contiki-z1.a(uip-icmp6.o)
                0x0000ce76                uip_icmp6_input
 .any.text.uip_icmp6_register_input_handler
                0x0000ceba        0xc contiki-z1.a(uip-icmp6.o)
                0x0000ceba                uip_icmp6_register_input_handler
 .any.text.uip_icmp6_error_output
                0x0000cec6      0x16e contiki-z1.a(uip-icmp6.o)
                0x0000cec6                uip_icmp6_error_output
 .any.text.uip_icmp6_send
                0x0000d034       0x84 contiki-z1.a(uip-icmp6.o)
                0x0000d034                uip_icmp6_send
 .any.text.uip_icmp6_init
                0x0000d0b8       0x12 contiki-z1.a(uip-icmp6.o)
                0x0000d0b8                uip_icmp6_init
 .any.text.update_nbr
                0x0000d0ca       0xda contiki-z1.a(rpl-nbr-policy.)
 .any.text.handle_periodic_timer
                0x0000d1a4        0xe contiki-z1.a(rpl-nbr-policy.)
 .any.text.find_removable_dis
                0x0000d1b2       0x16 contiki-z1.a(rpl-nbr-policy.)
                0x0000d1b2                find_removable_dis
 .any.text.find_removable_dio
                0x0000d1c8       0x3c contiki-z1.a(rpl-nbr-policy.)
                0x0000d1c8                find_removable_dio
 .any.text.find_removable_dao
                0x0000d204       0x34 contiki-z1.a(rpl-nbr-policy.)
                0x0000d204                find_removable_dao
 .any.text.rpl_nbr_policy_find_removable
                0x0000d238       0x30 contiki-z1.a(rpl-nbr-policy.)
                0x0000d238                rpl_nbr_policy_find_removable
 .any.text.frame802154_get_pan_id
                0x0000d268        0x6 contiki-z1.a(frame802154.o)
                0x0000d268                frame802154_get_pan_id
 .any.text.frame802154_has_panid
                0x0000d26e       0x78 contiki-z1.a(frame802154.o)
                0x0000d26e                frame802154_has_panid
 .any.text.field_len
                0x0000d2e6       0xa8 contiki-z1.a(frame802154.o)
 .any.text.frame802154_is_broadcast_addr
                0x0000d38e       0x28 contiki-z1.a(frame802154.o)
                0x0000d38e                frame802154_is_broadcast_addr
 .any.text.frame802154_hdrlen
                0x0000d3b6       0x32 contiki-z1.a(frame802154.o)
                0x0000d3b6                frame802154_hdrlen
 .any.text.frame802154_create
                0x0000d3e8      0x136 contiki-z1.a(frame802154.o)
                0x0000d3e8                frame802154_create
 .any.text.frame802154_parse
                0x0000d51e      0x1be contiki-z1.a(frame802154.o)
                0x0000d51e                frame802154_parse
 .any.text.printf
                0x0000d6dc       0x10 /usr/local/bin/../lib/gcc/msp430/4.7.2/../../../../msp430/lib/mcpu-430x/mmpy-16/msr20/mc20/libc.a(printf.o)
                0x0000d6dc                printf
 .any.text.append
                0x0000d6ec       0x22 /usr/local/bin/../lib/gcc/msp430/4.7.2/../../../../msp430/lib/mcpu-430x/mmpy-16/msr20/mc20/libc.a(sprintf.o)
 .any.text.call_vuprintf
                0x0000d70e       0x36 /usr/local/bin/../lib/gcc/msp430/4.7.2/../../../../msp430/lib/mcpu-430x/mmpy-16/msr20/mc20/libc.a(sprintf.o)
 .any.text.snprintf
                0x0000d744       0x1c /usr/local/bin/../lib/gcc/msp430/4.7.2/../../../../msp430/lib/mcpu-430x/mmpy-16/msr20/mc20/libc.a(sprintf.o)
                0x0000d744                snprintf
 .any.text.print_field
                0x0000d760      0x176 /usr/local/bin/../lib/gcc/msp430/4.7.2/../../../../msp430/lib/mcpu-430x/mmpy-16/msr20/mc20/libc.a(vuprintf.o)
 .any.text.vuprintf
                0x0000d8d6      0x742 /usr/local/bin/../lib/gcc/msp430/4.7.2/../../../../msp430/lib/mcpu-430x/mmpy-16/msr20/mc20/libc.a(vuprintf.o)
                0x0000d8d6                vuprintf
 .any.text.puts
                0x0000e018       0x2c /usr/local/bin/../lib/gcc/msp430/4.7.2/../../../../msp430/lib/mcpu-430x/mmpy-16/msr20/mc20/libc.a(puts.o)
                0x0000e018                puts
 .any.text.rand
                0x0000e044       0x26 /usr/local/bin/../lib/gcc/msp430/4.7.2/../../../../msp430/lib/mcpu-430x/mmpy-16/msr20/mc20/libc.a(rand.o)
                0x0000e044                rand
 .any.text.srand
                0x0000e06a        0xa /usr/local/bin/../lib/gcc/msp430/4.7.2/../../../../msp430/lib/mcpu-430x/mmpy-16/msr20/mc20/libc.a(rand.o)
                0x0000e06a                srand
 .any.text.strncmp
                0x0000e074       0x2a /usr/local/bin/../lib/gcc/msp430/4.7.2/../../../../msp430/lib/mcpu-430x/mmpy-16/msr20/mc20/libc.a(strncmp.o)
                0x0000e074                strncmp
 .any.text.memcmp
                0x0000e09e       0x2c /usr/local/bin/../lib/gcc/msp430/4.7.2/../../../../msp430/lib/mcpu-430x/mmpy-16/msr20/mc20/libc.a(memcmp.o)
                0x0000e09e                memcmp
 .any.text.strcpy
                0x0000e0ca       0x14 /usr/local/bin/../lib/gcc/msp430/4.7.2/../../../../msp430/lib/mcpu-430x/mmpy-16/msr20/mc20/libc.a(strcpy.o)
                0x0000e0ca                strcpy
 .any.text.strncpy
                0x0000e0de       0x2a /usr/local/bin/../lib/gcc/msp430/4.7.2/../../../../msp430/lib/mcpu-430x/mmpy-16/msr20/mc20/libc.a(strncpy.o)
                0x0000e0de                strncpy
 .any.text.memcpy
                0x0000e108       0xe8 /usr/local/bin/../lib/gcc/msp430/4.7.2/../../../../msp430/lib/mcpu-430x/mmpy-16/msr20/mc20/libc.a(memcpy.o)
                0x0000e108                memcpy
 .any.text.memmove
                0x0000e1f0       0xe8 /usr/local/bin/../lib/gcc/msp430/4.7.2/../../../../msp430/lib/mcpu-430x/mmpy-16/msr20/mc20/libc.a(memmove.o)
                0x0000e1f0                memmove
 .any.text.memset
                0x0000e2d8       0x5c /usr/local/bin/../lib/gcc/msp430/4.7.2/../../../../msp430/lib/mcpu-430x/mmpy-16/msr20/mc20/libc.a(memset.o)
                0x0000e2d8                memset

.rodata         0x0000e334      0x62f
                0x0000e334                . = ALIGN (0x2)
 *(.rodata .rodata.* .gnu.linkonce.r.*)
 .rodata.ipaddr_add
                0x0000e334        0x8 border-router.co
 .rodata.generate_routes
                0x0000e33c       0x81 border-router.co
 .rodata.process_thread_border_router_process
                0x0000e3bd       0x17 border-router.co
 .rodata.autostart_processes
                0x0000e3d4        0x6 border-router.co
                0x0000e3d4                autostart_processes
 .rodata        0x0000e3da       0x21 border-router.co
 .rodata.slip_input_callback
                0x0000e3fb       0x67 obj_z1/slip-bridge.o
 .rodata.output
                0x0000e462       0x3a obj_z1/slip-bridge.o
 .rodata.rpl_interface
                0x0000e49c        0x8 obj_z1/slip-bridge.o
                0x0000e49c                rpl_interface
 .rodata.handle_output
                0x0000e4a4       0x59 obj_z1/httpd-simple.o
 .rodata.http_get
                0x0000e4fd        0x5 obj_z1/httpd-simple.o
                0x0000e4fd                http_get
 .rodata.http_header_404
                0x0000e502       0x5d obj_z1/httpd-simple.o
                0x0000e502                http_header_404
 .rodata.http_header_200
                0x0000e55f       0x56 obj_z1/httpd-simple.o
                0x0000e55f                http_header_200
 .rodata.http_content_type_html
                0x0000e5b5       0x1c obj_z1/httpd-simple.o
                0x0000e5b5                http_content_type_html
 .rodata        0x0000e5d1      0x115 obj_z1/contiki-z1-main.o
 *fill*         0x0000e6e6        0x2 00
 .rodata.get_value
                0x0000e6e8       0x44 contiki-z1.a(cc2420.o)
 .rodata.set_value
                0x0000e72c       0x20 contiki-z1.a(cc2420.o)
 .rodata.cc2420_driver
                0x0000e74c       0x38 contiki-z1.a(cc2420.o)
                0x0000e74c                cc2420_driver
 .rodata        0x0000e784        0xe contiki-z1.a(cc2420.o)
 .rodata.output_power
                0x0000e792       0x10 contiki-z1.a(cc2420.o)
 .rodata        0x0000e7a2        0x8 contiki-z1.a(sensors.o)
 .rodata        0x0000e7aa        0x7 contiki-z1.a(button-sensor.o)
 *fill*         0x0000e7b1        0x1 00
 .rodata.button_sensor
                0x0000e7b2        0xe contiki-z1.a(button-sensor.o)
                0x0000e7b2                button_sensor
 .rodata.process_thread_slip_process
                0x0000e7c0       0x15 contiki-z1.a(slip.o)
 .rodata        0x0000e7d5        0xc contiki-z1.a(slip.o)
 .rodata        0x0000e7e1       0x25 contiki-z1.a(adxl345.o)
 .rodata.adxl345
                0x0000e806        0xe contiki-z1.a(adxl345.o)
                0x0000e806                adxl345
 .rodata        0x0000e814        0xe contiki-z1.a(tmp102.o)
 .rodata.tmp102
                0x0000e822        0xe contiki-z1.a(tmp102.o)
                0x0000e822                tmp102
 .rodata        0x0000e830        0xf contiki-z1.a(ctimer.o)
 .rodata        0x0000e83f        0xc contiki-z1.a(etimer.o)
 *fill*         0x0000e84b        0x1 00
 .rodata.uip_process
                0x0000e84c       0x40 contiki-z1.a(uip6.o)
 .rodata        0x0000e88c        0xb contiki-z1.a(sicslowpan.o)
 *fill*         0x0000e897        0x1 00
 .rodata.sicslowpan_driver
                0x0000e898        0xa contiki-z1.a(sicslowpan.o)
                0x0000e898                sicslowpan_driver
 .rodata.llprefix
                0x0000e8a2        0x2 contiki-z1.a(sicslowpan.o)
                0x0000e8a2                llprefix
 .rodata.unc_mxconf
                0x0000e8a4        0x4 contiki-z1.a(sicslowpan.o)
                0x0000e8a4                unc_mxconf
 .rodata.unc_ctxconf
                0x0000e8a8        0x4 contiki-z1.a(sicslowpan.o)
                0x0000e8a8                unc_ctxconf
 .rodata.unc_llconf
                0x0000e8ac        0x4 contiki-z1.a(sicslowpan.o)
                0x0000e8ac                unc_llconf
 .rodata.ttl_values
                0x0000e8b0        0x4 contiki-z1.a(sicslowpan.o)
 .rodata.uip_debug_ipaddr_print
                0x0000e8b4       0x28 contiki-z1.a(uip-debug.o)
 .rodata        0x0000e8dc        0xd contiki-z1.a(tcpip.o)
 *fill*         0x0000e8e9        0x1 00
 .rodata.linkaddr_null
                0x0000e8ea        0x8 contiki-z1.a(linkaddr.o)
                0x0000e8ea                linkaddr_null
 .rodata        0x0000e8f2        0x5 contiki-z1.a(csma.o)
 *fill*         0x0000e8f7        0x1 00
 .rodata.csma_driver
                0x0000e8f8       0x1a contiki-z1.a(csma.o)
                0x0000e8f8                csma_driver
 .rodata.framer_802154
                0x0000e912        0xc contiki-z1.a(framer-802154.o)
                0x0000e912                framer_802154
 .rodata        0x0000e91e        0x8 contiki-z1.a(nullrdc.o)
 .rodata.nullrdc_driver
                0x0000e926       0x1e contiki-z1.a(nullrdc.o)
                0x0000e926                nullrdc_driver
 .rodata        0x0000e944        0x8 contiki-z1.a(nullsec.o)
 .rodata.nullsec_driver
                0x0000e94c        0xe contiki-z1.a(nullsec.o)
                0x0000e94c                nullsec_driver
 .rodata.CSWTCH.16
                0x0000e95a        0x2 contiki-z1.a(frame802154.o)
 .rodata.vuprintf
                0x0000e95c        0x7 /usr/local/bin/../lib/gcc/msp430/4.7.2/../../../../msp430/lib/mcpu-430x/mmpy-16/msr20/mc20/libc.a(vuprintf.o)
 *(.near.rodata .near.rodata.*)
                0x0000e964                . = ALIGN (0x2)
                0x0000e964                _etext = .

.data           0x00001100      0x168 load address 0x0000e964
                0x00001100                . = ALIGN (0x2)
                0x00001100                __data_start = .
 *(.data .data.* .gnu.linkonce.d.*)
 .data.webserver_nogui_process
                0x00001100        0xc border-router.co
                0x00001100                webserver_nogui_process
 .data.border_router_process
                0x0000110c        0xc border-router.co
                0x0000110c                border_router_process
 .data.conns    0x00001118        0x8 obj_z1/httpd-simple.o
 .data.cur_break
                0x00001120        0x2 contiki-z1.a(msp430.o)
 .data.cc2420_process
                0x00001122        0xc contiki-z1.a(cc2420.o)
                0x00001122                cc2420_process
 .data.send_on_cca
                0x0000112e        0x1 contiki-z1.a(cc2420.o)
 *fill*         0x0000112f        0x1 00
 .data.sensors_process
                0x00001130        0xc contiki-z1.a(sensors.o)
                0x00001130                sensors_process
 .data.slip_process
                0x0000113c        0xc contiki-z1.a(slip.o)
                0x0000113c                slip_process
 .data.sensors  0x00001148        0x8 contiki-z1.a(z1-sensors.o)
                0x00001148                sensors
 .data.accmeter_process
                0x00001150        0xc contiki-z1.a(adxl345.o)
                0x00001150                accmeter_process
 .data.adxl345_default_settings
                0x0000115c       0x16 contiki-z1.a(adxl345.o)
 .data.ctimer_process
                0x00001172        0xc contiki-z1.a(ctimer.o)
                0x00001172                ctimer_process
 .data.etimer_process
                0x0000117e        0xc contiki-z1.a(etimer.o)
                0x0000117e                etimer_process
 .data.nbr_routes
                0x0000118a        0x2 contiki-z1.a(uip-ds6-route.o)
                0x0000118a                nbr_routes
 .data.routememb
                0x0000118c        0x8 contiki-z1.a(uip-ds6-route.o)
 .data.defaultroutermemb
                0x00001194        0x8 contiki-z1.a(uip-ds6-route.o)
 .data.neighborroutememb
                0x0000119c        0x8 contiki-z1.a(uip-ds6-route.o)
 .data.nbr_routes_struct
                0x000011a4        0xa contiki-z1.a(uip-ds6-route.o)
 .data.ds6_neighbors
                0x000011ae        0x2 contiki-z1.a(uip-ds6-nbr.o)
                0x000011ae                ds6_neighbors
 .data.ds6_neighbors_struct
                0x000011b0        0xa contiki-z1.a(uip-ds6-nbr.o)
 .data.tcpip_process
                0x000011ba        0xc contiki-z1.a(tcpip.o)
                0x000011ba                tcpip_process
 .data.rpl_parents
                0x000011c6        0x2 contiki-z1.a(rpl-dag.o)
                0x000011c6                rpl_parents
 .data.rpl_parents_struct
                0x000011c8        0xa contiki-z1.a(rpl-dag.o)
 .data.rpl_mrhof
                0x000011d2       0x22 contiki-z1.a(rpl-mrhof.o)
                0x000011d2                rpl_mrhof
 .data.dao_sequence
                0x000011f4        0x1 contiki-z1.a(rpl-icmp6.o)
 *fill*         0x000011f5        0x1 00
 .data.dis_handler
                0x000011f6        0x8 contiki-z1.a(rpl-icmp6.o)
 .data.dio_handler
                0x000011fe        0x8 contiki-z1.a(rpl-icmp6.o)
 .data.dao_handler
                0x00001206        0x8 contiki-z1.a(rpl-icmp6.o)
 .data.dao_ack_handler
                0x0000120e        0x8 contiki-z1.a(rpl-icmp6.o)
 .data.buframmem
                0x00001216        0x8 contiki-z1.a(queuebuf.o)
 .data.bufmem   0x0000121e        0x8 contiki-z1.a(queuebuf.o)
 .data.neighbor_addr_mem
                0x00001226        0x8 contiki-z1.a(nbr-table.o)
 .data.link_stats_struct
                0x0000122e        0xa contiki-z1.a(link-stats.o)
 .data.neighbor_memb
                0x00001238        0x8 contiki-z1.a(csma.o)
 .data.packet_memb
                0x00001240        0x8 contiki-z1.a(csma.o)
 .data.metadata_memb
                0x00001248        0x8 contiki-z1.a(csma.o)
 .data.prescale_lsb
                0x00001250        0x1 contiki-z1.a(i2cmaster.o)
                0x00001250                prescale_lsb
 *fill*         0x00001251        0x1 00
 .data.echo_request_handler
                0x00001252        0x8 contiki-z1.a(uip-icmp6.o)
 .data.echo_reply_handler
                0x0000125a        0x8 contiki-z1.a(uip-icmp6.o)
 .data.mac_pan_id
                0x00001262        0x2 contiki-z1.a(frame802154.o)
 .data.next     0x00001264        0x4 /usr/local/bin/../lib/gcc/msp430/4.7.2/../../../../msp430/lib/mcpu-430x/mmpy-16/msr20/mc20/libc.a(rand.o)
 *(.near.data .near.data.*)
                0x00001268                . = ALIGN (0x2)
                0x00001268                _edata = .
                0x0000e964                __data_load_start = LOADADDR (.data)
                0x00000168                __data_size = SIZEOF (.data)

.bss            0x00001268     0x1c98 load address 0x0000eacc
                0x00001268                __bss_start = .
 *(.bss .bss.*)
 .bss.prefix_set
                0x00001268        0x1 border-router.co
 *fill*         0x00001269        0x1 00
 .bss.et.4854   0x0000126a        0xc border-router.co
 .bss.blen      0x00001276        0x2 border-router.co