Archive member included to satisfy reference by file (symbol)

obj_cooja/mtype264.a(er-coap-engine.)
                              main.co (coap_rest_implementation)
obj_cooja/mtype264.a(er-coap-transac)
                              obj_cooja/mtype264.a(er-coap-engine.) (coap_register_as_transaction_handler)
obj_cooja/mtype264.a(er-coap-observe)
                              obj_cooja/mtype264.a(er-coap-transac) (coap_remove_observer_by_client)
obj_cooja/mtype264.a(er-coap-res-wel)
                              obj_cooja/mtype264.a(er-coap-engine.) (res_well_known_core)
obj_cooja/mtype264.a(rest-engine.o)
                              main.co (rest_init_engine)
obj_cooja/mtype264.a(simEnvChange.o)
                              obj_cooja/mtype264.o (simDontFallAsleep)
obj_cooja/mtype264.a(cooja_mt.o)
                              obj_cooja/mtype264.o (cooja_mt_start)
obj_cooja/mtype264.a(cooja_mtarch.o)
                              obj_cooja/mtype264.a(cooja_mt.o) (cooja_mtarch_init)
obj_cooja/mtype264.a(rtimer-arch.o)
                              obj_cooja/mtype264.o (rtimer_arch_next)
obj_cooja/mtype264.a(beep.o)  obj_cooja/mtype264.o (beep_interface)
obj_cooja/mtype264.a(button-sensor.o)
                              obj_cooja/mtype264.o (button_interface)
obj_cooja/mtype264.a(leds-arch.o)
                              obj_cooja/mtype264.o (leds_interface)
obj_cooja/mtype264.a(moteid.o)
                              obj_cooja/mtype264.o (moteid_interface)
obj_cooja/mtype264.a(pir-sensor.o)
                              obj_cooja/mtype264.o (pir_interface)
obj_cooja/mtype264.a(rs232.o)
                              obj_cooja/mtype264.o (rs232_interface)
obj_cooja/mtype264.a(vib-sensor.o)
                              obj_cooja/mtype264.o (vib_interface)
obj_cooja/mtype264.a(clock.o)
                              obj_cooja/mtype264.o (clock_interface)
obj_cooja/mtype264.a(log.o)   obj_cooja/mtype264.o (simlog_interface)
obj_cooja/mtype264.a(cfs-cooja.o)
                              obj_cooja/mtype264.o (cfs_interface)
obj_cooja/mtype264.a(cooja-radio.o)
                              obj_cooja/mtype264.o (radio_interface)
obj_cooja/mtype264.a(eeprom.o)
                              obj_cooja/mtype264.o (eeprom_interface)
obj_cooja/mtype264.a(random.o)
                              obj_cooja/mtype264.a(moteid.o) (random_init)
obj_cooja/mtype264.a(sensors.o)
                              main.co (sensors_event)
obj_cooja/mtype264.a(autostart.o)
                              obj_cooja/mtype264.o (autostart_start)
obj_cooja/mtype264.a(ctimer.o)
                              obj_cooja/mtype264.o (ctimer_init)
obj_cooja/mtype264.a(etimer.o)
                              obj_cooja/mtype264.o (etimer_process)
obj_cooja/mtype264.a(process.o)
                              obj_cooja/mtype264.a(er-coap-engine.) (process_current)
obj_cooja/mtype264.a(rtimer.o)
                              obj_cooja/mtype264.a(rtimer-arch.o) (rtimer_run_next)
obj_cooja/mtype264.a(timer.o)
                              obj_cooja/mtype264.a(button-sensor.o) (timer_set)
obj_cooja/mtype264.a(serial-line.o)
                              obj_cooja/mtype264.a(rs232.o) (serial_line_input_byte)
obj_cooja/mtype264.a(ringbuf.o)
                              obj_cooja/mtype264.a(serial-line.o) (ringbuf_init)
obj_cooja/mtype264.a(list.o)  obj_cooja/mtype264.a(rest-engine.o) (list_init)
obj_cooja/mtype264.a(memb.o)  obj_cooja/mtype264.a(er-coap-transac) (memb_alloc)
obj_cooja/mtype264.a(uip-ds6.o)
                              obj_cooja/mtype264.o (uip_ds6_set_addr_iid)
obj_cooja/mtype264.a(uip-ds6-route.o)
                              obj_cooja/mtype264.a(uip-ds6.o) (uip_ds6_route_init)
obj_cooja/mtype264.a(uip6.o)  obj_cooja/mtype264.o (uip_lladdr)
obj_cooja/mtype264.a(uip-ds6-nbr.o)
                              obj_cooja/mtype264.a(uip-ds6.o) (uip_ds6_neighbors_init)
obj_cooja/mtype264.a(uip-nd6.o)
                              obj_cooja/mtype264.a(uip6.o) (uip_nd6_init)
obj_cooja/mtype264.a(sicslowpan.o)
                              obj_cooja/mtype264.o (sicslowpan_driver)
obj_cooja/mtype264.a(uip-packetqueue)
                              obj_cooja/mtype264.a(uip-ds6-nbr.o) (uip_packetqueue_new)
obj_cooja/mtype264.a(uip-debug.o)
                              obj_cooja/mtype264.a(uip-ds6-route.o) (uip_debug_ipaddr_print)
obj_cooja/mtype264.a(tcpip.o)
                              obj_cooja/mtype264.a(er-coap-engine.) (tcpip_event)
obj_cooja/mtype264.a(rpl-dag.o)
                              obj_cooja/mtype264.a(tcpip.o) (rpl_repair_root)
obj_cooja/mtype264.a(rpl-timers.o)
                              obj_cooja/mtype264.a(rpl-dag.o) (rpl_reset_dio_timer)
obj_cooja/mtype264.a(rpl-ext-header.)
                              obj_cooja/mtype264.a(uip6.o) (rpl_verify_hbh_header)
obj_cooja/mtype264.a(rpl.o)   obj_cooja/mtype264.a(rpl-dag.o) (rpl_stats)
obj_cooja/mtype264.a(rpl-mrhof.o)
[...]
Memory Configuration

Name             Origin             Length             Attributes
*default*        0x0000000000000000 0xffffffffffffffff

Linker script and memory map

LOAD /usr/lib/gcc/i686-linux-gnu/5/../../../i386-linux-gnu/crti.o
LOAD /usr/lib/gcc/i686-linux-gnu/5/crtbeginS.o
LOAD main.co
LOAD obj_cooja/mtype264.o
LOAD obj_cooja/mtype264.a
LOAD /usr/lib/gcc/i686-linux-gnu/5/libgcc.a
LOAD /usr/lib/gcc/i686-linux-gnu/5/libgcc_s.so
LOAD /usr/lib/gcc/i686-linux-gnu/5/../../../i386-linux-gnu/libc.so
START GROUP
LOAD /lib/i386-linux-gnu/libc.so.6
LOAD /usr/lib/i386-linux-gnu/libc_nonshared.a
LOAD /lib/i386-linux-gnu/ld-linux.so.2
END GROUP
LOAD /usr/lib/gcc/i686-linux-gnu/5/libgcc.a
LOAD /usr/lib/gcc/i686-linux-gnu/5/libgcc_s.so
LOAD /usr/lib/gcc/i686-linux-gnu/5/crtendS.o
LOAD /usr/lib/gcc/i686-linux-gnu/5/../../../i386-linux-gnu/crtn.o
                0x0000000000000114                . = (0x0 + SIZEOF_HEADERS)

.note.gnu.build-id
                0x0000000000000114       0x24
 *(.note.gnu.build-id)
 .note.gnu.build-id
                0x0000000000000114       0x24 /usr/lib/gcc/i686-linux-gnu/5/../../../i386-linux-gnu/crti.o

.hash
 *(.hash)

.gnu.hash       0x0000000000000138     0x1354
 *(.gnu.hash)
 .gnu.hash      0x0000000000000138     0x1354 /usr/lib/gcc/i686-linux-gnu/5/../../../i386-linux-gnu/crti.o

.dynsym         0x000000000000148c     0x25d0
 *(.dynsym)
 .dynsym        0x000000000000148c     0x25d0 /usr/lib/gcc/i686-linux-gnu/5/../../../i386-linux-gnu/crti.o

.dynstr         0x0000000000003a5c     0x2940
 *(.dynstr)
 .dynstr        0x0000000000003a5c     0x2940 /usr/lib/gcc/i686-linux-gnu/5/../../../i386-linux-gnu/crti.o

.gnu.version    0x000000000000639c      0x4ba
 *(.gnu.version)
 .gnu.version   0x000000000000639c      0x4ba /usr/lib/gcc/i686-linux-gnu/5/../../../i386-linux-gnu/crti.o

.gnu.version_d  0x0000000000006858        0x0
 *(.gnu.version_d)
 .gnu.version_d
                0x0000000000006858        0x0 /usr/lib/gcc/i686-linux-gnu/5/../../../i386-linux-gnu/crti.o

.gnu.version_r  0x0000000000006858       0x40
 *(.gnu.version_r)
 .gnu.version_r
                0x0000000000006858       0x40 /usr/lib/gcc/i686-linux-gnu/5/../../../i386-linux-gnu/crti.o

.rel.dyn        0x0000000000006898     0x7cc8
 *(.rel.init)
 .rel.init      0x0000000000006898        0x0 /usr/lib/gcc/i686-linux-gnu/5/../../../i386-linux-gnu/crti.o
 *(.rel.text .rel.text.* .rel.gnu.linkonce.t.*)
 .rel.text      0x0000000000006898     0x7250 /usr/lib/gcc/i686-linux-gnu/5/../../../i386-linux-gnu/crti.o
 *(.rel.fini)
 .rel.fini      0x000000000000dae8        0x0 /usr/lib/gcc/i686-linux-gnu/5/../../../i386-linux-gnu/crti.o
 *(.rel.rodata .rel.rodata.* .rel.gnu.linkonce.r.*)
 .rel.rodata    0x000000000000dae8      0x700 /usr/lib/gcc/i686-linux-gnu/5/../../../i386-linux-gnu/crti.o
 *(.rel.data.rel.ro .rel.data.rel.ro.* .rel.gnu.linkonce.d.rel.ro.*)
 *(.rel.data .rel.data.* .rel.gnu.linkonce.d.*)
 .rel.data.rel.local
                0x000000000000e1e8        0x8 /usr/lib/gcc/i686-linux-gnu/5/../../../i386-linux-gnu/crti.o
 .rel.data      0x000000000000e1f0      0x338 /usr/lib/gcc/i686-linux-gnu/5/../../../i386-linux-gnu/crti.o
 *(.rel.tdata .rel.tdata.* .rel.gnu.linkonce.td.*)
 *(.rel.tbss .rel.tbss.* .rel.gnu.linkonce.tb.*)
 *(.rel.ctors)
 *(.rel.dtors)
 *(.rel.got)
 .rel.got       0x000000000000e528       0x28 /usr/lib/gcc/i686-linux-gnu/5/../../../i386-linux-gnu/crti.o
 *(.rel.bss .rel.bss.* .rel.gnu.linkonce.b.*)
 *(.rel.ifunc)
 .rel.ifunc     0x000000000000e550        0x0 /usr/lib/gcc/i686-linux-gnu/5/../../../i386-linux-gnu/crti.o
 .rel.fini_array
                0x000000000000e550        0x8 /usr/lib/gcc/i686-linux-gnu/5/../../../i386-linux-gnu/crti.o
 .rel.init_array
                0x000000000000e558        0x8 /usr/lib/gcc/i686-linux-gnu/5/../../../i386-linux-gnu/crti.o

.rel.plt        0x000000000000e560        0x0
 *(.rel.plt)
 .rel.plt       0x000000000000e560        0x0 /usr/lib/gcc/i686-linux-gnu/5/../../../i386-linux-gnu/crti.o
 *(.rel.iplt)

.init           0x000000000000e560       0x23
 *(SORT(.init))
 .init          0x000000000000e560       0x1e /usr/lib/gcc/i686-linux-gnu/5/../../../i386-linux-gnu/crti.o
                0x000000000000e560                _init
 .init          0x000000000000e57e        0x5 /usr/lib/gcc/i686-linux-gnu/5/../../../i386-linux-gnu/crtn.o

.plt            0x000000000000e590       0x10
 *(.plt)
 .plt           0x000000000000e590       0x10 /usr/lib/gcc/i686-linux-gnu/5/../../../i386-linux-gnu/crti.o
 *(.iplt)

.plt.got        0x000000000000e5a0       0x10
 *(.plt.got)
 .plt.got       0x000000000000e5a0       0x10 /usr/lib/gcc/i686-linux-gnu/5/../../../i386-linux-gnu/crti.o

.text           0x000000000000e5b0    0x165dc
 *(.text.unlikely .text.*_unlikely .text.unlikely.*)
 .text.unlikely
                0x000000000000e5b0        0x0 /usr/lib/gcc/i686-linux-gnu/5/crtbeginS.o
 *(.text.exit .text.exit.*)
 *(.text.startup .text.startup.*)
 *(.text.hot .text.hot.*)
 *(.text .stub .text.* .gnu.linkonce.t.*)
 .text          0x000000000000e5b0        0x0 /usr/lib/gcc/i686-linux-gnu/5/../../../i386-linux-gnu/crti.o
 .gnu.linkonce.t.__x86.get_pc_thunk.bx
                0x000000000000e5b0        0x4 /usr/lib/gcc/i686-linux-gnu/5/../../../i386-linux-gnu/crti.o
                0x000000000000e5b0                __x86.get_pc_thunk.bx
 *fill*         0x000000000000e5b4        0xc 
 .text          0x000000000000e5c0      0x11c /usr/lib/gcc/i686-linux-gnu/5/crtbeginS.o
 .text.__x86.get_pc_thunk.dx
                0x000000000000e6dc        0x4 /usr/lib/gcc/i686-linux-gnu/5/crtbeginS.o
                0x000000000000e6dc                __x86.get_pc_thunk.dx
 .text          0x000000000000e6e0      0x28a main.co
 .text          0x000000000000e96a      0x6e4 obj_cooja/mtype264.o
                0x000000000000eaad                contiki_init
                0x000000000000ee82                Java_org_contikios_cooja_corecomm_Lib11_init
                0x000000000000eeb9                Java_org_contikios_cooja_corecomm_Lib11_getMemory
                0x000000000000eeec                Java_org_contikios_cooja_corecomm_Lib11_setMemory
                0x000000000000ef4c                Java_org_contikios_cooja_corecomm_Lib11_tick
                0x000000000000f03b                Java_org_contikios_cooja_corecomm_Lib11_setReferenceAddress
 .text          0x000000000000f04e      0x96a obj_cooja/mtype264.a(er-coap-engine.)
                0x000000000000f6ad                coap_init_engine
                0x000000000000f6c8                coap_set_service_callback
                0x000000000000f6d6                coap_get_rest_method
                0x000000000000f792                coap_blocking_request_callback
                0x000000000000f7bc                coap_blocking_request
 .text          0x000000000000f9b8      0x2ca obj_cooja/mtype264.a(er-coap-transac)
                0x000000000000f9b8                coap_register_as_transaction_handler
                0x000000000000f9c8                coap_new_transaction
                0x000000000000fa48                coap_send_transaction
                0x000000000000fb81                coap_clear_transaction
                0x000000000000fbc9                coap_get_transaction_by_mid
                0x000000000000fc1a                coap_check_transactions
 .text          0x000000000000fc82      0x832 obj_cooja/mtype264.a(er-coap-observe)
                0x000000000000fd6b                coap_remove_observer
                0x000000000000fd9b                coap_remove_observer_by_client
                0x000000000000fe19                coap_remove_observer_by_token
                0x000000000000fec2                coap_remove_observer_by_uri
                0x000000000000ff86                coap_remove_observer_by_mid
                0x0000000000010018                coap_notify_observers
                0x0000000000010031                coap_notify_observers_sub
                0x000000000001037e                coap_observe_handler
 .text          0x00000000000104b4      0x2dc obj_cooja/mtype264.a(er-coap-res-wel)
                0x00000000000104b4                well_known_core_get_handler
 .text          0x0000000000010790      0x490 obj_cooja/mtype264.a(rest-engine.o)
                0x0000000000010790                rest_init_engine
                0x00000000000107e9                rest_activate_resource
                0x0000000000010850                rest_get_resources
                0x000000000001085a                rest_invoke_restful_service
 .text          0x0000000000010c20       0x65 obj_cooja/mtype264.a(simEnvChange.o)
                0x0000000000010c20                doActionsBeforeTick
                0x0000000000010c52                doActionsAfterTick
 .text          0x0000000000010c85       0xc2 obj_cooja/mtype264.a(cooja_mt.o)
                0x0000000000010c85                cooja_mt_init
                0x0000000000010c93                cooja_mt_remove
                0x0000000000010ca1                cooja_mt_start
                0x0000000000010ccb                cooja_mt_exec
                0x0000000000010d01                cooja_mt_exit
                0x0000000000010d24                cooja_mt_yield
 .text          0x0000000000010d47      0x114 obj_cooja/mtype264.a(cooja_mtarch.o)
                0x0000000000010d47                cooja_mtarch_init
                0x0000000000010d4d                cooja_mtarch_start
                0x0000000000010dc0                cooja_sw
                0x0000000000010de3                cooja_mtarch_exec
                0x0000000000010e00                cooja_mtarch_remove
                0x0000000000010e06                cooja_mtarch_yield
                0x0000000000010e11                cooja_mtarch_pstop
                0x0000000000010e17                cooja_mtarch_pstart
                0x0000000000010e1d                cooja_mtarch_stack_usage
 .text          0x0000000000010e5b       0xc4 obj_cooja/mtype264.a(rtimer-arch.o)
                0x0000000000010e5b                rtimer_arch_init
                0x0000000000010e7f                rtimer_arch_schedule
                0x0000000000010e97                rtimer_arch_next
                0x0000000000010ea1                rtimer_arch_pending
                0x0000000000010eab                rtimer_arch_check
                0x0000000000010edd                rtimer_arch_now
 .text          0x0000000000010f1f       0x81 obj_cooja/mtype264.a(beep.o)
                0x0000000000010f1f                beep_alarm
                0x0000000000010f2c                beep_beep
                0x0000000000010f39                beep
                0x0000000000010f46                beep_down
                0x0000000000010f53                beep_on
                0x0000000000010f60                beep_off
                0x0000000000010f6d                beep_spinup
                0x0000000000010f7a                beep_quick
                0x0000000000010f87                beep_long
 .text          0x0000000000010fa0      0x10d obj_cooja/mtype264.a(button-sensor.o)
 .text          0x00000000000110ad       0x49 obj_cooja/mtype264.a(leds-arch.o)
                0x00000000000110ad                leds_arch_init
                0x00000000000110ba                leds_arch_get
                0x00000000000110c6                leds_arch_set
 .text          0x00000000000110f6       0x35 obj_cooja/mtype264.a(moteid.o)
 .text          0x000000000001112b       0xb7 obj_cooja/mtype264.a(pir-sensor.o)
 .text          0x00000000000111e2      0x148 obj_cooja/mtype264.a(rs232.o)
                0x00000000000111e2                rs232_init
                0x00000000000111e8                rs232_set_speed
                0x00000000000111f7                rs232_set_input
                0x0000000000011205                rs232_send
                0x0000000000011229                rs232_print
                0x0000000000011245                slip_arch_writeb
 .text          0x000000000001132a       0xb7 obj_cooja/mtype264.a(vib-sensor.o)
 .text          0x00000000000113e1       0x38 obj_cooja/mtype264.a(clock.o)
                0x00000000000113e1                clock_init
                0x00000000000113e7                clock_time
                0x00000000000113f1                clock_seconds
                0x0000000000011407                clock_delay
 .text          0x0000000000011419      0x219 obj_cooja/mtype264.a(log.o)
                0x0000000000011419                simlog_char
                0x000000000001145c                simlog
                0x00000000000114d2                log_message
                0x0000000000011503                log_set_putchar_with_slip
                0x0000000000011511                log_putchar
                0x000000000001158c                log_puts
                0x00000000000115b4                log_printf
 .text          0x0000000000011632      0x2b9 obj_cooja/mtype264.a(cfs-cooja.o)
                0x0000000000011632                cfs_open
                0x000000000001169b                cfs_close
                0x00000000000116a8                cfs_read
                0x000000000001173d                cfs_write
                0x0000000000011819                cfs_seek
                0x00000000000118a1                cfs_remove
                0x00000000000118c5                cfs_opendir
                0x00000000000118cf                cfs_readdir
                0x00000000000118d9                cfs_closedir
 .text          0x00000000000118eb      0x3dc obj_cooja/mtype264.a(cooja-radio.o)
                0x0000000000011915                radio_set_channel
                0x0000000000011923                radio_set_txpower
                0x000000000001193b                radio_signal_strength_last
                0x0000000000011945                radio_signal_strength_current
                0x000000000001194f                radio_LQI
 .text          0x0000000000011cc7       0xee obj_cooja/mtype264.a(eeprom.o)
                0x0000000000011cc7                eeprom_init
                0x0000000000011ccd                eeprom_read
                0x0000000000011d3b                eeprom_write
 .text          0x0000000000011db5       0x2d obj_cooja/mtype264.a(random.o)
                0x0000000000011db5                random_init
                0x0000000000011dd5                random_rand
 .text          0x0000000000011de2      0x29c obj_cooja/mtype264.a(sensors.o)
                0x0000000000011e1d                sensors_first
                0x0000000000011e27                sensors_next
                0x0000000000011e41                sensors_changed
                0x0000000000011e75                sensors_find
 .text          0x000000000001207e       0x92 obj_cooja/mtype264.a(autostart.o)
                0x000000000001207e                autostart_start
                0x00000000000120c8                autostart_exit
 .text          0x0000000000012110      0x355 obj_cooja/mtype264.a(ctimer.o)
                0x0000000000012238                ctimer_init
                0x000000000001226b                ctimer_set
                0x0000000000012291                ctimer_set_with_process
                0x000000000001230e                ctimer_reset
                0x0000000000012362                ctimer_restart
                0x00000000000123b6                ctimer_stop
                0x0000000000012406                ctimer_expired
 .text          0x0000000000012465      0x43f obj_cooja/mtype264.a(etimer.o)
                0x0000000000012689                etimer_request_poll
                0x0000000000012712                etimer_set
                0x000000000001273b                etimer_reset_with_new_interval
                0x000000000001276a                etimer_reset
                0x0000000000012790                etimer_restart
                0x00000000000127b6                etimer_adjust
                0x00000000000127d3                etimer_expired
                0x00000000000127e6                etimer_expiration_time
                0x00000000000127f8                etimer_start_time
                0x0000000000012802                etimer_pending
                0x0000000000012814                etimer_next_expiration_time
                0x000000000001282e                etimer_stop
 .text          0x00000000000128a4      0x4fb obj_cooja/mtype264.a(process.o)
                0x00000000000128a4                process_alloc_event
                0x00000000000128b9                process_start
                0x0000000000012a93                process_exit
                0x0000000000012ab0                process_init
                0x0000000000012c45                process_run
                0x0000000000012c78                process_nevents
                0x0000000000012c93                process_post
                0x0000000000012d26                process_post_synch
                0x0000000000012d5b                process_poll
                0x0000000000012d8b                process_is_running
 .text          0x0000000000012d9f       0xc6 obj_cooja/mtype264.a(rtimer.o)
                0x0000000000012d9f                rtimer_init
                0x0000000000012dad                rtimer_set
                0x0000000000012e07                rtimer_run_next
 .text          0x0000000000012e65       0x9c obj_cooja/mtype264.a(timer.o)
                0x0000000000012e65                timer_set
                0x0000000000012e83                timer_reset
                0x0000000000012e9b                timer_restart
                0x0000000000012eb0                timer_expired
                0x0000000000012edd                timer_remaining
 .text          0x0000000000012f01      0x1eb obj_cooja/mtype264.a(serial-line.o)
                0x0000000000012f01                serial_line_input_byte
                0x00000000000130b7                serial_line_init
 .text          0x00000000000130ec      0x156 obj_cooja/mtype264.a(ringbuf.o)
                0x00000000000130ec                ringbuf_init
                0x000000000001311e                ringbuf_put
                0x000000000001319c                ringbuf_get
                0x0000000000013209                ringbuf_size
                0x000000000001321b                ringbuf_elements
 .text          0x0000000000013242      0x24a obj_cooja/mtype264.a(list.o)
                0x0000000000013242                list_init
                0x0000000000013251                list_head
                0x000000000001325b                list_copy
                0x000000000001326b                list_tail
                0x00000000000132a1                list_add
                0x00000000000132ed                list_push
                0x0000000000013319                list_chop
                0x0000000000013383                list_pop
                0x00000000000133ab                list_remove
                0x0000000000013413                list_length
                0x0000000000013441                list_insert
                0x0000000000013475                list_item_next
 .text          0x000000000001348c      0x1b8 obj_cooja/mtype264.a(memb.o)
                0x000000000001348c                memb_init
                0x00000000000134e1                memb_alloc
                0x0000000000013546                memb_free
                0x00000000000135c1                memb_inmemb
                0x0000000000013600                memb_numfree
 .text          0x0000000000013644      0xae0 obj_cooja/mtype264.a(uip-ds6.o)
                0x0000000000013644                uip_ds6_init
                0x00000000000137ef                uip_ds6_periodic
                0x0000000000013876                uip_ds6_list_loop
                0x000000000001391a                uip_ds6_prefix_add
                0x00000000000139c6                uip_ds6_prefix_rm
                0x00000000000139d9                uip_ds6_prefix_lookup
                0x0000000000013a18                uip_ds6_is_addr_onlink
                0x0000000000013a8b                uip_ds6_addr_add
                0x0000000000013bab                uip_ds6_addr_rm
                0x0000000000013c54                uip_ds6_addr_lookup
                0x0000000000013c8d                uip_ds6_get_link_local
                0x0000000000013d0e                uip_ds6_get_global
                0x0000000000013d8f                uip_ds6_maddr_add
                0x0000000000013def                uip_ds6_maddr_rm
                0x0000000000013e02                uip_ds6_maddr_lookup
                0x0000000000013e3b                uip_ds6_aaddr_add
                0x0000000000013e9b                uip_ds6_aaddr_rm
                0x0000000000013eae                uip_ds6_aaddr_lookup
                0x0000000000013ee7                uip_ds6_select_src
                0x0000000000014030                uip_ds6_set_addr_iid
                0x000000000001405b                get_match_length
                0x00000000000140ec                uip_ds6_compute_reachable_time
 .text          0x0000000000014124      0x985 obj_cooja/mtype264.a(uip-ds6-route.o)
                0x000000000001419b                uip_ds6_notification_add
                0x00000000000141cd                uip_ds6_notification_rm
                0x00000000000141ea                uip_ds6_route_init
                0x0000000000014289                uip_ds6_route_nexthop
                0x00000000000142b8                uip_ds6_route_head
                0x00000000000142d1                uip_ds6_route_next
                0x00000000000142fa                uip_ds6_route_is_nexthop
                0x000000000001433c                uip_ds6_route_num_routes
                0x0000000000014346                uip_ds6_route_lookup
                0x000000000001440d                uip_ds6_route_add
                0x0000000000014637                uip_ds6_route_rm
                0x00000000000147ed                uip_ds6_route_rm_by_nexthop
                0x000000000001482c                uip_ds6_defrt_add
                0x00000000000148dd                uip_ds6_defrt_rm
                0x000000000001495e                uip_ds6_defrt_lookup
                0x00000000000149b8                uip_ds6_defrt_choose
                0x0000000000014a2e                uip_ds6_defrt_periodic
 .text          0x0000000000014aa9     0x11b7 obj_cooja/mtype264.a(uip6.o)
                0x0000000000014b58                uip_chksum
                0x0000000000014c39                uip_icmp6chksum
                0x0000000000014c4e                uip_udpchksum
                0x0000000000014c63                uip_init
                0x0000000000014ca7                remove_ext_hdr
                0x0000000000014d78                uip_udp_new
                0x0000000000015093                uip_process
                0x0000000000015b5b                uip_htons
                0x0000000000015b7d                uip_htonl
                0x0000000000015bbb                uip_send
 .text          0x0000000000015c60      0x2bb obj_cooja/mtype264.a(uip-ds6-nbr.o)
                0x0000000000015c7d                uip_ds6_neighbors_init
                0x0000000000015ca1                uip_ds6_nbr_add
                0x0000000000015d25                uip_ds6_nbr_rm
                0x0000000000015d6e                uip_ds6_nbr_get_ipaddr
                0x0000000000015d83                uip_ds6_nbr_get_ll
                0x0000000000015d9f                uip_ds6_nbr_num
                0x0000000000015de8                uip_ds6_nbr_lookup
                0x0000000000015e4b                uip_ds6_nbr_ll_lookup
                0x0000000000015e67                uip_ds6_nbr_ipaddr_from_lladdr
                0x0000000000015e90                uip_ds6_nbr_lladdr_from_ipaddr
                0x0000000000015ec4                uip_ds6_link_neighbor_callback
 .text          0x0000000000015f1b      0x355 obj_cooja/mtype264.a(uip-nd6.o)
                0x0000000000015f68                uip_nd6_ns_output
                0x000000000001626a                uip_nd6_init
 .text          0x0000000000016270     0x2549 obj_cooja/mtype264.a(sicslowpan.o)
                0x0000000000016800                rime_sniffer_add
                0x000000000001680e                rime_sniffer_remove
                0x0000000000018753                sicslowpan_init
                0x00000000000187af                sicslowpan_get_last_rssi
 .text          0x00000000000187b9      0x146 obj_cooja/mtype264.a(uip-packetqueue)
                0x00000000000187e7                uip_packetqueue_new
                0x00000000000187f6                uip_packetqueue_alloc
                0x0000000000018851                uip_packetqueue_free
                0x0000000000018898                uip_packetqueue_buf
                0x00000000000188b5                uip_packetqueue_buflen
                0x00000000000188d6                uip_packetqueue_set_buflen
 .text          0x00000000000188ff      0x160 obj_cooja/mtype264.a(uip-debug.o)
                0x00000000000188ff                uip_debug_ipaddr_print
 .text          0x0000000000018a5f      0x6b5 obj_cooja/mtype264.a(tcpip.o)
                0x0000000000018a5f                tcpip_output
                0x0000000000018a90                tcpip_set_outputfunc
                0x0000000000018adc                udp_attach
                0x0000000000018b02                udp_new
                0x0000000000018b54                udp_broadcast_new
                0x0000000000018cc6                tcpip_input
                0x0000000000018cf3                tcpip_ipv6_output
                0x0000000000019010                tcpip_poll_udp
                0x000000000001902e                tcpip_uipcall
 .text          0x0000000000019114     0x2868 obj_cooja/mtype264.a(rpl-dag.o)
                0x0000000000019114                rpl_print_neighbor_list
                0x00000000000192ef                rpl_get_nbr
                0x0000000000019340                rpl_dag_init
                0x000000000001935f                rpl_get_parent
                0x0000000000019381                rpl_get_parent_rank
                0x00000000000193b4                rpl_get_parent_link_metric
                0x000000000001940e                rpl_rank_via_parent
                0x0000000000019468                rpl_get_parent_lladdr
                0x0000000000019484                rpl_get_parent_ipaddr
                0x00000000000194ab                rpl_get_parent_link_stats
                0x00000000000194d2                rpl_parent_is_fresh
                0x00000000000194f9                rpl_parent_is_reachable
                0x000000000001984a                rpl_set_root
                0x0000000000019ac6                rpl_repair_root
                0x0000000000019d12                rpl_set_prefix
                0x0000000000019e02                rpl_set_default_route
                0x0000000000019e73                rpl_alloc_instance
                0x0000000000019f03                rpl_alloc_dag
                0x0000000000019fd3                rpl_set_default_instance
                0x0000000000019fe1                rpl_get_default_instance
                0x0000000000019feb                rpl_free_instance
                0x000000000001a0ab                rpl_free_dag
                0x000000000001a12b                rpl_add_parent
                0x000000000001a1d4                rpl_find_parent
                0x000000000001a232                rpl_find_parent_any_dag
                0x000000000001a271                rpl_select_dag
                0x000000000001a678                rpl_select_parent
                0x000000000001a753                rpl_remove_parent
                0x000000000001a77e                rpl_nullify_parent
                0x000000000001a83a                rpl_move_parent
                0x000000000001a8f7                rpl_has_downward_route
                0x000000000001a948                rpl_get_dag
                0x000000000001aa2e                rpl_get_any_dag
                0x000000000001aa8d                rpl_get_instance
                0x000000000001aaee                rpl_find_of
                0x000000000001ab2b                rpl_join_instance
                0x000000000001ae10                rpl_add_dag
                0x000000000001b205                rpl_local_repair
                0x000000000001b2da                rpl_recalculate_ranks
                0x000000000001b365                rpl_process_parent_event
                0x000000000001b49e                rpl_process_dio
 .text          0x000000000001b97c      0x8e1 obj_cooja/mtype264.a(rpl-timers.o)
                0x000000000001bc32                rpl_reset_periodic_timer
                0x000000000001bc7d                rpl_reset_dio_timer
                0x000000000001bec2                rpl_schedule_dao
                0x000000000001bede                rpl_schedule_dao_immediately
                0x000000000001bef7                rpl_cancel_dao
                0x000000000001bf66                rpl_schedule_unicast_dio_immediately
                0x000000000001bf8a                get_probing_delay
                0x000000000001c009                get_probing_target
                0x000000000001c226                rpl_schedule_probing
 .text          0x000000000001c25d      0xa0e obj_cooja/mtype264.a(rpl-ext-header.)
                0x000000000001c27a                rpl_verify_hbh_header
                0x000000000001ca4a                rpl_remove_header
                0x000000000001cbac                rpl_update_header
 .text          0x000000000001cc6b      0x573 obj_cooja/mtype264.a(rpl.o)
                0x000000000001cc6b                rpl_get_mode
                0x000000000001cc75                rpl_set_mode
                0x000000000001cd09                rpl_purge_routes
                0x000000000001ce07                rpl_remove_routes
                0x000000000001ce54                rpl_remove_routes_by_nexthop
                0x000000000001ceb6                rpl_add_route
                0x000000000001cf2d                rpl_link_neighbor_callback
                0x000000000001cff8                rpl_ipv6_neighbor_callback
                0x000000000001d068                rpl_purge_dags
                0x000000000001d14d                rpl_init
 .text          0x000000000001d1de      0x315 obj_cooja/mtype264.a(rpl-mrhof.o)
 .text          0x000000000001d4f3     0x1ba4 obj_cooja/mtype264.a(rpl-icmp6.o)
                0x000000000001d76a                rpl_icmp6_update_nbr_table
                0x000000000001d848                dis_output
                0x000000000001df35                dio_output
                0x000000000001ec2b                dao_output
                0x000000000001ece9                dao_output_target
                0x000000000001f039                dao_ack_output
                0x000000000001f04e                rpl_icmp6_register_handlers
 .text          0x000000000001f097      0x2e4 obj_cooja/mtype264.a(queuebuf.o)
                0x000000000001f0a1                queuebuf_init
                0x000000000001f0ca                queuebuf_numfree
                0x000000000001f0e2                queuebuf_new_from_packetbuf
                0x000000000001f181                queuebuf_update_attr_from_packetbuf
                0x000000000001f1b6                queuebuf_update_from_packetbuf
                0x000000000001f206                queuebuf_free
                0x000000000001f24f                queuebuf_to_packetbuf
                0x000000000001f2bb                queuebuf_dataptr
                0x000000000001f2f5                queuebuf_datalen
                0x000000000001f318                queuebuf_addr
                0x000000000001f34a                queuebuf_attr
                0x000000000001f375                queuebuf_debug_print
 .text          0x000000000001f37b      0x7c7 obj_cooja/mtype264.a(nbr-table.o)
                0x000000000001f7f4                nbr_table_register
                0x000000000001f83c                nbr_table_head
                0x000000000001f897                nbr_table_next
                0x000000000001f8f8                nbr_table_add_lladdr
                0x000000000001f9c2                nbr_table_get_from_lladdr
                0x000000000001fa0e                nbr_table_remove
                0x000000000001fa46                nbr_table_lock
                0x000000000001fa60                nbr_table_unlock
                0x000000000001fa7a                nbr_table_get_lladdr
                0x000000000001faa6                nbr_table_update_lladdr
 .text          0x000000000001fb42      0x3df obj_cooja/mtype264.a(packetbuf.o)
                0x000000000001fb42                packetbuf_clear
                0x000000000001fb6d                packetbuf_copyfrom
                0x000000000001fbbc                packetbuf_compact
                0x000000000001fc39                packetbuf_copyto
                0x000000000001fccc                packetbuf_hdralloc
                0x000000000001fd48                packetbuf_hdrreduce
                0x000000000001fd8e                packetbuf_set_datalen
                0x000000000001fda8                packetbuf_dataptr
                0x000000000001fdc5                packetbuf_hdrptr
                0x000000000001fdcf                packetbuf_datalen
                0x000000000001fddb                packetbuf_hdrlen
                0x000000000001fdf2                packetbuf_totlen
                0x000000000001fe08                packetbuf_attr_clear
                0x000000000001fe54                packetbuf_attr_copyto
                0x000000000001feac                packetbuf_attr_copyfrom
                0x000000000001ff04                packetbuf_holds_broadcast
 .text          0x000000000001ff21       0x2c obj_cooja/mtype264.a(netstack.o)
                0x000000000001ff21                netstack_init
 .text          0x000000000001ff4d       0x4f obj_cooja/mtype264.a(linkaddr.o)
                0x000000000001ff4d                linkaddr_copy
                0x000000000001ff63                linkaddr_cmp
                0x000000000001ff86                linkaddr_set_node_addr
 .text          0x000000000001ff9c      0x326 obj_cooja/mtype264.a(link-stats.o)
                0x000000000001ffb6                link_stats_from_lladdr
                0x000000000001ffd2                link_stats_is_fresh
                0x000000000002000f                guess_etx_from_rssi
                0x000000000002008b                link_stats_packet_sent
                0x0000000000020191                link_stats_input_callback
                0x000000000002028d                link_stats_init
 .text          0x00000000000202c2      0x83e obj_cooja/mtype264.a(csma.o)
 .text          0x0000000000020b00       0x38 obj_cooja/mtype264.a(mac.o)
                0x0000000000020b00                mac_call_sent_callback
 .text          0x0000000000020b38      0x3e3 obj_cooja/mtype264.a(framer-802154.o)
 .text          0x0000000000020f1b      0x434 obj_cooja/mtype264.a(nullrdc.o)
 .text          0x000000000002134f       0x68 obj_cooja/mtype264.a(nullsec.o)
 .text          0x00000000000213b7     0x1d7e obj_cooja/mtype264.a(er-coap.o)
                0x00000000000218a0                coap_init_connection
                0x00000000000218de                coap_get_mid
                0x00000000000218fa                coap_init_message
                0x0000000000021949                coap_serialize_message
                0x0000000000021f83                coap_send_message
                0x0000000000021ffe                coap_parse_message
                0x000000000002265d                coap_get_query_variable
                0x000000000002269f                coap_get_post_variable
                0x00000000000226e9                coap_set_status_code
                0x000000000002270e                coap_set_token
                0x000000000002275b                coap_get_header_content_format
                0x0000000000022795                coap_set_header_content_format
                0x00000000000227c6                coap_get_header_accept
                0x0000000000022800                coap_set_header_accept
                0x0000000000022831                coap_get_header_max_age
                0x000000000002286b                coap_set_header_max_age
                0x0000000000022899                coap_get_header_etag
                0x00000000000228d4                coap_set_header_etag
                0x0000000000022933                coap_get_header_if_match
                0x000000000002296e                coap_set_header_if_match
                0x00000000000229cd                coap_get_header_if_none_match
                0x00000000000229e7                coap_set_header_if_none_match
                0x0000000000022a03                coap_get_header_proxy_uri
                0x0000000000022a3a                coap_set_header_proxy_uri
                0x0000000000022a7f                coap_get_header_uri_host
                0x0000000000022ab6                coap_set_header_uri_host
                0x0000000000022afb                coap_get_header_uri_path
                0x0000000000022b32                coap_set_header_uri_path
                0x0000000000022b87                coap_get_header_uri_query
                0x0000000000022bbe                coap_set_header_uri_query
                0x0000000000022c1c                coap_get_header_location_path
                0x0000000000022c53                coap_set_header_location_path
                0x0000000000022cf4                coap_get_header_location_query
                0x0000000000022d2b                coap_set_header_location_query
                0x0000000000022d80                coap_get_header_observe
                0x0000000000022db8                coap_set_header_observe
                0x0000000000022de6                coap_get_header_block2
                0x0000000000022e55                coap_set_header_block2
                0x0000000000022ed7                coap_get_header_block1
                0x0000000000022f55                coap_set_header_block1
                0x0000000000022fdb                coap_get_header_size2
                0x0000000000023014                coap_set_header_size2
                0x0000000000023045                coap_get_header_size1
                0x000000000002307e                coap_set_header_size1
                0x00000000000230af                coap_get_payload
                0x00000000000230f5                coap_set_payload
 .text          0x0000000000023135       0x1e obj_cooja/mtype264.a(watchdog.o)
                0x0000000000023135                watchdog_init
                0x000000000002313b                watchdog_start
                0x0000000000023141                watchdog_periodic
                0x0000000000023147                watchdog_stop
                0x000000000002314d                watchdog_reboot
 .text          0x0000000000023153        0x0 obj_cooja/mtype264.a(rimestats.o)
 .text          0x0000000000023153       0xb2 obj_cooja/mtype264.a(stimer.o)
                0x0000000000023153                stimer_set
                0x0000000000023171                stimer_reset
                0x0000000000023189                stimer_restart
                0x000000000002319e                stimer_expired
                0x00000000000231c9                stimer_remaining
                0x00000000000231ed                stimer_elapsed
 .text          0x0000000000023205      0x953 obj_cooja/mtype264.a(uip-icmp6.o)
                0x000000000002327a                uip_icmp6_input
                0x00000000000232d1                uip_icmp6_register_input_handler
                0x00000000000234dd                uip_icmp6_error_output
                0x0000000000023826                uip_icmp6_send
                0x0000000000023ae0                uip_icmp6_echo_reply_callback_add
                0x0000000000023b12                uip_icmp6_echo_reply_callback_rm
                0x0000000000023b2f                uip_icmp6_init
 .text          0x0000000000023b58      0x128 obj_cooja/mtype264.a(uip-udp-packet.)
                0x0000000000023b58                uip_udp_packet_send
                0x0000000000023bb3                uip_udp_packet_sendto
 .text          0x0000000000023c80      0x32d obj_cooja/mtype264.a(rpl-nbr-policy.)
                0x0000000000023e57                find_removable_dis
                0x0000000000023e7a                find_removable_dio
                0x0000000000023eff                find_removable_dao
                0x0000000000023f4f                rpl_nbr_policy_find_removable
 .text          0x0000000000023fad      0x1bb obj_cooja/mtype264.a(mac-sequence.o)
                0x0000000000023fe4                mac_sequence_is_duplicate
                0x0000000000024084                mac_sequence_register_seqno
 .text          0x0000000000024168      0xa24 obj_cooja/mtype264.a(frame802154.o)
                0x0000000000024199                frame802154_get_pan_id
                0x00000000000241a5                frame802154_set_pan_id
                0x00000000000241bf                frame802154_has_panid
                0x00000000000242a0                frame802154_check_dest_panid
                0x0000000000024321                frame802154_is_broadcast_addr
                0x000000000002436e                frame802154_extract_linkaddr
                0x00000000000245d3                frame802154_hdrlen
                0x0000000000024646                frame802154_create
                0x0000000000024859                frame802154_parse
 .text          0x0000000000024b8c        0x0 /usr/lib/gcc/i686-linux-gnu/5/crtendS.o
 .text          0x0000000000024b8c        0x0 /usr/lib/gcc/i686-linux-gnu/5/../../../i386-linux-gnu/crtn.o
 *(.gnu.warning)

.fini           0x0000000000024b8c       0x14
 *(SORT(.fini))
 .fini          0x0000000000024b8c        0xf /usr/lib/gcc/i686-linux-gnu/5/../../../i386-linux-gnu/crti.o
                0x0000000000024b8c                _fini
 .fini          0x0000000000024b9b        0x5 /usr/lib/gcc/i686-linux-gnu/5/../../../i386-linux-gnu/crtn.o
                [!provide]                        PROVIDE (__etext, .)
                [!provide]                        PROVIDE (_etext, .)
                [!provide]                        PROVIDE (etext, .)

.rodata         0x0000000000024ba0      0x9c4
 *(.rodata .rodata.* .gnu.linkonce.r.*)
 .rodata        0x0000000000024ba0       0xfa main.co
                0x0000000000024bac                autostart_processes
 *fill*         0x0000000000024c9a        0x2 
 .rodata        0x0000000000024c9c      0x133 obj_cooja/mtype264.o
 *fill*         0x0000000000024dcf       0x11 
 .rodata        0x0000000000024de0      0x18c obj_cooja/mtype264.a(er-coap-engine.)
                0x0000000000024e60                coap_rest_implementation
 .rodata        0x0000000000024f6c       0x11 obj_cooja/mtype264.a(er-coap-observe)
 .rodata        0x0000000000024f7d       0x19 obj_cooja/mtype264.a(er-coap-res-wel)
 .rodata        0x0000000000024f96        0xc obj_cooja/mtype264.a(rest-engine.o)
 *fill*         0x0000000000024fa2        0x2 
 .rodata        0x0000000000024fa4        0x8 obj_cooja/mtype264.a(beep.o)
                0x0000000000024fa4                beep_interface
 .rodata        0x0000000000024fac       0x20 obj_cooja/mtype264.a(button-sensor.o)
                0x0000000000024fac                button_interface
                0x0000000000024fbc                button_sensor
 .rodata        0x0000000000024fcc        0x8 obj_cooja/mtype264.a(leds-arch.o)
                0x0000000000024fcc                leds_interface
 .rodata        0x0000000000024fd4        0x8 obj_cooja/mtype264.a(moteid.o)
                0x0000000000024fd4                moteid_interface
 .rodata        0x0000000000024fdc       0x1c obj_cooja/mtype264.a(pir-sensor.o)
                0x0000000000024fdc                pir_interface
                0x0000000000024fe8                pir_sensor
 .rodata        0x0000000000024ff8        0xe obj_cooja/mtype264.a(rs232.o)
                0x0000000000024ff8                rs232_interface
 *fill*         0x0000000000025006        0x2 
 .rodata        0x0000000000025008       0x24 obj_cooja/mtype264.a(vib-sensor.o)
                0x0000000000025008                vib_interface
                0x000000000002501c                vib_sensor
 .rodata        0x000000000002502c        0x8 obj_cooja/mtype264.a(clock.o)
                0x000000000002502c                clock_interface
 .rodata        0x0000000000025034        0x8 obj_cooja/mtype264.a(log.o)
                0x0000000000025034                simlog_interface
 .rodata        0x000000000002503c       0x2f obj_cooja/mtype264.a(cfs-cooja.o)
                0x000000000002503c                cfs_interface
 *fill*         0x000000000002506b       0x15 
 .rodata        0x0000000000025080       0x58 obj_cooja/mtype264.a(cooja-radio.o)
                0x0000000000025080                radio_interface
                0x00000000000250a0                cooja_radio_driver
 .rodata        0x00000000000250d8        0x8 obj_cooja/mtype264.a(eeprom.o)
                0x00000000000250d8                eeprom_interface
 .rodata        0x00000000000250e0        0x8 obj_cooja/mtype264.a(sensors.o)
 .rodata        0x00000000000250e8        0xf obj_cooja/mtype264.a(ctimer.o)
 .rodata        0x00000000000250f7        0xc obj_cooja/mtype264.a(etimer.o)
 .rodata        0x0000000000025103        0xe obj_cooja/mtype264.a(serial-line.o)
 *fill*         0x0000000000025111        0x3 
 .rodata        0x0000000000025114       0xf4 obj_cooja/mtype264.a(uip6.o)
 .rodata        0x0000000000025208       0x2c obj_cooja/mtype264.a(sicslowpan.o)
                0x0000000000025208                unc_llconf
                0x000000000002520c                unc_ctxconf
                0x0000000000025210                unc_mxconf
                0x0000000000025214                llprefix
                0x0000000000025228                sicslowpan_driver
 .rodata        0x0000000000025234       0x2a obj_cooja/mtype264.a(uip-debug.o)
 .rodata        0x000000000002525e       0x29 obj_cooja/mtype264.a(tcpip.o)
 *fill*         0x0000000000025287        0x1 
 .rodata        0x0000000000025288       0x89 obj_cooja/mtype264.a(rpl-dag.o)
 *fill*         0x0000000000025311        0x3 
 .rodata        0x0000000000025314        0x8 obj_cooja/mtype264.a(linkaddr.o)
                0x0000000000025314                linkaddr_null
 .rodata        0x000000000002531c       0x24 obj_cooja/mtype264.a(csma.o)
                0x0000000000025324                csma_driver
 .rodata        0x0000000000025340        0xc obj_cooja/mtype264.a(framer-802154.o)
                0x0000000000025340                framer_802154
 *fill*         0x000000000002534c       0x14 
 .rodata        0x0000000000025360       0x40 obj_cooja/mtype264.a(nullrdc.o)
                0x0000000000025380                nullrdc_driver
 .rodata        0x00000000000253a0       0x18 obj_cooja/mtype264.a(nullsec.o)
                0x00000000000253a8                nullsec_driver
 .rodata        0x00000000000253b8      0x1ac obj_cooja/mtype264.a(er-coap.o)

.rodata1
 *(.rodata1)

.eh_frame_hdr   0x0000000000025564     0x1554
 *(.eh_frame_hdr)
 .eh_frame_hdr  0x0000000000025564     0x1554 main.co
                0x0000000000025564                __GNU_EH_FRAME_HDR
 *(.eh_frame_entry .eh_frame_entry.*)

.eh_frame       0x0000000000026ab8     0x5660
 *(.eh_frame)
 .eh_frame      0x0000000000026ab8       0x3c /usr/lib/gcc/i686-linux-gnu/5/../../../i386-linux-gnu/crti.o
                                         0x40 (size before relaxing)
 .eh_frame      0x0000000000026af4       0x84 main.co
                                         0x9c (size before relaxing)
 .eh_frame      0x0000000000026b78      0x148 obj_cooja/mtype264.o
                                        0x160 (size before relaxing)
 .eh_frame      0x0000000000026cc0       0xe8 obj_cooja/mtype264.a(er-coap-engine.)
                                        0x100 (size before relaxing)
 .eh_frame      0x0000000000026da8       0xc4 obj_cooja/mtype264.a(er-coap-transac)
                                         0xdc (size before relaxing)
 .eh_frame      0x0000000000026e6c      0x13c obj_cooja/mtype264.a(er-coap-observe)
                                        0x154 (size before relaxing)
 .eh_frame      0x0000000000026fa8       0x24 obj_cooja/mtype264.a(er-coap-res-wel)
                                         0x3c (size before relaxing)
 .eh_frame      0x0000000000026fcc       0xa0 obj_cooja/mtype264.a(rest-engine.o)
                                         0xb8 (size before relaxing)
 .eh_frame      0x000000000002706c       0x40 obj_cooja/mtype264.a(simEnvChange.o)
                                         0x58 (size before relaxing)
 .eh_frame      0x00000000000270ac       0xc0 obj_cooja/mtype264.a(cooja_mt.o)
                                         0xd8 (size before relaxing)
 .eh_frame      0x000000000002716c      0x120 obj_cooja/mtype264.a(cooja_mtarch.o)
                                        0x138 (size before relaxing)
 .eh_frame      0x000000000002728c       0xc0 obj_cooja/mtype264.a(rtimer-arch.o)
                                         0xd8 (size before relaxing)
 .eh_frame      0x000000000002734c      0x160 obj_cooja/mtype264.a(beep.o)
                                        0x178 (size before relaxing)
 .eh_frame      0x00000000000274ac       0xa0 obj_cooja/mtype264.a(button-sensor.o)
                                         0xb8 (size before relaxing)
 .eh_frame      0x000000000002754c       0xa0 obj_cooja/mtype264.a(leds-arch.o)
                                         0xb8 (size before relaxing)
 .eh_frame      0x00000000000275ec       0x40 obj_cooja/mtype264.a(moteid.o)
                                         0x58 (size before relaxing)
 .eh_frame      0x000000000002762c       0xa0 obj_cooja/mtype264.a(pir-sensor.o)
                                         0xb8 (size before relaxing)
 .eh_frame      0x00000000000276cc      0x100 obj_cooja/mtype264.a(rs232.o)
                                        0x118 (size before relaxing)
 .eh_frame      0x00000000000277cc       0xa0 obj_cooja/mtype264.a(vib-sensor.o)
                                         0xb8 (size before relaxing)
 .eh_frame      0x000000000002786c       0xc0 obj_cooja/mtype264.a(clock.o)
                                         0xd8 (size before relaxing)
 .eh_frame      0x000000000002792c      0x120 obj_cooja/mtype264.a(log.o)
                                        0x138 (size before relaxing)
 .eh_frame      0x0000000000027a4c      0x160 obj_cooja/mtype264.a(cfs-cooja.o)
                                        0x178 (size before relaxing)
 .eh_frame      0x0000000000027bac      0x2e0 obj_cooja/mtype264.a(cooja-radio.o)
                                        0x2f8 (size before relaxing)
 .eh_frame      0x0000000000027e8c       0xa0 obj_cooja/mtype264.a(eeprom.o)
                                         0xb8 (size before relaxing)
 .eh_frame      0x0000000000027f2c       0x40 obj_cooja/mtype264.a(random.o)
                                         0x58 (size before relaxing)
 .eh_frame      0x0000000000027f6c       0xc0 obj_cooja/mtype264.a(sensors.o)
                                         0xd8 (size before relaxing)
 .eh_frame      0x000000000002802c       0x40 obj_cooja/mtype264.a(autostart.o)
                                         0x58 (size before relaxing)
 .eh_frame      0x000000000002806c      0x100 obj_cooja/mtype264.a(ctimer.o)
                                        0x118 (size before relaxing)
 .eh_frame      0x000000000002816c      0x1e0 obj_cooja/mtype264.a(etimer.o)
                                        0x1f8 (size before relaxing)
 .eh_frame      0x000000000002834c      0x1c4 obj_cooja/mtype264.a(process.o)
                                        0x1dc (size before relaxing)
 .eh_frame      0x0000000000028510       0x60 obj_cooja/mtype264.a(rtimer.o)
                                         0x78 (size before relaxing)
 .eh_frame      0x0000000000028570       0xa4 obj_cooja/mtype264.a(timer.o)
                                         0xbc (size before relaxing)
 .eh_frame      0x0000000000028614       0x60 obj_cooja/mtype264.a(serial-line.o)
                                         0x78 (size before relaxing)
 .eh_frame      0x0000000000028674       0xa0 obj_cooja/mtype264.a(ringbuf.o)
                                         0xb8 (size before relaxing)
 .eh_frame      0x0000000000028714      0x180 obj_cooja/mtype264.a(list.o)
                                        0x198 (size before relaxing)
 .eh_frame      0x0000000000028894       0xa0 obj_cooja/mtype264.a(memb.o)
                                         0xb8 (size before relaxing)
 .eh_frame      0x0000000000028934      0x2c8 obj_cooja/mtype264.a(uip-ds6.o)
                                        0x2e0 (size before relaxing)
 .eh_frame      0x0000000000028bfc      0x2a0 obj_cooja/mtype264.a(uip-ds6-route.o)
                                        0x2b8 (size before relaxing)
 .eh_frame      0x0000000000028e9c      0x1a8 obj_cooja/mtype264.a(uip6.o)
                                        0x1c0 (size before relaxing)
 .eh_frame      0x0000000000029044      0x180 obj_cooja/mtype264.a(uip-ds6-nbr.o)
                                        0x198 (size before relaxing)
 .eh_frame      0x00000000000291c4       0x64 obj_cooja/mtype264.a(uip-nd6.o)
                                         0x7c (size before relaxing)
 .eh_frame      0x0000000000029228      0x334 obj_cooja/mtype264.a(sicslowpan.o)
                                        0x34c (size before relaxing)
 .eh_frame      0x000000000002955c       0xe0 obj_cooja/mtype264.a(uip-packetqueue)
                                         0xf8 (size before relaxing)
 .eh_frame      0x000000000002963c       0x24 obj_cooja/mtype264.a(uip-debug.o)
                                         0x3c (size before relaxing)
 .eh_frame      0x0000000000029660      0x1a4 obj_cooja/mtype264.a(tcpip.o)
                                        0x1bc (size before relaxing)
 .eh_frame      0x0000000000029804      0x71c obj_cooja/mtype264.a(rpl-dag.o)
                                        0x734 (size before relaxing)
 .eh_frame      0x0000000000029f20      0x22c obj_cooja/mtype264.a(rpl-timers.o)
                                        0x244 (size before relaxing)
 .eh_frame      0x000000000002a14c       0xc0 obj_cooja/mtype264.a(rpl-ext-header.)
                                         0xd8 (size before relaxing)
 .eh_frame      0x000000000002a20c      0x140 obj_cooja/mtype264.a(rpl.o)
                                        0x158 (size before relaxing)
 .eh_frame      0x000000000002a34c      0x124 obj_cooja/mtype264.a(rpl-mrhof.o)
                                        0x13c (size before relaxing)
 .eh_frame      0x000000000002a470      0x2ac obj_cooja/mtype264.a(rpl-icmp6.o)
                                        0x2c4 (size before relaxing)
 .eh_frame      0x000000000002a71c      0x1a0 obj_cooja/mtype264.a(queuebuf.o)
                                        0x1b8 (size before relaxing)
 .eh_frame      0x000000000002a8bc      0x2ac obj_cooja/mtype264.a(nbr-table.o)
                                        0x2c4 (size before relaxing)
 .eh_frame      0x000000000002ab68      0x214 obj_cooja/mtype264.a(packetbuf.o)
                                        0x22c (size before relaxing)
 .eh_frame      0x000000000002ad7c       0x20 obj_cooja/mtype264.a(netstack.o)
                                         0x38 (size before relaxing)
 .eh_frame      0x000000000002ad9c       0x60 obj_cooja/mtype264.a(linkaddr.o)
                                         0x78 (size before relaxing)
 .eh_frame      0x000000000002adfc      0x100 obj_cooja/mtype264.a(link-stats.o)
                                        0x118 (size before relaxing)
 .eh_frame      0x000000000002aefc      0x288 obj_cooja/mtype264.a(csma.o)
                                        0x2a0 (size before relaxing)
 .eh_frame      0x000000000002b184       0x20 obj_cooja/mtype264.a(mac.o)
                                         0x38 (size before relaxing)
 .eh_frame      0x000000000002b1a4      0x104 obj_cooja/mtype264.a(framer-802154.o)
                                        0x11c (size before relaxing)
 .eh_frame      0x000000000002b2a8      0x16c obj_cooja/mtype264.a(nullrdc.o)
                                        0x184 (size before relaxing)
 .eh_frame      0x000000000002b414       0x80 obj_cooja/mtype264.a(nullsec.o)
                                         0x98 (size before relaxing)
 .eh_frame      0x000000000002b494      0x6d0 obj_cooja/mtype264.a(er-coap.o)
                                        0x6e8 (size before relaxing)
 .eh_frame      0x000000000002bb64       0xa0 obj_cooja/mtype264.a(watchdog.o)
                                         0xb8 (size before relaxing)
 .eh_frame      0x000000000002bc04       0xc4 obj_cooja/mtype264.a(stimer.o)
                                         0xdc (size before relaxing)
 .eh_frame      0x000000000002bcc8      0x160 obj_cooja/mtype264.a(uip-icmp6.o)
                                        0x178 (size before relaxing)
 .eh_frame      0x000000000002be28       0x40 obj_cooja/mtype264.a(uip-udp-packet.)
                                         0x58 (size before relaxing)
 .eh_frame      0x000000000002be68       0xc0 obj_cooja/mtype264.a(rpl-nbr-policy.)
                                         0xd8 (size before relaxing)
 .eh_frame      0x000000000002bf28       0x88 obj_cooja/mtype264.a(mac-sequence.o)
                                         0xa0 (size before relaxing)
 .eh_frame      0x000000000002bfb0      0x164 obj_cooja/mtype264.a(frame802154.o)
                                        0x17c (size before relaxing)
 .eh_frame      0x000000000002c114        0x4 /usr/lib/gcc/i686-linux-gnu/5/crtendS.o
 *(.eh_frame.*)

.gcc_except_table
 *(.gcc_except_table .gcc_except_table.*)

.gnu_extab
 *(.gnu_extab*)

.exception_ranges
 *(.exception_ranges .exception_ranges*)
                0x000000000002df10                . = DATA_SEGMENT_ALIGN (0x1000, 0x1000)

.eh_frame
 *(.eh_frame)
 *(.eh_frame.*)

.gnu_extab
 *(.gnu_extab)

.gcc_except_table
 *(.gcc_except_table .gcc_except_table.*)

.exception_ranges
 *(.exception_ranges .exception_ranges*)

.tdata
 *(.tdata .tdata.* .gnu.linkonce.td.*)

.tbss
 *(.tbss .tbss.* .gnu.linkonce.tb.*)
 *(.tcommon)

.preinit_array
 *(.preinit_array)

.init_array     0x000000000002df10        0x4
 *(SORT(.init_array.*) SORT(.ctors.*))
 *(.init_array EXCLUDE_FILE(*crtend?.o *crtend.o *crtbegin?.o *crtbegin.o) .ctors)
 .init_array    0x000000000002df10        0x4 /usr/lib/gcc/i686-linux-gnu/5/crtbeginS.o

.fini_array     0x000000000002df14        0x4
 *(SORT(.fini_array.*) SORT(.dtors.*))
 *(.fini_array EXCLUDE_FILE(*crtend?.o *crtend.o *crtbegin?.o *crtbegin.o) .dtors)
 .fini_array    0x000000000002df14        0x4 /usr/lib/gcc/i686-linux-gnu/5/crtbeginS.o

.ctors
 *crtbegin.o(.ctors)
 *crtbegin?.o(.ctors)
 *(EXCLUDE_FILE(*crtend?.o *crtend.o) .ctors)
 *(SORT(.ctors.*))
 *(.ctors)

.dtors
 *crtbegin.o(.dtors)
 *crtbegin?.o(.dtors)
 *(EXCLUDE_FILE(*crtend?.o *crtend.o) .dtors)
 *(SORT(.dtors.*))
 *(.dtors)

.jcr            0x000000000002df18        0x4
 *(.jcr)
 .jcr           0x000000000002df18        0x0 /usr/lib/gcc/i686-linux-gnu/5/crtbeginS.o
 .jcr           0x000000000002df18        0x4 /usr/lib/gcc/i686-linux-gnu/5/crtendS.o

.data.rel.ro
 *(.data.rel.ro.local* .gnu.linkonce.d.rel.ro.local.*)
 *(.data.rel.ro .data.rel.ro.* .gnu.linkonce.d.rel.ro.*)

.dynamic        0x000000000002df1c       0xd0
 *(.dynamic)
 .dynamic       0x000000000002df1c       0xd0 /usr/lib/gcc/i686-linux-gnu/5/../../../i386-linux-gnu/crti.o
                0x000000000002df1c                _DYNAMIC

.got            0x000000000002dfec       0x14
 *(.got)
 .got           0x000000000002dfec       0x14 /usr/lib/gcc/i686-linux-gnu/5/../../../i386-linux-gnu/crti.o
 *(.igot)
                0x000000000002eff4                . = DATA_SEGMENT_RELRO_END (., (SIZEOF (.got.plt) >= 0xc)?0xc:0x0)

.got.plt        0x000000000002e000        0xc
 *(.got.plt)
 .got.plt       0x000000000002e000        0xc /usr/lib/gcc/i686-linux-gnu/5/../../../i386-linux-gnu/crti.o
                0x000000000002e000                _GLOBAL_OFFSET_TABLE_
 *(.igot.plt)

.data           0x000000000002e020      0x386
 *(.data .data.* .gnu.linkonce.d.*)
 .data          0x000000000002e020        0x0 /usr/lib/gcc/i686-linux-gnu/5/../../../i386-linux-gnu/crti.o
 .data          0x000000000002e020        0x0 /usr/lib/gcc/i686-linux-gnu/5/crtbeginS.o
 .data.rel.local
                0x000000000002e020        0x4 /usr/lib/gcc/i686-linux-gnu/5/crtbeginS.o
                0x000000000002e020                __dso_handle
 *fill*         0x000000000002e024       0x1c 
 .data          0x000000000002e040       0xa4 main.co
                0x000000000002e040                coap
                0x000000000002e060                periodic_periodic_resource
                0x000000000002e080                periodic_resource
                0x000000000002e0c0                event_resource
 *fill*         0x000000000002e0e4       0x1c 
 .data          0x000000000002e100       0x44 obj_cooja/mtype264.o
                0x000000000002e100                simInterfaces
                0x000000000002e134                sensors
 .data          0x000000000002e144       0x10 obj_cooja/mtype264.a(er-coap-engine.)
                0x000000000002e144                coap_engine
 .data          0x000000000002e154       0x10 obj_cooja/mtype264.a(er-coap-transac)
 .data          0x000000000002e164       0x10 obj_cooja/mtype264.a(er-coap-observe)
 *fill*         0x000000000002e174        0xc 
 .data          0x000000000002e180       0x24 obj_cooja/mtype264.a(er-coap-res-wel)
                0x000000000002e180                res_well_known_core
 .data          0x000000000002e1a4       0x18 obj_cooja/mtype264.a(rest-engine.o)
                0x000000000002e1a4                rest_engine_process
 .data          0x000000000002e1bc        0x0 obj_cooja/mtype264.a(simEnvChange.o)
 .data          0x000000000002e1bc        0x0 obj_cooja/mtype264.a(cooja_mt.o)
 .data          0x000000000002e1bc        0x0 obj_cooja/mtype264.a(cooja_mtarch.o)
 .data          0x000000000002e1bc        0x0 obj_cooja/mtype264.a(rtimer-arch.o)
 .data          0x000000000002e1bc        0x0 obj_cooja/mtype264.a(beep.o)
 .data          0x000000000002e1bc        0x0 obj_cooja/mtype264.a(button-sensor.o)
 .data          0x000000000002e1bc        0x0 obj_cooja/mtype264.a(leds-arch.o)
 .data          0x000000000002e1bc        0x0 obj_cooja/mtype264.a(moteid.o)
 .data          0x000000000002e1bc        0x0 obj_cooja/mtype264.a(pir-sensor.o)
 .data          0x000000000002e1bc        0x0 obj_cooja/mtype264.a(rs232.o)
 .data          0x000000000002e1bc        0x0 obj_cooja/mtype264.a(vib-sensor.o)
 .data          0x000000000002e1bc        0x0 obj_cooja/mtype264.a(clock.o)
 .data          0x000000000002e1bc        0x0 obj_cooja/mtype264.a(log.o)
 .data          0x000000000002e1bc        0x0 obj_cooja/mtype264.a(cfs-cooja.o)
 .data          0x000000000002e1bc       0x28 obj_cooja/mtype264.a(cooja-radio.o)
                0x000000000002e1bc                simRadioHWOn
                0x000000000002e1c0                simSignalStrength
                0x000000000002e1c4                simLastSignalStrength
                0x000000000002e1c8                simPower
                0x000000000002e1cc                simRadioChannel
                0x000000000002e1d0                simLQI
                0x000000000002e1d4                cooja_radio_process
 .data          0x000000000002e1e4        0x0 obj_cooja/mtype264.a(eeprom.o)
 .data          0x000000000002e1e4        0x0 obj_cooja/mtype264.a(random.o)
 .data          0x000000000002e1e4       0x10 obj_cooja/mtype264.a(sensors.o)
                0x000000000002e1e4                sensors_process
 .data          0x000000000002e1f4        0x0 obj_cooja/mtype264.a(autostart.o)
 .data          0x000000000002e1f4       0x14 obj_cooja/mtype264.a(ctimer.o)
                0x000000000002e1f8                ctimer_process
 .data          0x000000000002e208       0x10 obj_cooja/mtype264.a(etimer.o)
                0x000000000002e208                etimer_process
 .data          0x000000000002e218        0x0 obj_cooja/mtype264.a(process.o)
 .data          0x000000000002e218        0x0 obj_cooja/mtype264.a(rtimer.o)
 .data          0x000000000002e218        0x0 obj_cooja/mtype264.a(timer.o)
 .data          0x000000000002e218       0x10 obj_cooja/mtype264.a(serial-line.o)
                0x000000000002e218                serial_line_process
 .data          0x000000000002e228        0x0 obj_cooja/mtype264.a(ringbuf.o)
 .data          0x000000000002e228        0x0 obj_cooja/mtype264.a(list.o)
 .data          0x000000000002e228        0x0 obj_cooja/mtype264.a(memb.o)
 .data          0x000000000002e228        0x0 obj_cooja/mtype264.a(uip-ds6.o)
 .data          0x000000000002e228       0x44 obj_cooja/mtype264.a(uip-ds6-route.o)
                0x000000000002e238                nbr_routes
 .data          0x000000000002e26c        0x0 obj_cooja/mtype264.a(uip6.o)
 .data          0x000000000002e26c       0x14 obj_cooja/mtype264.a(uip-ds6-nbr.o)
                0x000000000002e27c                ds6_neighbors
 .data          0x000000000002e280        0x0 obj_cooja/mtype264.a(uip-nd6.o)
 .data          0x000000000002e280        0x0 obj_cooja/mtype264.a(sicslowpan.o)
 .data          0x000000000002e280        0xc obj_cooja/mtype264.a(uip-packetqueue)
 .data          0x000000000002e28c        0x0 obj_cooja/mtype264.a(uip-debug.o)
 .data          0x000000000002e28c       0x10 obj_cooja/mtype264.a(tcpip.o)
                0x000000000002e28c                tcpip_process
 .data          0x000000000002e29c       0x14 obj_cooja/mtype264.a(rpl-dag.o)
                0x000000000002e2ac                rpl_parents
 .data          0x000000000002e2b0        0x0 obj_cooja/mtype264.a(rpl-timers.o)
 .data          0x000000000002e2b0        0x0 obj_cooja/mtype264.a(rpl-ext-header.)
 .data          0x000000000002e2b0        0x0 obj_cooja/mtype264.a(rpl.o)
 *fill*         0x000000000002e2b0       0x10 
 .data          0x000000000002e2c0       0x24 obj_cooja/mtype264.a(rpl-mrhof.o)
                0x000000000002e2c0                rpl_mrhof
 .data          0x000000000002e2e4       0x34 obj_cooja/mtype264.a(rpl-icmp6.o)
 .data          0x000000000002e318       0x18 obj_cooja/mtype264.a(queuebuf.o)
 .data          0x000000000002e330       0x10 obj_cooja/mtype264.a(nbr-table.o)
 .data          0x000000000002e340        0x4 obj_cooja/mtype264.a(packetbuf.o)
 .data          0x000000000002e344        0x0 obj_cooja/mtype264.a(netstack.o)
 .data          0x000000000002e344        0x0 obj_cooja/mtype264.a(linkaddr.o)
 .data          0x000000000002e344       0x14 obj_cooja/mtype264.a(link-stats.o)
 .data          0x000000000002e358       0x28 obj_cooja/mtype264.a(csma.o)
 .data          0x000000000002e380        0x0 obj_cooja/mtype264.a(mac.o)
 .data          0x000000000002e380        0x0 obj_cooja/mtype264.a(framer-802154.o)
 .data          0x000000000002e380        0x0 obj_cooja/mtype264.a(nullrdc.o)
 .data          0x000000000002e380        0x0 obj_cooja/mtype264.a(nullsec.o)
 .data          0x000000000002e380        0x4 obj_cooja/mtype264.a(er-coap.o)
                0x000000000002e380                coap_error_message
 .data          0x000000000002e384        0x0 obj_cooja/mtype264.a(watchdog.o)
 .data          0x000000000002e384        0x0 obj_cooja/mtype264.a(rimestats.o)
 .data          0x000000000002e384        0x0 obj_cooja/mtype264.a(stimer.o)
 .data          0x000000000002e384       0x20 obj_cooja/mtype264.a(uip-icmp6.o)
 .data          0x000000000002e3a4        0x0 obj_cooja/mtype264.a(uip-udp-packet.)
 .data          0x000000000002e3a4        0x0 obj_cooja/mtype264.a(rpl-nbr-policy.)
 .data          0x000000000002e3a4        0x0 obj_cooja/mtype264.a(mac-sequence.o)
 .data          0x000000000002e3a4        0x2 obj_cooja/mtype264.a(frame802154.o)
 .data          0x000000000002e3a6        0x0 /usr/lib/gcc/i686-linux-gnu/5/crtendS.o
 .data          0x000000000002e3a6        0x0 /usr/lib/gcc/i686-linux-gnu/5/../../../i386-linux-gnu/crtn.o

.tm_clone_table
                0x000000000002e3a8        0x0
 .tm_clone_table
                0x000000000002e3a8        0x0 /usr/lib/gcc/i686-linux-gnu/5/crtbeginS.o
 .tm_clone_table
                0x000000000002e3a8        0x0 /usr/lib/gcc/i686-linux-gnu/5/crtendS.o

.data1
 *(.data1)
                0x000000000002e3a8                _edata = .
                [!provide]                        PROVIDE (edata, .)
                0x000000000002e3a8                . = .
                0x000000000002e3a8                __bss_start = .

.bss            0x000000000002e3c0     0x7c28
 *(.dynbss)
 .dynbss        0x000000000002e3c0        0x0 /usr/lib/gcc/i686-linux-gnu/5/../../../i386-linux-gnu/crti.o
 *(.bss .bss.* .gnu.linkonce.b.*)
 .bss           0x000000000002e3c0        0x0 /usr/lib/gcc/i686-linux-gnu/5/../../../i386-linux-gnu/crti.o
 .bss           0x000000000002e3c0        0x1 /usr/lib/gcc/i686-linux-gnu/5/crtbeginS.o
 *fill*         0x000000000002e3c1        0x3 
 .bss           0x000000000002e3c4        0x4 main.co
 *fill*         0x000000000002e3c8       0x18 
 .bss           0x000000000002e3e0     0x2030 obj_cooja/mtype264.o
 *fill*         0x0000000000030410       0x10 
 .bss           0x0000000000030420      0x191 obj_cooja/mtype264.a(er-coap-engine.)
 *fill*         0x00000000000305b1        0xf 
 .bss           0x00000000000305c0      0x308 obj_cooja/mtype264.a(er-coap-transac)
 *fill*         0x00000000000308c8       0x18 
 .bss           0x00000000000308e0      0x114 obj_cooja/mtype264.a(er-coap-observe)
 .bss           0x00000000000309f4        0x0 obj_cooja/mtype264.a(er-coap-res-wel)
 .bss           0x00000000000309f4        0x9 obj_cooja/mtype264.a(rest-engine.o)
 .bss           0x00000000000309fd        0x1 obj_cooja/mtype264.a(simEnvChange.o)
                0x00000000000309fd                simDontFallAsleep
 *fill*         0x00000000000309fe        0x2 
 .bss           0x0000000000030a00        0x4 obj_cooja/mtype264.a(cooja_mt.o)
 .bss           0x0000000000030a04        0x4 obj_cooja/mtype264.a(cooja_mtarch.o)
 .bss           0x0000000000030a08        0xc obj_cooja/mtype264.a(rtimer-arch.o)
 .bss           0x0000000000030a14        0x0 obj_cooja/mtype264.a(beep.o)
 .bss           0x0000000000030a14        0x8 obj_cooja/mtype264.a(button-sensor.o)
 .bss           0x0000000000030a1c        0x0 obj_cooja/mtype264.a(leds-arch.o)
 .bss           0x0000000000030a1c        0x0 obj_cooja/mtype264.a(moteid.o)
 .bss           0x0000000000030a1c        0x1 obj_cooja/mtype264.a(pir-sensor.o)
                0x0000000000030a1c                simPirValue
 *fill*         0x0000000000030a1d        0x3 
 .bss           0x0000000000030a20        0x4 obj_cooja/mtype264.a(rs232.o)
 .bss           0x0000000000030a24        0x1 obj_cooja/mtype264.a(vib-sensor.o)
                0x0000000000030a24                simVibValue
 .bss           0x0000000000030a25        0x0 obj_cooja/mtype264.a(clock.o)
 *fill*         0x0000000000030a25       0x1b 
 .bss           0x0000000000030a40      0x420 obj_cooja/mtype264.a(log.o)
 .bss           0x0000000000030e60      0xfc0 obj_cooja/mtype264.a(cfs-cooja.o)
                0x0000000000030e60                simCFSData
                0x0000000000031e00                simCFSSize
                0x0000000000031e04                simCFSChanged
                0x0000000000031e08                simCFSRead
                0x0000000000031e0c                simCFSWritten
 .bss           0x0000000000031e20       0x10 obj_cooja/mtype264.a(cooja-radio.o)
                0x0000000000031e20                simReceiving
                0x0000000000031e24                simInSize
                0x0000000000031e28                simOutSize
 .bss           0x0000000000031e30        0xc obj_cooja/mtype264.a(eeprom.o)
                0x0000000000031e30                simEEPROMChanged
                0x0000000000031e34                simEEPROMRead
                0x0000000000031e38                simEEPROMWritten
 .bss           0x0000000000031e3c        0x0 obj_cooja/mtype264.a(random.o)
 .bss           0x0000000000031e3c        0xc obj_cooja/mtype264.a(sensors.o)
 .bss           0x0000000000031e48        0x0 obj_cooja/mtype264.a(autostart.o)
 .bss           0x0000000000031e48        0x5 obj_cooja/mtype264.a(ctimer.o)
 *fill*         0x0000000000031e4d        0x3 
 .bss           0x0000000000031e50        0x8 obj_cooja/mtype264.a(etimer.o)
 *fill*         0x0000000000031e58        0x8 
 .bss           0x0000000000031e60      0x1a1 obj_cooja/mtype264.a(process.o)
                0x0000000000031e60                process_list
                0x0000000000031e64                process_current
 *fill*         0x0000000000032001        0x3 
 .bss           0x0000000000032004        0x4 obj_cooja/mtype264.a(rtimer.o)
 .bss           0x0000000000032008        0x0 obj_cooja/mtype264.a(timer.o)
 *fill*         0x0000000000032008       0x18 
 .bss           0x0000000000032020      0x140 obj_cooja/mtype264.a(serial-line.o)
 .bss           0x0000000000032160        0x0 obj_cooja/mtype264.a(ringbuf.o)
 .bss           0x0000000000032160        0x0 obj_cooja/mtype264.a(list.o)
 .bss           0x0000000000032160        0x0 obj_cooja/mtype264.a(memb.o)
 .bss           0x0000000000032160       0x20 obj_cooja/mtype264.a(uip-ds6.o)
 .bss           0x0000000000032180      0x8e4 obj_cooja/mtype264.a(uip-ds6-route.o)
 .bss           0x0000000000032a64        0x6 obj_cooja/mtype264.a(uip6.o)
                0x0000000000032a64                uip_ext_bitmap
                0x0000000000032a65                uip_ext_len
                0x0000000000032a66                uip_ext_opt_offset
 *fill*         0x0000000000032a6a       0x16 
 .bss           0x0000000000032a80       0xf0 obj_cooja/mtype264.a(uip-ds6-nbr.o)
 .bss           0x0000000000032b70        0x0 obj_cooja/mtype264.a(uip-nd6.o)
 *fill*         0x0000000000032b70       0x10 
 .bss           0x0000000000032b80      0x70c obj_cooja/mtype264.a(sicslowpan.o)
 *fill*         0x000000000003328c       0x14 
 .bss           0x00000000000332a0      0x2a8 obj_cooja/mtype264.a(uip-packetqueue)
 .bss           0x0000000000033548        0x0 obj_cooja/mtype264.a(uip-debug.o)
 .bss           0x0000000000033548       0x16 obj_cooja/mtype264.a(tcpip.o)
 *fill*         0x000000000003355e        0x2 
 .bss           0x0000000000033560       0x50 obj_cooja/mtype264.a(rpl-dag.o)
 *fill*         0x00000000000335b0       0x10 
 .bss           0x00000000000335c0       0x23 obj_cooja/mtype264.a(rpl-timers.o)
 .bss           0x00000000000335e3        0x0 obj_cooja/mtype264.a(rpl-ext-header.)
 *fill*         0x00000000000335e3        0x1 
 .bss           0x00000000000335e4        0x4 obj_cooja/mtype264.a(rpl.o)
 .bss           0x00000000000335e8        0x0 obj_cooja/mtype264.a(rpl-mrhof.o)
 .bss           0x00000000000335e8        0x0 obj_cooja/mtype264.a(rpl-icmp6.o)
 *fill*         0x00000000000335e8       0x18 
 .bss           0x0000000000033600      0xb80 obj_cooja/mtype264.a(queuebuf.o)
 .bss           0x0000000000034180       0xdc obj_cooja/mtype264.a(nbr-table.o)
 *fill*         0x000000000003425c        0x4 
 .bss           0x0000000000034260       0xa0 obj_cooja/mtype264.a(packetbuf.o)
 .bss           0x0000000000034300        0x0 obj_cooja/mtype264.a(netstack.o)
 .bss           0x0000000000034300        0x0 obj_cooja/mtype264.a(linkaddr.o)
 .bss           0x0000000000034300       0x78 obj_cooja/mtype264.a(link-stats.o)
 *fill*         0x0000000000034378        0x8 
 .bss           0x0000000000034380      0x248 obj_cooja/mtype264.a(csma.o)
 .bss           0x00000000000345c8        0x0 obj_cooja/mtype264.a(mac.o)
 .bss           0x00000000000345c8        0x2 obj_cooja/mtype264.a(framer-802154.o)
 .bss           0x00000000000345ca        0x0 obj_cooja/mtype264.a(nullrdc.o)
 .bss           0x00000000000345ca        0x0 obj_cooja/mtype264.a(nullsec.o)
 *fill*         0x00000000000345ca        0x2 
 .bss           0x00000000000345cc        0xa obj_cooja/mtype264.a(er-coap.o)
                0x00000000000345cc                erbium_status_code
 .bss           0x00000000000345d6        0x0 obj_cooja/mtype264.a(watchdog.o)
 .bss           0x00000000000345d6        0x0 obj_cooja/mtype264.a(rimestats.o)
 .bss           0x00000000000345d6        0x0 obj_cooja/mtype264.a(stimer.o)
 *fill*         0x00000000000345d6        0x2 
 .bss           0x00000000000345d8       0x18 obj_cooja/mtype264.a(uip-icmp6.o)
 .bss           0x00000000000345f0        0x0 obj_cooja/mtype264.a(uip-udp-packet.)
 *fill*         0x00000000000345f0       0x10 
 .bss           0x0000000000034600       0x44 obj_cooja/mtype264.a(rpl-nbr-policy.)
 *fill*         0x0000000000034644       0x1c 
 .bss           0x0000000000034660      0x100 obj_cooja/mtype264.a(mac-sequence.o)
 .bss           0x0000000000034760        0x0 obj_cooja/mtype264.a(frame802154.o)
 .bss           0x0000000000034760        0x0 /usr/lib/gcc/i686-linux-gnu/5/crtendS.o
 .bss           0x0000000000034760        0x0 /usr/lib/gcc/i686-linux-gnu/5/../../../i386-linux-gnu/crtn.o
 *(COMMON)
 COMMON         0x0000000000034760        0x8 obj_cooja/mtype264.o
                0x0000000000034760                referenceVar
                0x0000000000034764                sensors_flags
 COMMON         0x0000000000034768        0xc obj_cooja/mtype264.a(simEnvChange.o)
                0x0000000000034768                simEtimerPending
                0x000000000003476c                simProcessRunValue
                0x0000000000034770                simNextExpirationTime
 COMMON         0x0000000000034774        0x1 obj_cooja/mtype264.a(beep.o)
                0x0000000000034774                simBeeped
 COMMON         0x0000000000034775        0x3 obj_cooja/mtype264.a(button-sensor.o)
                0x0000000000034775                simButtonIsActive
                0x0000000000034776                simButtonIsDown
                0x0000000000034777                simButtonChanged
 COMMON         0x0000000000034778        0x1 obj_cooja/mtype264.a(leds-arch.o)
                0x0000000000034778                simLedsValue
 *fill*         0x0000000000034779        0x3 
 COMMON         0x000000000003477c        0xc obj_cooja/mtype264.a(moteid.o)
                0x000000000003477c                simRandomSeed
                0x0000000000034780                simMoteIDChanged
                0x0000000000034784                simMoteID
 COMMON         0x0000000000034788        0x2 obj_cooja/mtype264.a(pir-sensor.o)
                0x0000000000034788                simPirIsActive
                0x0000000000034789                simPirChanged
 *fill*         0x000000000003478a       0x16 
 COMMON         0x00000000000347a0      0x820 obj_cooja/mtype264.a(rs232.o)
                0x00000000000347a0                simSerialReceivingFlag
                0x00000000000347a4                simSerialReceivingLength
                0x00000000000347c0                simSerialReceivingData
 COMMON         0x0000000000034fc0        0x2 obj_cooja/mtype264.a(vib-sensor.o)
                0x0000000000034fc0                simVibChanged
                0x0000000000034fc1                simVibIsActive
 *fill*         0x0000000000034fc2        0x2 
 COMMON         0x0000000000034fc4        0x4 obj_cooja/mtype264.a(clock.o)
                0x0000000000034fc4                simCurrentTime
 *fill*         0x0000000000034fc8       0x18 
 COMMON         0x0000000000034fe0      0x420 obj_cooja/mtype264.a(log.o)
                0x0000000000034fe0                simLoggedLength
                0x0000000000034fe4                simLoggedFlag
                0x0000000000035000                simLoggedData
 COMMON         0x0000000000035400      0x100 obj_cooja/mtype264.a(cooja-radio.o)
                0x0000000000035400                simOutDataBuffer
                0x0000000000035480                simInDataBuffer
 COMMON         0x0000000000035500      0x400 obj_cooja/mtype264.a(eeprom.o)
                0x0000000000035500                simEEPROMData
 COMMON         0x0000000000035900        0x1 obj_cooja/mtype264.a(sensors.o)
                0x0000000000035900                sensors_event
 COMMON         0x0000000000035901        0x1 obj_cooja/mtype264.a(serial-line.o)
                0x0000000000035901                serial_line_event_message
 *fill*         0x0000000000035902       0x1e 
 COMMON         0x0000000000035920      0x181 obj_cooja/mtype264.a(uip-ds6.o)
                0x0000000000035920                uip_ds6_prefix_list
                0x0000000000035980                uip_ds6_timer_periodic
                0x0000000000035990                uip_ds6_netif_addr_list_offset
                0x00000000000359a0                uip_ds6_if
                0x0000000000035a98                uip_ds6_timer_ra
                0x0000000000035aa0                uip_ds6_addr_size
 *fill*         0x0000000000035aa1       0x1f 
 COMMON         0x0000000000035ac0      0x2cc obj_cooja/mtype264.a(uip6.o)
                0x0000000000035ac0                uip_slen
                0x0000000000035ac4                uip_lladdr
                0x0000000000035acc                uip_appdata
                0x0000000000035ad0                uip_flags
                0x0000000000035ae0                uip_aligned_buf
                0x0000000000035bf8                uip_len
                0x0000000000035bfc                uip_sappdata
                0x0000000000035c00                uip_udp_conns
                0x0000000000035d80                uip_udp_conn
                0x0000000000035d84                uip_next_hdr
                0x0000000000035d88                uip_conn
 COMMON         0x0000000000035d8c        0x1 obj_cooja/mtype264.a(tcpip.o)
                0x0000000000035d8c                tcpip_event
 *fill*         0x0000000000035d8d       0x13 
 COMMON         0x0000000000035da0      0x17c obj_cooja/mtype264.a(rpl-dag.o)
                0x0000000000035da0                default_instance
                0x0000000000035dc0                instance_table
 COMMON         0x0000000000035f1c       0x14 obj_cooja/mtype264.a(rpl.o)
                0x0000000000035f1c                rpl_stats
 COMMON         0x0000000000035f30       0x30 obj_cooja/mtype264.a(packetbuf.o)
                0x0000000000035f30                packetbuf_attrs
                0x0000000000035f50                packetbuf_addrs
 COMMON         0x0000000000035f60        0x8 obj_cooja/mtype264.a(linkaddr.o)
                0x0000000000035f60                linkaddr_node_addr
 *fill*         0x0000000000035f68       0x18 
 COMMON         0x0000000000035f80       0x20 obj_cooja/mtype264.a(link-stats.o)
                0x0000000000035f80                periodic_timer
 COMMON         0x0000000000035fa0       0x48 obj_cooja/mtype264.a(rimestats.o)
                0x0000000000035fa0                rimestats
                0x0000000000035fe8                . = ALIGN ((. != 0x0)?0x4:0x1)
                0x0000000000035fe8                . = ALIGN (0x4)
                0x0000000000035fe8                . = SEGMENT_START ("ldata-segment", .)
                0x0000000000035fe8                . = ALIGN (0x4)
                0x0000000000035fe8                _end = .
                [!provide]                        PROVIDE (end, .)
                0x0000000000035fe8                . = DATA_SEGMENT_END (.)

.stab
 *(.stab)

.stabstr
 *(.stabstr)

.stab.excl
 *(.stab.excl)

.stab.exclstr
 *(.stab.exclstr)

.stab.index
 *(.stab.index)

.stab.indexstr
 *(.stab.indexstr)

.comment        0x0000000000000000       0x35
 *(.comment)
 .comment       0x0000000000000000       0x35 /usr/lib/gcc/i686-linux-gnu/5/crtbeginS.o
                                         0x36 (size before relaxing)
 .comment       0x0000000000000035       0x36 main.co
 .comment       0x0000000000000035       0x36 obj_cooja/mtype264.o
 .comment       0x0000000000000035       0x36 obj_cooja/mtype264.a(er-coap-engine.)
 .comment       0x0000000000000035       0x36 obj_cooja/mtype264.a(er-coap-transac)
 .comment       0x0000000000000035       0x36 obj_cooja/mtype264.a(er-coap-observe)
 .comment       0x0000000000000035       0x36 obj_cooja/mtype264.a(er-coap-res-wel)
 .comment       0x0000000000000035       0x36 obj_cooja/mtype264.a(rest-engine.o)
 .comment       0x0000000000000035       0x36 obj_cooja/mtype264.a(simEnvChange.o)
 .comment       0x0000000000000035       0x36 obj_cooja/mtype264.a(cooja_mt.o)
 .comment       0x0000000000000035       0x36 obj_cooja/mtype264.a(cooja_mtarch.o)
 .comment       0x0000000000000035       0x36 obj_cooja/mtype264.a(rtimer-arch.o)
 .comment       0x0000000000000035       0x36 obj_cooja/mtype264.a(beep.o)
 .comment       0x0000000000000035       0x36 obj_cooja/mtype264.a(button-sensor.o)
 .comment       0x0000000000000035       0x36 obj_cooja/mtype264.a(leds-arch.o)
 .comment       0x0000000000000035       0x36 obj_cooja/mtype264.a(moteid.o)
 .comment       0x0000000000000035       0x36 obj_cooja/mtype264.a(pir-sensor.o)
 .comment       0x0000000000000035       0x36 obj_cooja/mtype264.a(rs232.o)
 .comment       0x0000000000000035       0x36 obj_cooja/mtype264.a(vib-sensor.o)
 .comment       0x0000000000000035       0x36 obj_cooja/mtype264.a(clock.o)
 .comment       0x0000000000000035       0x36 obj_cooja/mtype264.a(log.o)
 .comment       0x0000000000000035       0x36 obj_cooja/mtype264.a(cfs-cooja.o)
 .comment       0x0000000000000035       0x36 obj_cooja/mtype264.a(cooja-radio.o)
 .comment       0x0000000000000035       0x36 obj_cooja/mtype264.a(eeprom.o)
 .comment       0x0000000000000035       0x36 obj_cooja/mtype264.a(random.o)
 .comment       0x0000000000000035       0x36 obj_cooja/mtype264.a(sensors.o)
 .comment       0x0000000000000035       0x36 obj_cooja/mtype264.a(autostart.o)
 .comment       0x0000000000000035       0x36 obj_cooja/mtype264.a(ctimer.o)
 .comment       0x0000000000000035       0x36 obj_cooja/mtype264.a(etimer.o)
 .comment       0x0000000000000035       0x36 obj_cooja/mtype264.a(process.o)
 .comment       0x0000000000000035       0x36 obj_cooja/mtype264.a(rtimer.o)
 .comment       0x0000000000000035       0x36 obj_cooja/mtype264.a(timer.o)
 .comment       0x0000000000000035       0x36 obj_cooja/mtype264.a(serial-line.o)
 .comment       0x0000000000000035       0x36 obj_cooja/mtype264.a(ringbuf.o)
 .comment       0x0000000000000035       0x36 obj_cooja/mtype264.a(list.o)
 .comment       0x0000000000000035       0x36 obj_cooja/mtype264.a(memb.o)
 .comment       0x0000000000000035       0x36 obj_cooja/mtype264.a(uip-ds6.o)
 .comment       0x0000000000000035       0x36 obj_cooja/mtype264.a(uip-ds6-route.o)
 .comment       0x0000000000000035       0x36 obj_cooja/mtype264.a(uip6.o)
 .comment       0x0000000000000035       0x36 obj_cooja/mtype264.a(uip-ds6-nbr.o)
 .comment       0x0000000000000035       0x36 obj_cooja/mtype264.a(uip-nd6.o)
 .comment       0x0000000000000035       0x36 obj_cooja/mtype264.a(sicslowpan.o)
 .comment       0x0000000000000035       0x36 obj_cooja/mtype264.a(uip-packetqueue)
 .comment       0x0000000000000035       0x36 obj_cooja/mtype264.a(uip-debug.o)
 .comment       0x0000000000000035       0x36 obj_cooja/mtype264.a(tcpip.o)
 .comment       0x0000000000000035       0x36 obj_cooja/mtype264.a(rpl-dag.o)
 .comment       0x0000000000000035       0x36 obj_cooja/mtype264.a(rpl-timers.o)
 .comment       0x0000000000000035       0x36 obj_cooja/mtype264.a(rpl-ext-header.)
 .comment       0x0000000000000035       0x36 obj_cooja/mtype264.a(rpl.o)
 .comment       0x0000000000000035       0x36 obj_cooja/mtype264.a(rpl-mrhof.o)
 .comment       0x0000000000000035       0x36 obj_cooja/mtype264.a(rpl-icmp6.o)
 .comment       0x0000000000000035       0x36 obj_cooja/mtype264.a(queuebuf.o)
 .comment       0x0000000000000035       0x36 obj_cooja/mtype264.a(nbr-table.o)
 .comment       0x0000000000000035       0x36 obj_cooja/mtype264.a(packetbuf.o)
 .comment       0x0000000000000035       0x36 obj_cooja/mtype264.a(netstack.o)
 .comment       0x0000000000000035       0x36 obj_cooja/mtype264.a(linkaddr.o)
 .comment       0x0000000000000035       0x36 obj_cooja/mtype264.a(link-stats.o)
 .comment       0x0000000000000035       0x36 obj_cooja/mtype264.a(csma.o)
 .comment       0x0000000000000035       0x36 obj_cooja/mtype264.a(mac.o)
 .comment       0x0000000000000035       0x36 obj_cooja/mtype264.a(framer-802154.o)
 .comment       0x0000000000000035       0x36 obj_cooja/mtype264.a(nullrdc.o)
 .comment       0x0000000000000035       0x36 obj_cooja/mtype264.a(nullsec.o)
 .comment       0x0000000000000035       0x36 obj_cooja/mtype264.a(er-coap.o)
 .comment       0x0000000000000035       0x36 obj_cooja/mtype264.a(watchdog.o)
 .comment       0x0000000000000035       0x36 obj_cooja/mtype264.a(rimestats.o)
 .comment       0x0000000000000035       0x36 obj_cooja/mtype264.a(stimer.o)
 .comment       0x0000000000000035       0x36 obj_cooja/mtype264.a(uip-icmp6.o)
 .comment       0x0000000000000035       0x36 obj_cooja/mtype264.a(uip-udp-packet.)
 .comment       0x0000000000000035       0x36 obj_cooja/mtype264.a(rpl-nbr-policy.)
 .comment       0x0000000000000035       0x36 obj_cooja/mtype264.a(mac-sequence.o)
 .comment       0x0000000000000035       0x36 obj_cooja/mtype264.a(frame802154.o)
 .comment       0x0000000000000035       0x36 /usr/lib/gcc/i686-linux-gnu/5/crtendS.o

.debug
 *(.debug)

.line
 *(.line)

.debug_srcinfo
 *(.debug_srcinfo)

.debug_sfnames
 *(.debug_sfnames)

.debug_aranges  0x0000000000000000      0x8b8
 *(.debug_aranges)
 .debug_aranges
                0x0000000000000000       0x20 main.co
 .debug_aranges
                0x0000000000000020       0x20 obj_cooja/mtype264.o
 .debug_aranges
                0x0000000000000040       0x20 obj_cooja/mtype264.a(er-coap-engine.)
 .debug_aranges
                0x0000000000000060       0x20 obj_cooja/mtype264.a(er-coap-transac)
 .debug_aranges
                0x0000000000000080       0x20 obj_cooja/mtype264.a(er-coap-observe)
 .debug_aranges
                0x00000000000000a0       0x20 obj_cooja/mtype264.a(er-coap-res-wel)
 .debug_aranges
                0x00000000000000c0       0x20 obj_cooja/mtype264.a(rest-engine.o)
 .debug_aranges
                0x00000000000000e0       0x20 obj_cooja/mtype264.a(simEnvChange.o)
 .debug_aranges
                0x0000000000000100       0x20 obj_cooja/mtype264.a(cooja_mt.o)
 .debug_aranges
                0x0000000000000120       0x20 obj_cooja/mtype264.a(cooja_mtarch.o)
 .debug_aranges
                0x0000000000000140       0x20 obj_cooja/mtype264.a(rtimer-arch.o)
 .debug_aranges
                0x0000000000000160       0x20 obj_cooja/mtype264.a(beep.o)
 .debug_aranges
                0x0000000000000180       0x20 obj_cooja/mtype264.a(button-sensor.o)
 .debug_aranges
                0x00000000000001a0       0x20 obj_cooja/mtype264.a(leds-arch.o)
 .debug_aranges
                0x00000000000001c0       0x20 obj_cooja/mtype264.a(moteid.o)
 .debug_aranges
                0x00000000000001e0       0x20 obj_cooja/mtype264.a(pir-sensor.o)
 .debug_aranges
                0x0000000000000200       0x20 obj_cooja/mtype264.a(rs232.o)
 .debug_aranges
                0x0000000000000220       0x20 obj_cooja/mtype264.a(vib-sensor.o)
 .debug_aranges
                0x0000000000000240       0x20 obj_cooja/mtype264.a(clock.o)
 .debug_aranges
                0x0000000000000260       0x20 obj_cooja/mtype264.a(log.o)
 .debug_aranges
                0x0000000000000280       0x20 obj_cooja/mtype264.a(cfs-cooja.o)
 .debug_aranges
                0x00000000000002a0       0x20 obj_cooja/mtype264.a(cooja-radio.o)
 .debug_aranges
                0x00000000000002c0       0x20 obj_cooja/mtype264.a(eeprom.o)
 .debug_aranges
                0x00000000000002e0       0x20 obj_cooja/mtype264.a(random.o)
 .debug_aranges
                0x0000000000000300       0x20 obj_cooja/mtype264.a(sensors.o)
 .debug_aranges
                0x0000000000000320       0x20 obj_cooja/mtype264.a(autostart.o)
 .debug_aranges
                0x0000000000000340       0x20 obj_cooja/mtype264.a(ctimer.o)
 .debug_aranges
                0x0000000000000360       0x20 obj_cooja/mtype264.a(etimer.o)
 .debug_aranges
                0x0000000000000380       0x20 obj_cooja/mtype264.a(process.o)
 .debug_aranges
                0x00000000000003a0       0x20 obj_cooja/mtype264.a(rtimer.o)
 .debug_aranges
                0x00000000000003c0       0x20 obj_cooja/mtype264.a(timer.o)
 .debug_aranges
                0x00000000000003e0       0x20 obj_cooja/mtype264.a(serial-line.o)
 .debug_aranges
                0x0000000000000400       0x20 obj_cooja/mtype264.a(ringbuf.o)
 .debug_aranges
                0x0000000000000420       0x20 obj_cooja/mtype264.a(list.o)
 .debug_aranges
                0x0000000000000440       0x20 obj_cooja/mtype264.a(memb.o)
 .debug_aranges
                0x0000000000000460       0x20 obj_cooja/mtype264.a(uip-ds6.o)
 .debug_aranges
                0x0000000000000480       0x20 obj_cooja/mtype264.a(uip-ds6-route.o)
 .debug_aranges
                0x00000000000004a0       0x20 obj_cooja/mtype264.a(uip6.o)
 .debug_aranges
                0x00000000000004c0       0x20 obj_cooja/mtype264.a(uip-ds6-nbr.o)
 .debug_aranges
                0x00000000000004e0       0x20 obj_cooja/mtype264.a(uip-nd6.o)
 .debug_aranges
                0x0000000000000500       0x20 obj_cooja/mtype264.a(sicslowpan.o)
 .debug_aranges
                0x0000000000000520       0x20 obj_cooja/mtype264.a(uip-packetqueue)
 .debug_aranges
                0x0000000000000540       0x20 obj_cooja/mtype264.a(uip-debug.o)
 .debug_aranges
                0x0000000000000560       0x20 obj_cooja/mtype264.a(tcpip.o)
 .debug_aranges