Archive member included to satisfy reference by file (symbol)

obj_cooja/mtype943.a(er-coap-engine.)
                              main.co (coap_rest_implementation)
obj_cooja/mtype943.a(er-coap-transac)
                              obj_cooja/mtype943.a(er-coap-engine.) (coap_register_as_transaction_handler)
obj_cooja/mtype943.a(er-coap-observe)
                              obj_cooja/mtype943.a(er-coap-transac) (coap_remove_observer_by_client)
obj_cooja/mtype943.a(er-coap-res-wel)
                              obj_cooja/mtype943.a(er-coap-engine.) (res_well_known_core)
obj_cooja/mtype943.a(rest-engine.o)
                              main.co (rest_init_engine)
obj_cooja/mtype943.a(simEnvChange.o)
                              obj_cooja/mtype943.o (simDontFallAsleep)
obj_cooja/mtype943.a(cooja_mt.o)
                              obj_cooja/mtype943.o (cooja_mt_start)
obj_cooja/mtype943.a(cooja_mtarch.o)
                              obj_cooja/mtype943.a(cooja_mt.o) (cooja_mtarch_init)
obj_cooja/mtype943.a(rtimer-arch.o)
                              obj_cooja/mtype943.o (rtimer_arch_next)
obj_cooja/mtype943.a(beep.o)  obj_cooja/mtype943.o (beep_interface)
obj_cooja/mtype943.a(button-sensor.o)
                              obj_cooja/mtype943.o (button_interface)
obj_cooja/mtype943.a(leds-arch.o)
                              obj_cooja/mtype943.o (leds_interface)
obj_cooja/mtype943.a(moteid.o)
                              obj_cooja/mtype943.o (moteid_interface)
obj_cooja/mtype943.a(pir-sensor.o)
                              obj_cooja/mtype943.o (pir_interface)
obj_cooja/mtype943.a(rs232.o)
                              obj_cooja/mtype943.o (rs232_interface)
obj_cooja/mtype943.a(vib-sensor.o)
                              obj_cooja/mtype943.o (vib_interface)
obj_cooja/mtype943.a(clock.o)
                              obj_cooja/mtype943.o (clock_interface)
obj_cooja/mtype943.a(log.o)   obj_cooja/mtype943.o (simlog_interface)
obj_cooja/mtype943.a(cfs-cooja.o)
                              obj_cooja/mtype943.o (cfs_interface)
obj_cooja/mtype943.a(cooja-radio.o)
                              obj_cooja/mtype943.o (radio_interface)
obj_cooja/mtype943.a(eeprom.o)
                              obj_cooja/mtype943.o (eeprom_interface)
obj_cooja/mtype943.a(random.o)
                              obj_cooja/mtype943.a(moteid.o) (random_init)
obj_cooja/mtype943.a(sensors.o)
                              obj_cooja/mtype943.o (sensors_process)
obj_cooja/mtype943.a(autostart.o)
                              obj_cooja/mtype943.o (autostart_start)
obj_cooja/mtype943.a(ctimer.o)
                              obj_cooja/mtype943.o (ctimer_init)
obj_cooja/mtype943.a(etimer.o)
                              obj_cooja/mtype943.o (etimer_process)
obj_cooja/mtype943.a(process.o)
                              obj_cooja/mtype943.a(er-coap-engine.) (process_current)
obj_cooja/mtype943.a(rtimer.o)
                              obj_cooja/mtype943.a(rtimer-arch.o) (rtimer_run_next)
obj_cooja/mtype943.a(timer.o)
                              obj_cooja/mtype943.a(button-sensor.o) (timer_set)
obj_cooja/mtype943.a(serial-line.o)
                              obj_cooja/mtype943.a(rs232.o) (serial_line_input_byte)
obj_cooja/mtype943.a(ringbuf.o)
                              obj_cooja/mtype943.a(serial-line.o) (ringbuf_init)
obj_cooja/mtype943.a(list.o)  obj_cooja/mtype943.a(rest-engine.o) (list_init)
obj_cooja/mtype943.a(memb.o)  obj_cooja/mtype943.a(er-coap-transac) (memb_alloc)
obj_cooja/mtype943.a(uip-ds6.o)
                              obj_cooja/mtype943.o (uip_ds6_set_addr_iid)
obj_cooja/mtype943.a(uip-ds6-route.o)
                              obj_cooja/mtype943.a(uip-ds6.o) (uip_ds6_route_init)
obj_cooja/mtype943.a(uip6.o)  obj_cooja/mtype943.o (uip_lladdr)
obj_cooja/mtype943.a(uip-ds6-nbr.o)
                              obj_cooja/mtype943.a(uip-ds6.o) (uip_ds6_neighbors_init)
obj_cooja/mtype943.a(uip-nd6.o)
                              obj_cooja/mtype943.a(uip6.o) (uip_nd6_init)
obj_cooja/mtype943.a(sicslowpan.o)
                              obj_cooja/mtype943.o (sicslowpan_driver)
obj_cooja/mtype943.a(uip-packetqueue)
                              obj_cooja/mtype943.a(uip-ds6-nbr.o) (uip_packetqueue_new)
obj_cooja/mtype943.a(uip-debug.o)
                              obj_cooja/mtype943.a(uip-ds6-route.o) (uip_debug_ipaddr_print)
obj_cooja/mtype943.a(tcpip.o)
                              obj_cooja/mtype943.a(er-coap-engine.) (tcpip_event)
obj_cooja/mtype943.a(rpl-dag.o)
                              obj_cooja/mtype943.a(tcpip.o) (rpl_repair_root)
obj_cooja/mtype943.a(rpl-timers.o)
                              obj_cooja/mtype943.a(rpl-dag.o) (rpl_reset_dio_timer)
obj_cooja/mtype943.a(rpl-ext-header.)
                              obj_cooja/mtype943.a(uip6.o) (rpl_verify_hbh_header)
obj_cooja/mtype943.a(rpl.o)   obj_cooja/mtype943.a(rpl-dag.o) (rpl_stats)
obj_cooja/mtype943.a(rpl-mrhof.o)
[...]
Memory Configuration

Name             Origin             Length             Attributes
*default*        0x0000000000000000 0xffffffffffffffff

Linker script and memory map

LOAD /usr/lib/gcc/i686-linux-gnu/5/../../../i386-linux-gnu/crti.o
LOAD /usr/lib/gcc/i686-linux-gnu/5/crtbeginS.o
LOAD main.co
LOAD obj_cooja/mtype943.o
LOAD obj_cooja/mtype943.a
LOAD /usr/lib/gcc/i686-linux-gnu/5/libgcc.a
LOAD /usr/lib/gcc/i686-linux-gnu/5/libgcc_s.so
LOAD /usr/lib/gcc/i686-linux-gnu/5/../../../i386-linux-gnu/libc.so
START GROUP
LOAD /lib/i386-linux-gnu/libc.so.6
LOAD /usr/lib/i386-linux-gnu/libc_nonshared.a
LOAD /lib/i386-linux-gnu/ld-linux.so.2
END GROUP
LOAD /usr/lib/gcc/i686-linux-gnu/5/libgcc.a
LOAD /usr/lib/gcc/i686-linux-gnu/5/libgcc_s.so
LOAD /usr/lib/gcc/i686-linux-gnu/5/crtendS.o
LOAD /usr/lib/gcc/i686-linux-gnu/5/../../../i386-linux-gnu/crtn.o
                0x0000000000000114                . = (0x0 + SIZEOF_HEADERS)

.note.gnu.build-id
                0x0000000000000114       0x24
 *(.note.gnu.build-id)
 .note.gnu.build-id
                0x0000000000000114       0x24 /usr/lib/gcc/i686-linux-gnu/5/../../../i386-linux-gnu/crti.o

.hash
 *(.hash)

.gnu.hash       0x0000000000000138     0x1350
 *(.gnu.hash)
 .gnu.hash      0x0000000000000138     0x1350 /usr/lib/gcc/i686-linux-gnu/5/../../../i386-linux-gnu/crti.o

.dynsym         0x0000000000001488     0x25c0
 *(.dynsym)
 .dynsym        0x0000000000001488     0x25c0 /usr/lib/gcc/i686-linux-gnu/5/../../../i386-linux-gnu/crti.o

.dynstr         0x0000000000003a48     0x2928
 *(.dynstr)
 .dynstr        0x0000000000003a48     0x2928 /usr/lib/gcc/i686-linux-gnu/5/../../../i386-linux-gnu/crti.o

.gnu.version    0x0000000000006370      0x4b8
 *(.gnu.version)
 .gnu.version   0x0000000000006370      0x4b8 /usr/lib/gcc/i686-linux-gnu/5/../../../i386-linux-gnu/crti.o

.gnu.version_d  0x0000000000006828        0x0
 *(.gnu.version_d)
 .gnu.version_d
                0x0000000000006828        0x0 /usr/lib/gcc/i686-linux-gnu/5/../../../i386-linux-gnu/crti.o

.gnu.version_r  0x0000000000006828       0x40
 *(.gnu.version_r)
 .gnu.version_r
                0x0000000000006828       0x40 /usr/lib/gcc/i686-linux-gnu/5/../../../i386-linux-gnu/crti.o

.rel.dyn        0x0000000000006868     0x7c48
 *(.rel.init)
 .rel.init      0x0000000000006868        0x0 /usr/lib/gcc/i686-linux-gnu/5/../../../i386-linux-gnu/crti.o
 *(.rel.text .rel.text.* .rel.gnu.linkonce.t.*)
 .rel.text      0x0000000000006868     0x71e8 /usr/lib/gcc/i686-linux-gnu/5/../../../i386-linux-gnu/crti.o
 *(.rel.fini)
 .rel.fini      0x000000000000da50        0x0 /usr/lib/gcc/i686-linux-gnu/5/../../../i386-linux-gnu/crti.o
 *(.rel.rodata .rel.rodata.* .rel.gnu.linkonce.r.*)
 .rel.rodata    0x000000000000da50      0x700 /usr/lib/gcc/i686-linux-gnu/5/../../../i386-linux-gnu/crti.o
 *(.rel.data.rel.ro .rel.data.rel.ro.* .rel.gnu.linkonce.d.rel.ro.*)
 *(.rel.data .rel.data.* .rel.gnu.linkonce.d.*)
 .rel.data.rel.local
                0x000000000000e150        0x8 /usr/lib/gcc/i686-linux-gnu/5/../../../i386-linux-gnu/crti.o
 .rel.data      0x000000000000e158      0x320 /usr/lib/gcc/i686-linux-gnu/5/../../../i386-linux-gnu/crti.o
 *(.rel.tdata .rel.tdata.* .rel.gnu.linkonce.td.*)
 *(.rel.tbss .rel.tbss.* .rel.gnu.linkonce.tb.*)
 *(.rel.ctors)
 *(.rel.dtors)
 *(.rel.got)
 .rel.got       0x000000000000e478       0x28 /usr/lib/gcc/i686-linux-gnu/5/../../../i386-linux-gnu/crti.o
 *(.rel.bss .rel.bss.* .rel.gnu.linkonce.b.*)
 *(.rel.ifunc)
 .rel.ifunc     0x000000000000e4a0        0x0 /usr/lib/gcc/i686-linux-gnu/5/../../../i386-linux-gnu/crti.o
 .rel.fini_array
                0x000000000000e4a0        0x8 /usr/lib/gcc/i686-linux-gnu/5/../../../i386-linux-gnu/crti.o
 .rel.init_array
                0x000000000000e4a8        0x8 /usr/lib/gcc/i686-linux-gnu/5/../../../i386-linux-gnu/crti.o

.rel.plt        0x000000000000e4b0        0x0
 *(.rel.plt)
 .rel.plt       0x000000000000e4b0        0x0 /usr/lib/gcc/i686-linux-gnu/5/../../../i386-linux-gnu/crti.o
 *(.rel.iplt)

.init           0x000000000000e4b0       0x23
 *(SORT(.init))
 .init          0x000000000000e4b0       0x1e /usr/lib/gcc/i686-linux-gnu/5/../../../i386-linux-gnu/crti.o
                0x000000000000e4b0                _init
 .init          0x000000000000e4ce        0x5 /usr/lib/gcc/i686-linux-gnu/5/../../../i386-linux-gnu/crtn.o

.plt            0x000000000000e4e0       0x10
 *(.plt)
 .plt           0x000000000000e4e0       0x10 /usr/lib/gcc/i686-linux-gnu/5/../../../i386-linux-gnu/crti.o
 *(.iplt)

.plt.got        0x000000000000e4f0       0x10
 *(.plt.got)
 .plt.got       0x000000000000e4f0       0x10 /usr/lib/gcc/i686-linux-gnu/5/../../../i386-linux-gnu/crti.o

.text           0x000000000000e500    0x16529
 *(.text.unlikely .text.*_unlikely .text.unlikely.*)
 .text.unlikely
                0x000000000000e500        0x0 /usr/lib/gcc/i686-linux-gnu/5/crtbeginS.o
 *(.text.exit .text.exit.*)
 *(.text.startup .text.startup.*)
 *(.text.hot .text.hot.*)
 *(.text .stub .text.* .gnu.linkonce.t.*)
 .text          0x000000000000e500        0x0 /usr/lib/gcc/i686-linux-gnu/5/../../../i386-linux-gnu/crti.o
 .gnu.linkonce.t.__x86.get_pc_thunk.bx
                0x000000000000e500        0x4 /usr/lib/gcc/i686-linux-gnu/5/../../../i386-linux-gnu/crti.o
                0x000000000000e500                __x86.get_pc_thunk.bx
 *fill*         0x000000000000e504        0xc 
 .text          0x000000000000e510      0x11c /usr/lib/gcc/i686-linux-gnu/5/crtbeginS.o
 .text.__x86.get_pc_thunk.dx
                0x000000000000e62c        0x4 /usr/lib/gcc/i686-linux-gnu/5/crtbeginS.o
                0x000000000000e62c                __x86.get_pc_thunk.dx
 .text          0x000000000000e630      0x1d7 main.co
 .text          0x000000000000e807      0x6e4 obj_cooja/mtype943.o
                0x000000000000e94a                contiki_init
                0x000000000000ed1f                Java_org_contikios_cooja_corecomm_Lib12_init
                0x000000000000ed56                Java_org_contikios_cooja_corecomm_Lib12_getMemory
                0x000000000000ed89                Java_org_contikios_cooja_corecomm_Lib12_setMemory
                0x000000000000ede9                Java_org_contikios_cooja_corecomm_Lib12_tick
                0x000000000000eed8                Java_org_contikios_cooja_corecomm_Lib12_setReferenceAddress
 .text          0x000000000000eeeb      0x96a obj_cooja/mtype943.a(er-coap-engine.)
                0x000000000000f54a                coap_init_engine
                0x000000000000f565                coap_set_service_callback
                0x000000000000f573                coap_get_rest_method
                0x000000000000f62f                coap_blocking_request_callback
                0x000000000000f659                coap_blocking_request
 .text          0x000000000000f855      0x2ca obj_cooja/mtype943.a(er-coap-transac)
                0x000000000000f855                coap_register_as_transaction_handler
                0x000000000000f865                coap_new_transaction
                0x000000000000f8e5                coap_send_transaction
                0x000000000000fa1e                coap_clear_transaction
                0x000000000000fa66                coap_get_transaction_by_mid
                0x000000000000fab7                coap_check_transactions
 .text          0x000000000000fb1f      0x832 obj_cooja/mtype943.a(er-coap-observe)
                0x000000000000fc08                coap_remove_observer
                0x000000000000fc38                coap_remove_observer_by_client
                0x000000000000fcb6                coap_remove_observer_by_token
                0x000000000000fd5f                coap_remove_observer_by_uri
                0x000000000000fe23                coap_remove_observer_by_mid
                0x000000000000feb5                coap_notify_observers
                0x000000000000fece                coap_notify_observers_sub
                0x000000000001021b                coap_observe_handler
 .text          0x0000000000010351      0x2dc obj_cooja/mtype943.a(er-coap-res-wel)
                0x0000000000010351                well_known_core_get_handler
 .text          0x000000000001062d      0x490 obj_cooja/mtype943.a(rest-engine.o)
                0x000000000001062d                rest_init_engine
                0x0000000000010686                rest_activate_resource
                0x00000000000106ed                rest_get_resources
                0x00000000000106f7                rest_invoke_restful_service
 .text          0x0000000000010abd       0x65 obj_cooja/mtype943.a(simEnvChange.o)
                0x0000000000010abd                doActionsBeforeTick
                0x0000000000010aef                doActionsAfterTick
 .text          0x0000000000010b22       0xc2 obj_cooja/mtype943.a(cooja_mt.o)
                0x0000000000010b22                cooja_mt_init
                0x0000000000010b30                cooja_mt_remove
                0x0000000000010b3e                cooja_mt_start
                0x0000000000010b68                cooja_mt_exec
                0x0000000000010b9e                cooja_mt_exit
                0x0000000000010bc1                cooja_mt_yield
 .text          0x0000000000010be4      0x114 obj_cooja/mtype943.a(cooja_mtarch.o)
                0x0000000000010be4                cooja_mtarch_init
                0x0000000000010bea                cooja_mtarch_start
                0x0000000000010c5d                cooja_sw
                0x0000000000010c80                cooja_mtarch_exec
                0x0000000000010c9d                cooja_mtarch_remove
                0x0000000000010ca3                cooja_mtarch_yield
                0x0000000000010cae                cooja_mtarch_pstop
                0x0000000000010cb4                cooja_mtarch_pstart
                0x0000000000010cba                cooja_mtarch_stack_usage
 .text          0x0000000000010cf8       0xc4 obj_cooja/mtype943.a(rtimer-arch.o)
                0x0000000000010cf8                rtimer_arch_init
                0x0000000000010d1c                rtimer_arch_schedule
                0x0000000000010d34                rtimer_arch_next
                0x0000000000010d3e                rtimer_arch_pending
                0x0000000000010d48                rtimer_arch_check
                0x0000000000010d7a                rtimer_arch_now
 .text          0x0000000000010dbc       0x81 obj_cooja/mtype943.a(beep.o)
                0x0000000000010dbc                beep_alarm
                0x0000000000010dc9                beep_beep
                0x0000000000010dd6                beep
                0x0000000000010de3                beep_down
                0x0000000000010df0                beep_on
                0x0000000000010dfd                beep_off
                0x0000000000010e0a                beep_spinup
                0x0000000000010e17                beep_quick
                0x0000000000010e24                beep_long
 .text          0x0000000000010e3d      0x10d obj_cooja/mtype943.a(button-sensor.o)
 .text          0x0000000000010f4a       0x49 obj_cooja/mtype943.a(leds-arch.o)
                0x0000000000010f4a                leds_arch_init
                0x0000000000010f57                leds_arch_get
                0x0000000000010f63                leds_arch_set
 .text          0x0000000000010f93       0x35 obj_cooja/mtype943.a(moteid.o)
 .text          0x0000000000010fc8       0xb7 obj_cooja/mtype943.a(pir-sensor.o)
 .text          0x000000000001107f      0x148 obj_cooja/mtype943.a(rs232.o)
                0x000000000001107f                rs232_init
                0x0000000000011085                rs232_set_speed
                0x0000000000011094                rs232_set_input
                0x00000000000110a2                rs232_send
                0x00000000000110c6                rs232_print
                0x00000000000110e2                slip_arch_writeb
 .text          0x00000000000111c7       0xb7 obj_cooja/mtype943.a(vib-sensor.o)
 .text          0x000000000001127e       0x38 obj_cooja/mtype943.a(clock.o)
                0x000000000001127e                clock_init
                0x0000000000011284                clock_time
                0x000000000001128e                clock_seconds
                0x00000000000112a4                clock_delay
 .text          0x00000000000112b6      0x219 obj_cooja/mtype943.a(log.o)
                0x00000000000112b6                simlog_char
                0x00000000000112f9                simlog
                0x000000000001136f                log_message
                0x00000000000113a0                log_set_putchar_with_slip
                0x00000000000113ae                log_putchar
                0x0000000000011429                log_puts
                0x0000000000011451                log_printf
 .text          0x00000000000114cf      0x2b9 obj_cooja/mtype943.a(cfs-cooja.o)
                0x00000000000114cf                cfs_open
                0x0000000000011538                cfs_close
                0x0000000000011545                cfs_read
                0x00000000000115da                cfs_write
                0x00000000000116b6                cfs_seek
                0x000000000001173e                cfs_remove
                0x0000000000011762                cfs_opendir
                0x000000000001176c                cfs_readdir
                0x0000000000011776                cfs_closedir
 .text          0x0000000000011788      0x3dc obj_cooja/mtype943.a(cooja-radio.o)
                0x00000000000117b2                radio_set_channel
                0x00000000000117c0                radio_set_txpower
                0x00000000000117d8                radio_signal_strength_last
                0x00000000000117e2                radio_signal_strength_current
                0x00000000000117ec                radio_LQI
 .text          0x0000000000011b64       0xee obj_cooja/mtype943.a(eeprom.o)
                0x0000000000011b64                eeprom_init
                0x0000000000011b6a                eeprom_read
                0x0000000000011bd8                eeprom_write
 .text          0x0000000000011c52       0x2d obj_cooja/mtype943.a(random.o)
                0x0000000000011c52                random_init
                0x0000000000011c72                random_rand
 .text          0x0000000000011c7f      0x29c obj_cooja/mtype943.a(sensors.o)
                0x0000000000011cba                sensors_first
                0x0000000000011cc4                sensors_next
                0x0000000000011cde                sensors_changed
                0x0000000000011d12                sensors_find
 .text          0x0000000000011f1b       0x92 obj_cooja/mtype943.a(autostart.o)
                0x0000000000011f1b                autostart_start
                0x0000000000011f65                autostart_exit
 .text          0x0000000000011fad      0x355 obj_cooja/mtype943.a(ctimer.o)
                0x00000000000120d5                ctimer_init
                0x0000000000012108                ctimer_set
                0x000000000001212e                ctimer_set_with_process
                0x00000000000121ab                ctimer_reset
                0x00000000000121ff                ctimer_restart
                0x0000000000012253                ctimer_stop
                0x00000000000122a3                ctimer_expired
 .text          0x0000000000012302      0x43f obj_cooja/mtype943.a(etimer.o)
                0x0000000000012526                etimer_request_poll
                0x00000000000125af                etimer_set
                0x00000000000125d8                etimer_reset_with_new_interval
                0x0000000000012607                etimer_reset
                0x000000000001262d                etimer_restart
                0x0000000000012653                etimer_adjust
                0x0000000000012670                etimer_expired
                0x0000000000012683                etimer_expiration_time
                0x0000000000012695                etimer_start_time
                0x000000000001269f                etimer_pending
                0x00000000000126b1                etimer_next_expiration_time
                0x00000000000126cb                etimer_stop
 .text          0x0000000000012741      0x4fb obj_cooja/mtype943.a(process.o)
                0x0000000000012741                process_alloc_event
                0x0000000000012756                process_start
                0x0000000000012930                process_exit
                0x000000000001294d                process_init
                0x0000000000012ae2                process_run
                0x0000000000012b15                process_nevents
                0x0000000000012b30                process_post
                0x0000000000012bc3                process_post_synch
                0x0000000000012bf8                process_poll
                0x0000000000012c28                process_is_running
 .text          0x0000000000012c3c       0xc6 obj_cooja/mtype943.a(rtimer.o)
                0x0000000000012c3c                rtimer_init
                0x0000000000012c4a                rtimer_set
                0x0000000000012ca4                rtimer_run_next
 .text          0x0000000000012d02       0x9c obj_cooja/mtype943.a(timer.o)
                0x0000000000012d02                timer_set
                0x0000000000012d20                timer_reset
                0x0000000000012d38                timer_restart
                0x0000000000012d4d                timer_expired
                0x0000000000012d7a                timer_remaining
 .text          0x0000000000012d9e      0x1eb obj_cooja/mtype943.a(serial-line.o)
                0x0000000000012d9e                serial_line_input_byte
                0x0000000000012f54                serial_line_init
 .text          0x0000000000012f89      0x156 obj_cooja/mtype943.a(ringbuf.o)
                0x0000000000012f89                ringbuf_init
                0x0000000000012fbb                ringbuf_put
                0x0000000000013039                ringbuf_get
                0x00000000000130a6                ringbuf_size
                0x00000000000130b8                ringbuf_elements
 .text          0x00000000000130df      0x24a obj_cooja/mtype943.a(list.o)
                0x00000000000130df                list_init
                0x00000000000130ee                list_head
                0x00000000000130f8                list_copy
                0x0000000000013108                list_tail
                0x000000000001313e                list_add
                0x000000000001318a                list_push
                0x00000000000131b6                list_chop
                0x0000000000013220                list_pop
                0x0000000000013248                list_remove
                0x00000000000132b0                list_length
                0x00000000000132de                list_insert
                0x0000000000013312                list_item_next
 .text          0x0000000000013329      0x1b8 obj_cooja/mtype943.a(memb.o)
                0x0000000000013329                memb_init
                0x000000000001337e                memb_alloc
                0x00000000000133e3                memb_free
                0x000000000001345e                memb_inmemb
                0x000000000001349d                memb_numfree
 .text          0x00000000000134e1      0xae0 obj_cooja/mtype943.a(uip-ds6.o)
                0x00000000000134e1                uip_ds6_init
                0x000000000001368c                uip_ds6_periodic
                0x0000000000013713                uip_ds6_list_loop
                0x00000000000137b7                uip_ds6_prefix_add
                0x0000000000013863                uip_ds6_prefix_rm
                0x0000000000013876                uip_ds6_prefix_lookup
                0x00000000000138b5                uip_ds6_is_addr_onlink
                0x0000000000013928                uip_ds6_addr_add
                0x0000000000013a48                uip_ds6_addr_rm
                0x0000000000013af1                uip_ds6_addr_lookup
                0x0000000000013b2a                uip_ds6_get_link_local
                0x0000000000013bab                uip_ds6_get_global
                0x0000000000013c2c                uip_ds6_maddr_add
                0x0000000000013c8c                uip_ds6_maddr_rm
                0x0000000000013c9f                uip_ds6_maddr_lookup
                0x0000000000013cd8                uip_ds6_aaddr_add
                0x0000000000013d38                uip_ds6_aaddr_rm
                0x0000000000013d4b                uip_ds6_aaddr_lookup
                0x0000000000013d84                uip_ds6_select_src
                0x0000000000013ecd                uip_ds6_set_addr_iid
                0x0000000000013ef8                get_match_length
                0x0000000000013f89                uip_ds6_compute_reachable_time
 .text          0x0000000000013fc1      0x985 obj_cooja/mtype943.a(uip-ds6-route.o)
                0x0000000000014038                uip_ds6_notification_add
                0x000000000001406a                uip_ds6_notification_rm
                0x0000000000014087                uip_ds6_route_init
                0x0000000000014126                uip_ds6_route_nexthop
                0x0000000000014155                uip_ds6_route_head
                0x000000000001416e                uip_ds6_route_next
                0x0000000000014197                uip_ds6_route_is_nexthop
                0x00000000000141d9                uip_ds6_route_num_routes
                0x00000000000141e3                uip_ds6_route_lookup
                0x00000000000142aa                uip_ds6_route_add
                0x00000000000144d4                uip_ds6_route_rm
                0x000000000001468a                uip_ds6_route_rm_by_nexthop
                0x00000000000146c9                uip_ds6_defrt_add
                0x000000000001477a                uip_ds6_defrt_rm
                0x00000000000147fb                uip_ds6_defrt_lookup
                0x0000000000014855                uip_ds6_defrt_choose
                0x00000000000148cb                uip_ds6_defrt_periodic
 .text          0x0000000000014946     0x11b7 obj_cooja/mtype943.a(uip6.o)
                0x00000000000149f5                uip_chksum
                0x0000000000014ad6                uip_icmp6chksum
                0x0000000000014aeb                uip_udpchksum
                0x0000000000014b00                uip_init
                0x0000000000014b44                remove_ext_hdr
                0x0000000000014c15                uip_udp_new
                0x0000000000014f30                uip_process
                0x00000000000159f8                uip_htons
                0x0000000000015a1a                uip_htonl
                0x0000000000015a58                uip_send
 .text          0x0000000000015afd      0x2bb obj_cooja/mtype943.a(uip-ds6-nbr.o)
                0x0000000000015b1a                uip_ds6_neighbors_init
                0x0000000000015b3e                uip_ds6_nbr_add
                0x0000000000015bc2                uip_ds6_nbr_rm
                0x0000000000015c0b                uip_ds6_nbr_get_ipaddr
                0x0000000000015c20                uip_ds6_nbr_get_ll
                0x0000000000015c3c                uip_ds6_nbr_num
                0x0000000000015c85                uip_ds6_nbr_lookup
                0x0000000000015ce8                uip_ds6_nbr_ll_lookup
                0x0000000000015d04                uip_ds6_nbr_ipaddr_from_lladdr
                0x0000000000015d2d                uip_ds6_nbr_lladdr_from_ipaddr
                0x0000000000015d61                uip_ds6_link_neighbor_callback
 .text          0x0000000000015db8      0x355 obj_cooja/mtype943.a(uip-nd6.o)
                0x0000000000015e05                uip_nd6_ns_output
                0x0000000000016107                uip_nd6_init
 .text          0x000000000001610d     0x2549 obj_cooja/mtype943.a(sicslowpan.o)
                0x000000000001669d                rime_sniffer_add
                0x00000000000166ab                rime_sniffer_remove
                0x00000000000185f0                sicslowpan_init
                0x000000000001864c                sicslowpan_get_last_rssi
 .text          0x0000000000018656      0x146 obj_cooja/mtype943.a(uip-packetqueue)
                0x0000000000018684                uip_packetqueue_new
                0x0000000000018693                uip_packetqueue_alloc
                0x00000000000186ee                uip_packetqueue_free
                0x0000000000018735                uip_packetqueue_buf
                0x0000000000018752                uip_packetqueue_buflen
                0x0000000000018773                uip_packetqueue_set_buflen
 .text          0x000000000001879c      0x160 obj_cooja/mtype943.a(uip-debug.o)
                0x000000000001879c                uip_debug_ipaddr_print
 .text          0x00000000000188fc      0x6b5 obj_cooja/mtype943.a(tcpip.o)
                0x00000000000188fc                tcpip_output
                0x000000000001892d                tcpip_set_outputfunc
                0x0000000000018979                udp_attach
                0x000000000001899f                udp_new
                0x00000000000189f1                udp_broadcast_new
                0x0000000000018b63                tcpip_input
                0x0000000000018b90                tcpip_ipv6_output
                0x0000000000018ead                tcpip_poll_udp
                0x0000000000018ecb                tcpip_uipcall
 .text          0x0000000000018fb1     0x2868 obj_cooja/mtype943.a(rpl-dag.o)
                0x0000000000018fb1                rpl_print_neighbor_list
                0x000000000001918c                rpl_get_nbr
                0x00000000000191dd                rpl_dag_init
                0x00000000000191fc                rpl_get_parent
                0x000000000001921e                rpl_get_parent_rank
                0x0000000000019251                rpl_get_parent_link_metric
                0x00000000000192ab                rpl_rank_via_parent
                0x0000000000019305                rpl_get_parent_lladdr
                0x0000000000019321                rpl_get_parent_ipaddr
                0x0000000000019348                rpl_get_parent_link_stats
                0x000000000001936f                rpl_parent_is_fresh
                0x0000000000019396                rpl_parent_is_reachable
                0x00000000000196e7                rpl_set_root
                0x0000000000019963                rpl_repair_root
                0x0000000000019baf                rpl_set_prefix
                0x0000000000019c9f                rpl_set_default_route
                0x0000000000019d10                rpl_alloc_instance
                0x0000000000019da0                rpl_alloc_dag
                0x0000000000019e70                rpl_set_default_instance
                0x0000000000019e7e                rpl_get_default_instance
                0x0000000000019e88                rpl_free_instance
                0x0000000000019f48                rpl_free_dag
                0x0000000000019fc8                rpl_add_parent
                0x000000000001a071                rpl_find_parent
                0x000000000001a0cf                rpl_find_parent_any_dag
                0x000000000001a10e                rpl_select_dag
                0x000000000001a515                rpl_select_parent
                0x000000000001a5f0                rpl_remove_parent
                0x000000000001a61b                rpl_nullify_parent
                0x000000000001a6d7                rpl_move_parent
                0x000000000001a794                rpl_has_downward_route
                0x000000000001a7e5                rpl_get_dag
                0x000000000001a8cb                rpl_get_any_dag
                0x000000000001a92a                rpl_get_instance
                0x000000000001a98b                rpl_find_of
                0x000000000001a9c8                rpl_join_instance
                0x000000000001acad                rpl_add_dag
                0x000000000001b0a2                rpl_local_repair
                0x000000000001b177                rpl_recalculate_ranks
                0x000000000001b202                rpl_process_parent_event
                0x000000000001b33b                rpl_process_dio
 .text          0x000000000001b819      0x8e1 obj_cooja/mtype943.a(rpl-timers.o)
                0x000000000001bacf                rpl_reset_periodic_timer
                0x000000000001bb1a                rpl_reset_dio_timer
                0x000000000001bd5f                rpl_schedule_dao
                0x000000000001bd7b                rpl_schedule_dao_immediately
                0x000000000001bd94                rpl_cancel_dao
                0x000000000001be03                rpl_schedule_unicast_dio_immediately
                0x000000000001be27                get_probing_delay
                0x000000000001bea6                get_probing_target
                0x000000000001c0c3                rpl_schedule_probing
 .text          0x000000000001c0fa      0xa0e obj_cooja/mtype943.a(rpl-ext-header.)
                0x000000000001c117                rpl_verify_hbh_header
                0x000000000001c8e7                rpl_remove_header
                0x000000000001ca49                rpl_update_header
 .text          0x000000000001cb08      0x573 obj_cooja/mtype943.a(rpl.o)
                0x000000000001cb08                rpl_get_mode
                0x000000000001cb12                rpl_set_mode
                0x000000000001cba6                rpl_purge_routes
                0x000000000001cca4                rpl_remove_routes
                0x000000000001ccf1                rpl_remove_routes_by_nexthop
                0x000000000001cd53                rpl_add_route
                0x000000000001cdca                rpl_link_neighbor_callback
                0x000000000001ce95                rpl_ipv6_neighbor_callback
                0x000000000001cf05                rpl_purge_dags
                0x000000000001cfea                rpl_init
 .text          0x000000000001d07b      0x315 obj_cooja/mtype943.a(rpl-mrhof.o)
 .text          0x000000000001d390     0x1ba4 obj_cooja/mtype943.a(rpl-icmp6.o)
                0x000000000001d607                rpl_icmp6_update_nbr_table
                0x000000000001d6e5                dis_output
                0x000000000001ddd2                dio_output
                0x000000000001eac8                dao_output
                0x000000000001eb86                dao_output_target
                0x000000000001eed6                dao_ack_output
                0x000000000001eeeb                rpl_icmp6_register_handlers
 .text          0x000000000001ef34      0x2e4 obj_cooja/mtype943.a(queuebuf.o)
                0x000000000001ef3e                queuebuf_init
                0x000000000001ef67                queuebuf_numfree
                0x000000000001ef7f                queuebuf_new_from_packetbuf
                0x000000000001f01e                queuebuf_update_attr_from_packetbuf
                0x000000000001f053                queuebuf_update_from_packetbuf
                0x000000000001f0a3                queuebuf_free
                0x000000000001f0ec                queuebuf_to_packetbuf
                0x000000000001f158                queuebuf_dataptr
                0x000000000001f192                queuebuf_datalen
                0x000000000001f1b5                queuebuf_addr
                0x000000000001f1e7                queuebuf_attr
                0x000000000001f212                queuebuf_debug_print
 .text          0x000000000001f218      0x7c7 obj_cooja/mtype943.a(nbr-table.o)
                0x000000000001f691                nbr_table_register
                0x000000000001f6d9                nbr_table_head
                0x000000000001f734                nbr_table_next
                0x000000000001f795                nbr_table_add_lladdr
                0x000000000001f85f                nbr_table_get_from_lladdr
                0x000000000001f8ab                nbr_table_remove
                0x000000000001f8e3                nbr_table_lock
                0x000000000001f8fd                nbr_table_unlock
                0x000000000001f917                nbr_table_get_lladdr
                0x000000000001f943                nbr_table_update_lladdr
 .text          0x000000000001f9df      0x3df obj_cooja/mtype943.a(packetbuf.o)
                0x000000000001f9df                packetbuf_clear
                0x000000000001fa0a                packetbuf_copyfrom
                0x000000000001fa59                packetbuf_compact
                0x000000000001fad6                packetbuf_copyto
                0x000000000001fb69                packetbuf_hdralloc
                0x000000000001fbe5                packetbuf_hdrreduce
                0x000000000001fc2b                packetbuf_set_datalen
                0x000000000001fc45                packetbuf_dataptr
                0x000000000001fc62                packetbuf_hdrptr
                0x000000000001fc6c                packetbuf_datalen
                0x000000000001fc78                packetbuf_hdrlen
                0x000000000001fc8f                packetbuf_totlen
                0x000000000001fca5                packetbuf_attr_clear
                0x000000000001fcf1                packetbuf_attr_copyto
                0x000000000001fd49                packetbuf_attr_copyfrom
                0x000000000001fda1                packetbuf_holds_broadcast
 .text          0x000000000001fdbe       0x2c obj_cooja/mtype943.a(netstack.o)
                0x000000000001fdbe                netstack_init
 .text          0x000000000001fdea       0x4f obj_cooja/mtype943.a(linkaddr.o)
                0x000000000001fdea                linkaddr_copy
                0x000000000001fe00                linkaddr_cmp
                0x000000000001fe23                linkaddr_set_node_addr
 .text          0x000000000001fe39      0x326 obj_cooja/mtype943.a(link-stats.o)
                0x000000000001fe53                link_stats_from_lladdr
                0x000000000001fe6f                link_stats_is_fresh
                0x000000000001feac                guess_etx_from_rssi
                0x000000000001ff28                link_stats_packet_sent
                0x000000000002002e                link_stats_input_callback
                0x000000000002012a                link_stats_init
 .text          0x000000000002015f      0x83e obj_cooja/mtype943.a(csma.o)
 .text          0x000000000002099d       0x38 obj_cooja/mtype943.a(mac.o)
                0x000000000002099d                mac_call_sent_callback
 .text          0x00000000000209d5      0x3e3 obj_cooja/mtype943.a(framer-802154.o)
 .text          0x0000000000020db8      0x434 obj_cooja/mtype943.a(nullrdc.o)
 .text          0x00000000000211ec       0x68 obj_cooja/mtype943.a(nullsec.o)
 .text          0x0000000000021254     0x1d7e obj_cooja/mtype943.a(er-coap.o)
                0x000000000002173d                coap_init_connection
                0x000000000002177b                coap_get_mid
                0x0000000000021797                coap_init_message
                0x00000000000217e6                coap_serialize_message
                0x0000000000021e20                coap_send_message
                0x0000000000021e9b                coap_parse_message
                0x00000000000224fa                coap_get_query_variable
                0x000000000002253c                coap_get_post_variable
                0x0000000000022586                coap_set_status_code
                0x00000000000225ab                coap_set_token
                0x00000000000225f8                coap_get_header_content_format
                0x0000000000022632                coap_set_header_content_format
                0x0000000000022663                coap_get_header_accept
                0x000000000002269d                coap_set_header_accept
                0x00000000000226ce                coap_get_header_max_age
                0x0000000000022708                coap_set_header_max_age
                0x0000000000022736                coap_get_header_etag
                0x0000000000022771                coap_set_header_etag
                0x00000000000227d0                coap_get_header_if_match
                0x000000000002280b                coap_set_header_if_match
                0x000000000002286a                coap_get_header_if_none_match
                0x0000000000022884                coap_set_header_if_none_match
                0x00000000000228a0                coap_get_header_proxy_uri
                0x00000000000228d7                coap_set_header_proxy_uri
                0x000000000002291c                coap_get_header_uri_host
                0x0000000000022953                coap_set_header_uri_host
                0x0000000000022998                coap_get_header_uri_path
                0x00000000000229cf                coap_set_header_uri_path
                0x0000000000022a24                coap_get_header_uri_query
                0x0000000000022a5b                coap_set_header_uri_query
                0x0000000000022ab9                coap_get_header_location_path
                0x0000000000022af0                coap_set_header_location_path
                0x0000000000022b91                coap_get_header_location_query
                0x0000000000022bc8                coap_set_header_location_query
                0x0000000000022c1d                coap_get_header_observe
                0x0000000000022c55                coap_set_header_observe
                0x0000000000022c83                coap_get_header_block2
                0x0000000000022cf2                coap_set_header_block2
                0x0000000000022d74                coap_get_header_block1
                0x0000000000022df2                coap_set_header_block1
                0x0000000000022e78                coap_get_header_size2
                0x0000000000022eb1                coap_set_header_size2
                0x0000000000022ee2                coap_get_header_size1
                0x0000000000022f1b                coap_set_header_size1
                0x0000000000022f4c                coap_get_payload
                0x0000000000022f92                coap_set_payload
 .text          0x0000000000022fd2       0x1e obj_cooja/mtype943.a(watchdog.o)
                0x0000000000022fd2                watchdog_init
                0x0000000000022fd8                watchdog_start
                0x0000000000022fde                watchdog_periodic
                0x0000000000022fe4                watchdog_stop
                0x0000000000022fea                watchdog_reboot
 .text          0x0000000000022ff0        0x0 obj_cooja/mtype943.a(rimestats.o)
 .text          0x0000000000022ff0       0xb2 obj_cooja/mtype943.a(stimer.o)
                0x0000000000022ff0                stimer_set
                0x000000000002300e                stimer_reset
                0x0000000000023026                stimer_restart
                0x000000000002303b                stimer_expired
                0x0000000000023066                stimer_remaining
                0x000000000002308a                stimer_elapsed
 .text          0x00000000000230a2      0x953 obj_cooja/mtype943.a(uip-icmp6.o)
                0x0000000000023117                uip_icmp6_input
                0x000000000002316e                uip_icmp6_register_input_handler
                0x000000000002337a                uip_icmp6_error_output
                0x00000000000236c3                uip_icmp6_send
                0x000000000002397d                uip_icmp6_echo_reply_callback_add
                0x00000000000239af                uip_icmp6_echo_reply_callback_rm
                0x00000000000239cc                uip_icmp6_init
 .text          0x00000000000239f5      0x128 obj_cooja/mtype943.a(uip-udp-packet.)
                0x00000000000239f5                uip_udp_packet_send
                0x0000000000023a50                uip_udp_packet_sendto
 .text          0x0000000000023b1d      0x32d obj_cooja/mtype943.a(rpl-nbr-policy.)
                0x0000000000023cf4                find_removable_dis
                0x0000000000023d17                find_removable_dio
                0x0000000000023d9c                find_removable_dao
                0x0000000000023dec                rpl_nbr_policy_find_removable
 .text          0x0000000000023e4a      0x1bb obj_cooja/mtype943.a(mac-sequence.o)
                0x0000000000023e81                mac_sequence_is_duplicate
                0x0000000000023f21                mac_sequence_register_seqno
 .text          0x0000000000024005      0xa24 obj_cooja/mtype943.a(frame802154.o)
                0x0000000000024036                frame802154_get_pan_id
                0x0000000000024042                frame802154_set_pan_id
                0x000000000002405c                frame802154_has_panid
                0x000000000002413d                frame802154_check_dest_panid
                0x00000000000241be                frame802154_is_broadcast_addr
                0x000000000002420b                frame802154_extract_linkaddr
                0x0000000000024470                frame802154_hdrlen
                0x00000000000244e3                frame802154_create
                0x00000000000246f6                frame802154_parse
 .text          0x0000000000024a29        0x0 /usr/lib/gcc/i686-linux-gnu/5/crtendS.o
 .text          0x0000000000024a29        0x0 /usr/lib/gcc/i686-linux-gnu/5/../../../i386-linux-gnu/crtn.o
 *(.gnu.warning)

.fini           0x0000000000024a2c       0x14
 *(SORT(.fini))
 .fini          0x0000000000024a2c        0xf /usr/lib/gcc/i686-linux-gnu/5/../../../i386-linux-gnu/crti.o
                0x0000000000024a2c                _fini
 .fini          0x0000000000024a3b        0x5 /usr/lib/gcc/i686-linux-gnu/5/../../../i386-linux-gnu/crtn.o
                [!provide]                        PROVIDE (__etext, .)
                [!provide]                        PROVIDE (_etext, .)
                [!provide]                        PROVIDE (etext, .)

.rodata         0x0000000000024a40      0x984
 *(.rodata .rodata.* .gnu.linkonce.r.*)
 .rodata        0x0000000000024a40       0xb3 main.co
                0x0000000000024a4c                autostart_processes
 *fill*         0x0000000000024af3        0x1 
 .rodata        0x0000000000024af4      0x133 obj_cooja/mtype943.o
 *fill*         0x0000000000024c27       0x19 
 .rodata        0x0000000000024c40      0x18c obj_cooja/mtype943.a(er-coap-engine.)
                0x0000000000024cc0                coap_rest_implementation
 .rodata        0x0000000000024dcc       0x11 obj_cooja/mtype943.a(er-coap-observe)
 .rodata        0x0000000000024ddd       0x19 obj_cooja/mtype943.a(er-coap-res-wel)
 .rodata        0x0000000000024df6        0xc obj_cooja/mtype943.a(rest-engine.o)
 *fill*         0x0000000000024e02        0x2 
 .rodata        0x0000000000024e04        0x8 obj_cooja/mtype943.a(beep.o)
                0x0000000000024e04                beep_interface
 .rodata        0x0000000000024e0c       0x20 obj_cooja/mtype943.a(button-sensor.o)
                0x0000000000024e0c                button_interface
                0x0000000000024e1c                button_sensor
 .rodata        0x0000000000024e2c        0x8 obj_cooja/mtype943.a(leds-arch.o)
                0x0000000000024e2c                leds_interface
 .rodata        0x0000000000024e34        0x8 obj_cooja/mtype943.a(moteid.o)
                0x0000000000024e34                moteid_interface
 .rodata        0x0000000000024e3c       0x1c obj_cooja/mtype943.a(pir-sensor.o)
                0x0000000000024e3c                pir_interface
                0x0000000000024e48                pir_sensor
 .rodata        0x0000000000024e58        0xe obj_cooja/mtype943.a(rs232.o)
                0x0000000000024e58                rs232_interface
 *fill*         0x0000000000024e66        0x2 
 .rodata        0x0000000000024e68       0x24 obj_cooja/mtype943.a(vib-sensor.o)
                0x0000000000024e68                vib_interface
                0x0000000000024e7c                vib_sensor
 .rodata        0x0000000000024e8c        0x8 obj_cooja/mtype943.a(clock.o)
                0x0000000000024e8c                clock_interface
 .rodata        0x0000000000024e94        0x8 obj_cooja/mtype943.a(log.o)
                0x0000000000024e94                simlog_interface
 .rodata        0x0000000000024e9c       0x2f obj_cooja/mtype943.a(cfs-cooja.o)
                0x0000000000024e9c                cfs_interface
 *fill*         0x0000000000024ecb       0x15 
 .rodata        0x0000000000024ee0       0x58 obj_cooja/mtype943.a(cooja-radio.o)
                0x0000000000024ee0                radio_interface
                0x0000000000024f00                cooja_radio_driver
 .rodata        0x0000000000024f38        0x8 obj_cooja/mtype943.a(eeprom.o)
                0x0000000000024f38                eeprom_interface
 .rodata        0x0000000000024f40        0x8 obj_cooja/mtype943.a(sensors.o)
 .rodata        0x0000000000024f48        0xf obj_cooja/mtype943.a(ctimer.o)
 .rodata        0x0000000000024f57        0xc obj_cooja/mtype943.a(etimer.o)
 .rodata        0x0000000000024f63        0xe obj_cooja/mtype943.a(serial-line.o)
 *fill*         0x0000000000024f71        0x3 
 .rodata        0x0000000000024f74       0xf4 obj_cooja/mtype943.a(uip6.o)
 .rodata        0x0000000000025068       0x2c obj_cooja/mtype943.a(sicslowpan.o)
                0x0000000000025068                unc_llconf
                0x000000000002506c                unc_ctxconf
                0x0000000000025070                unc_mxconf
                0x0000000000025074                llprefix
                0x0000000000025088                sicslowpan_driver
 .rodata        0x0000000000025094       0x2a obj_cooja/mtype943.a(uip-debug.o)
 .rodata        0x00000000000250be       0x29 obj_cooja/mtype943.a(tcpip.o)
 *fill*         0x00000000000250e7        0x1 
 .rodata        0x00000000000250e8       0x89 obj_cooja/mtype943.a(rpl-dag.o)
 *fill*         0x0000000000025171        0x3 
 .rodata        0x0000000000025174        0x8 obj_cooja/mtype943.a(linkaddr.o)
                0x0000000000025174                linkaddr_null
 .rodata        0x000000000002517c       0x24 obj_cooja/mtype943.a(csma.o)
                0x0000000000025184                csma_driver
 .rodata        0x00000000000251a0        0xc obj_cooja/mtype943.a(framer-802154.o)
                0x00000000000251a0                framer_802154
 *fill*         0x00000000000251ac       0x14 
 .rodata        0x00000000000251c0       0x40 obj_cooja/mtype943.a(nullrdc.o)
                0x00000000000251e0                nullrdc_driver
 .rodata        0x0000000000025200       0x18 obj_cooja/mtype943.a(nullsec.o)
                0x0000000000025208                nullsec_driver
 .rodata        0x0000000000025218      0x1ac obj_cooja/mtype943.a(er-coap.o)

.rodata1
 *(.rodata1)

.eh_frame_hdr   0x00000000000253c4     0x154c
 *(.eh_frame_hdr)
 .eh_frame_hdr  0x00000000000253c4     0x154c main.co
                0x00000000000253c4                __GNU_EH_FRAME_HDR
 *(.eh_frame_entry .eh_frame_entry.*)

.eh_frame       0x0000000000026910     0x5640
 *(.eh_frame)
 .eh_frame      0x0000000000026910       0x3c /usr/lib/gcc/i686-linux-gnu/5/../../../i386-linux-gnu/crti.o
                                         0x40 (size before relaxing)
 .eh_frame      0x000000000002694c       0x64 main.co
                                         0x7c (size before relaxing)
 .eh_frame      0x00000000000269b0      0x148 obj_cooja/mtype943.o
                                        0x160 (size before relaxing)
 .eh_frame      0x0000000000026af8       0xe8 obj_cooja/mtype943.a(er-coap-engine.)
                                        0x100 (size before relaxing)
 .eh_frame      0x0000000000026be0       0xc4 obj_cooja/mtype943.a(er-coap-transac)
                                         0xdc (size before relaxing)
 .eh_frame      0x0000000000026ca4      0x13c obj_cooja/mtype943.a(er-coap-observe)
                                        0x154 (size before relaxing)
 .eh_frame      0x0000000000026de0       0x24 obj_cooja/mtype943.a(er-coap-res-wel)
                                         0x3c (size before relaxing)
 .eh_frame      0x0000000000026e04       0xa0 obj_cooja/mtype943.a(rest-engine.o)
                                         0xb8 (size before relaxing)
 .eh_frame      0x0000000000026ea4       0x40 obj_cooja/mtype943.a(simEnvChange.o)
                                         0x58 (size before relaxing)
 .eh_frame      0x0000000000026ee4       0xc0 obj_cooja/mtype943.a(cooja_mt.o)
                                         0xd8 (size before relaxing)
 .eh_frame      0x0000000000026fa4      0x120 obj_cooja/mtype943.a(cooja_mtarch.o)
                                        0x138 (size before relaxing)
 .eh_frame      0x00000000000270c4       0xc0 obj_cooja/mtype943.a(rtimer-arch.o)
                                         0xd8 (size before relaxing)
 .eh_frame      0x0000000000027184      0x160 obj_cooja/mtype943.a(beep.o)
                                        0x178 (size before relaxing)
 .eh_frame      0x00000000000272e4       0xa0 obj_cooja/mtype943.a(button-sensor.o)
                                         0xb8 (size before relaxing)
 .eh_frame      0x0000000000027384       0xa0 obj_cooja/mtype943.a(leds-arch.o)
                                         0xb8 (size before relaxing)
 .eh_frame      0x0000000000027424       0x40 obj_cooja/mtype943.a(moteid.o)
                                         0x58 (size before relaxing)
 .eh_frame      0x0000000000027464       0xa0 obj_cooja/mtype943.a(pir-sensor.o)
                                         0xb8 (size before relaxing)
 .eh_frame      0x0000000000027504      0x100 obj_cooja/mtype943.a(rs232.o)
                                        0x118 (size before relaxing)
 .eh_frame      0x0000000000027604       0xa0 obj_cooja/mtype943.a(vib-sensor.o)
                                         0xb8 (size before relaxing)
 .eh_frame      0x00000000000276a4       0xc0 obj_cooja/mtype943.a(clock.o)
                                         0xd8 (size before relaxing)
 .eh_frame      0x0000000000027764      0x120 obj_cooja/mtype943.a(log.o)
                                        0x138 (size before relaxing)
 .eh_frame      0x0000000000027884      0x160 obj_cooja/mtype943.a(cfs-cooja.o)
                                        0x178 (size before relaxing)
 .eh_frame      0x00000000000279e4      0x2e0 obj_cooja/mtype943.a(cooja-radio.o)
                                        0x2f8 (size before relaxing)
 .eh_frame      0x0000000000027cc4       0xa0 obj_cooja/mtype943.a(eeprom.o)
                                         0xb8 (size before relaxing)
 .eh_frame      0x0000000000027d64       0x40 obj_cooja/mtype943.a(random.o)
                                         0x58 (size before relaxing)
 .eh_frame      0x0000000000027da4       0xc0 obj_cooja/mtype943.a(sensors.o)
                                         0xd8 (size before relaxing)
 .eh_frame      0x0000000000027e64       0x40 obj_cooja/mtype943.a(autostart.o)
                                         0x58 (size before relaxing)
 .eh_frame      0x0000000000027ea4      0x100 obj_cooja/mtype943.a(ctimer.o)
                                        0x118 (size before relaxing)
 .eh_frame      0x0000000000027fa4      0x1e0 obj_cooja/mtype943.a(etimer.o)
                                        0x1f8 (size before relaxing)
 .eh_frame      0x0000000000028184      0x1c4 obj_cooja/mtype943.a(process.o)
                                        0x1dc (size before relaxing)
 .eh_frame      0x0000000000028348       0x60 obj_cooja/mtype943.a(rtimer.o)
                                         0x78 (size before relaxing)
 .eh_frame      0x00000000000283a8       0xa4 obj_cooja/mtype943.a(timer.o)
                                         0xbc (size before relaxing)
 .eh_frame      0x000000000002844c       0x60 obj_cooja/mtype943.a(serial-line.o)
                                         0x78 (size before relaxing)
 .eh_frame      0x00000000000284ac       0xa0 obj_cooja/mtype943.a(ringbuf.o)
                                         0xb8 (size before relaxing)
 .eh_frame      0x000000000002854c      0x180 obj_cooja/mtype943.a(list.o)
                                        0x198 (size before relaxing)
 .eh_frame      0x00000000000286cc       0xa0 obj_cooja/mtype943.a(memb.o)
                                         0xb8 (size before relaxing)
 .eh_frame      0x000000000002876c      0x2c8 obj_cooja/mtype943.a(uip-ds6.o)
                                        0x2e0 (size before relaxing)
 .eh_frame      0x0000000000028a34      0x2a0 obj_cooja/mtype943.a(uip-ds6-route.o)
                                        0x2b8 (size before relaxing)
 .eh_frame      0x0000000000028cd4      0x1a8 obj_cooja/mtype943.a(uip6.o)
                                        0x1c0 (size before relaxing)
 .eh_frame      0x0000000000028e7c      0x180 obj_cooja/mtype943.a(uip-ds6-nbr.o)
                                        0x198 (size before relaxing)
 .eh_frame      0x0000000000028ffc       0x64 obj_cooja/mtype943.a(uip-nd6.o)
                                         0x7c (size before relaxing)
 .eh_frame      0x0000000000029060      0x334 obj_cooja/mtype943.a(sicslowpan.o)
                                        0x34c (size before relaxing)
 .eh_frame      0x0000000000029394       0xe0 obj_cooja/mtype943.a(uip-packetqueue)
                                         0xf8 (size before relaxing)
 .eh_frame      0x0000000000029474       0x24 obj_cooja/mtype943.a(uip-debug.o)
                                         0x3c (size before relaxing)
 .eh_frame      0x0000000000029498      0x1a4 obj_cooja/mtype943.a(tcpip.o)
                                        0x1bc (size before relaxing)
 .eh_frame      0x000000000002963c      0x71c obj_cooja/mtype943.a(rpl-dag.o)
                                        0x734 (size before relaxing)
 .eh_frame      0x0000000000029d58      0x22c obj_cooja/mtype943.a(rpl-timers.o)
                                        0x244 (size before relaxing)
 .eh_frame      0x0000000000029f84       0xc0 obj_cooja/mtype943.a(rpl-ext-header.)
                                         0xd8 (size before relaxing)
 .eh_frame      0x000000000002a044      0x140 obj_cooja/mtype943.a(rpl.o)
                                        0x158 (size before relaxing)
 .eh_frame      0x000000000002a184      0x124 obj_cooja/mtype943.a(rpl-mrhof.o)
                                        0x13c (size before relaxing)
 .eh_frame      0x000000000002a2a8      0x2ac obj_cooja/mtype943.a(rpl-icmp6.o)
                                        0x2c4 (size before relaxing)
 .eh_frame      0x000000000002a554      0x1a0 obj_cooja/mtype943.a(queuebuf.o)
                                        0x1b8 (size before relaxing)
 .eh_frame      0x000000000002a6f4      0x2ac obj_cooja/mtype943.a(nbr-table.o)
                                        0x2c4 (size before relaxing)
 .eh_frame      0x000000000002a9a0      0x214 obj_cooja/mtype943.a(packetbuf.o)
                                        0x22c (size before relaxing)
 .eh_frame      0x000000000002abb4       0x20 obj_cooja/mtype943.a(netstack.o)
                                         0x38 (size before relaxing)
 .eh_frame      0x000000000002abd4       0x60 obj_cooja/mtype943.a(linkaddr.o)
                                         0x78 (size before relaxing)
 .eh_frame      0x000000000002ac34      0x100 obj_cooja/mtype943.a(link-stats.o)
                                        0x118 (size before relaxing)
 .eh_frame      0x000000000002ad34      0x288 obj_cooja/mtype943.a(csma.o)
                                        0x2a0 (size before relaxing)
 .eh_frame      0x000000000002afbc       0x20 obj_cooja/mtype943.a(mac.o)
                                         0x38 (size before relaxing)
 .eh_frame      0x000000000002afdc      0x104 obj_cooja/mtype943.a(framer-802154.o)
                                        0x11c (size before relaxing)
 .eh_frame      0x000000000002b0e0      0x16c obj_cooja/mtype943.a(nullrdc.o)
                                        0x184 (size before relaxing)
 .eh_frame      0x000000000002b24c       0x80 obj_cooja/mtype943.a(nullsec.o)
                                         0x98 (size before relaxing)
 .eh_frame      0x000000000002b2cc      0x6d0 obj_cooja/mtype943.a(er-coap.o)
                                        0x6e8 (size before relaxing)
 .eh_frame      0x000000000002b99c       0xa0 obj_cooja/mtype943.a(watchdog.o)
                                         0xb8 (size before relaxing)
 .eh_frame      0x000000000002ba3c       0xc4 obj_cooja/mtype943.a(stimer.o)
                                         0xdc (size before relaxing)
 .eh_frame      0x000000000002bb00      0x160 obj_cooja/mtype943.a(uip-icmp6.o)
                                        0x178 (size before relaxing)
 .eh_frame      0x000000000002bc60       0x40 obj_cooja/mtype943.a(uip-udp-packet.)
                                         0x58 (size before relaxing)
 .eh_frame      0x000000000002bca0       0xc0 obj_cooja/mtype943.a(rpl-nbr-policy.)
                                         0xd8 (size before relaxing)
 .eh_frame      0x000000000002bd60       0x88 obj_cooja/mtype943.a(mac-sequence.o)
                                         0xa0 (size before relaxing)
 .eh_frame      0x000000000002bde8      0x164 obj_cooja/mtype943.a(frame802154.o)
                                        0x17c (size before relaxing)
 .eh_frame      0x000000000002bf4c        0x4 /usr/lib/gcc/i686-linux-gnu/5/crtendS.o
 *(.eh_frame.*)

.gcc_except_table
 *(.gcc_except_table .gcc_except_table.*)

.gnu_extab
 *(.gnu_extab*)

.exception_ranges
 *(.exception_ranges .exception_ranges*)
                0x000000000002df10                . = DATA_SEGMENT_ALIGN (0x1000, 0x1000)

.eh_frame
 *(.eh_frame)
 *(.eh_frame.*)

.gnu_extab
 *(.gnu_extab)

.gcc_except_table
 *(.gcc_except_table .gcc_except_table.*)

.exception_ranges
 *(.exception_ranges .exception_ranges*)

.tdata
 *(.tdata .tdata.* .gnu.linkonce.td.*)

.tbss
 *(.tbss .tbss.* .gnu.linkonce.tb.*)
 *(.tcommon)

.preinit_array
 *(.preinit_array)

.init_array     0x000000000002df10        0x4
 *(SORT(.init_array.*) SORT(.ctors.*))
 *(.init_array EXCLUDE_FILE(*crtend?.o *crtend.o *crtbegin?.o *crtbegin.o) .ctors)
 .init_array    0x000000000002df10        0x4 /usr/lib/gcc/i686-linux-gnu/5/crtbeginS.o

.fini_array     0x000000000002df14        0x4
 *(SORT(.fini_array.*) SORT(.dtors.*))
 *(.fini_array EXCLUDE_FILE(*crtend?.o *crtend.o *crtbegin?.o *crtbegin.o) .dtors)
 .fini_array    0x000000000002df14        0x4 /usr/lib/gcc/i686-linux-gnu/5/crtbeginS.o

.ctors
 *crtbegin.o(.ctors)
 *crtbegin?.o(.ctors)
 *(EXCLUDE_FILE(*crtend?.o *crtend.o) .ctors)
 *(SORT(.ctors.*))
 *(.ctors)

.dtors
 *crtbegin.o(.dtors)
 *crtbegin?.o(.dtors)
 *(EXCLUDE_FILE(*crtend?.o *crtend.o) .dtors)
 *(SORT(.dtors.*))
 *(.dtors)

.jcr            0x000000000002df18        0x4
 *(.jcr)
 .jcr           0x000000000002df18        0x0 /usr/lib/gcc/i686-linux-gnu/5/crtbeginS.o
 .jcr           0x000000000002df18        0x4 /usr/lib/gcc/i686-linux-gnu/5/crtendS.o

.data.rel.ro
 *(.data.rel.ro.local* .gnu.linkonce.d.rel.ro.local.*)
 *(.data.rel.ro .data.rel.ro.* .gnu.linkonce.d.rel.ro.*)

.dynamic        0x000000000002df1c       0xd0
 *(.dynamic)
 .dynamic       0x000000000002df1c       0xd0 /usr/lib/gcc/i686-linux-gnu/5/../../../i386-linux-gnu/crti.o
                0x000000000002df1c                _DYNAMIC

.got            0x000000000002dfec       0x14
 *(.got)
 .got           0x000000000002dfec       0x14 /usr/lib/gcc/i686-linux-gnu/5/../../../i386-linux-gnu/crti.o
 *(.igot)
                0x000000000002eff4                . = DATA_SEGMENT_RELRO_END (., (SIZEOF (.got.plt) >= 0xc)?0xc:0x0)

.got.plt        0x000000000002e000        0xc
 *(.got.plt)
 .got.plt       0x000000000002e000        0xc /usr/lib/gcc/i686-linux-gnu/5/../../../i386-linux-gnu/crti.o
                0x000000000002e000                _GLOBAL_OFFSET_TABLE_
 *(.igot.plt)

.data           0x000000000002e020      0x346
 *(.data .data.* .gnu.linkonce.d.*)
 .data          0x000000000002e020        0x0 /usr/lib/gcc/i686-linux-gnu/5/../../../i386-linux-gnu/crti.o
 .data          0x000000000002e020        0x0 /usr/lib/gcc/i686-linux-gnu/5/crtbeginS.o
 .data.rel.local
                0x000000000002e020        0x4 /usr/lib/gcc/i686-linux-gnu/5/crtbeginS.o
                0x000000000002e020                __dso_handle
 *fill*         0x000000000002e024       0x1c 
 .data          0x000000000002e040       0x64 main.co
                0x000000000002e040                coap
                0x000000000002e060                periodic_resource
                0x000000000002e080                resource
 *fill*         0x000000000002e0a4       0x1c 
 .data          0x000000000002e0c0       0x44 obj_cooja/mtype943.o
                0x000000000002e0c0                simInterfaces
                0x000000000002e0f4                sensors
 .data          0x000000000002e104       0x10 obj_cooja/mtype943.a(er-coap-engine.)
                0x000000000002e104                coap_engine
 .data          0x000000000002e114       0x10 obj_cooja/mtype943.a(er-coap-transac)
 .data          0x000000000002e124       0x10 obj_cooja/mtype943.a(er-coap-observe)
 *fill*         0x000000000002e134        0xc 
 .data          0x000000000002e140       0x24 obj_cooja/mtype943.a(er-coap-res-wel)
                0x000000000002e140                res_well_known_core
 .data          0x000000000002e164       0x18 obj_cooja/mtype943.a(rest-engine.o)
                0x000000000002e164                rest_engine_process
 .data          0x000000000002e17c        0x0 obj_cooja/mtype943.a(simEnvChange.o)
 .data          0x000000000002e17c        0x0 obj_cooja/mtype943.a(cooja_mt.o)
 .data          0x000000000002e17c        0x0 obj_cooja/mtype943.a(cooja_mtarch.o)
 .data          0x000000000002e17c        0x0 obj_cooja/mtype943.a(rtimer-arch.o)
 .data          0x000000000002e17c        0x0 obj_cooja/mtype943.a(beep.o)
 .data          0x000000000002e17c        0x0 obj_cooja/mtype943.a(button-sensor.o)
 .data          0x000000000002e17c        0x0 obj_cooja/mtype943.a(leds-arch.o)
 .data          0x000000000002e17c        0x0 obj_cooja/mtype943.a(moteid.o)
 .data          0x000000000002e17c        0x0 obj_cooja/mtype943.a(pir-sensor.o)
 .data          0x000000000002e17c        0x0 obj_cooja/mtype943.a(rs232.o)
 .data          0x000000000002e17c        0x0 obj_cooja/mtype943.a(vib-sensor.o)
 .data          0x000000000002e17c        0x0 obj_cooja/mtype943.a(clock.o)
 .data          0x000000000002e17c        0x0 obj_cooja/mtype943.a(log.o)
 .data          0x000000000002e17c        0x0 obj_cooja/mtype943.a(cfs-cooja.o)
 .data          0x000000000002e17c       0x28 obj_cooja/mtype943.a(cooja-radio.o)
                0x000000000002e17c                simRadioHWOn
                0x000000000002e180                simSignalStrength
                0x000000000002e184                simLastSignalStrength
                0x000000000002e188                simPower
                0x000000000002e18c                simRadioChannel
                0x000000000002e190                simLQI
                0x000000000002e194                cooja_radio_process
 .data          0x000000000002e1a4        0x0 obj_cooja/mtype943.a(eeprom.o)
 .data          0x000000000002e1a4        0x0 obj_cooja/mtype943.a(random.o)
 .data          0x000000000002e1a4       0x10 obj_cooja/mtype943.a(sensors.o)
                0x000000000002e1a4                sensors_process
 .data          0x000000000002e1b4        0x0 obj_cooja/mtype943.a(autostart.o)
 .data          0x000000000002e1b4       0x14 obj_cooja/mtype943.a(ctimer.o)
                0x000000000002e1b8                ctimer_process
 .data          0x000000000002e1c8       0x10 obj_cooja/mtype943.a(etimer.o)
                0x000000000002e1c8                etimer_process
 .data          0x000000000002e1d8        0x0 obj_cooja/mtype943.a(process.o)
 .data          0x000000000002e1d8        0x0 obj_cooja/mtype943.a(rtimer.o)
 .data          0x000000000002e1d8        0x0 obj_cooja/mtype943.a(timer.o)
 .data          0x000000000002e1d8       0x10 obj_cooja/mtype943.a(serial-line.o)
                0x000000000002e1d8                serial_line_process
 .data          0x000000000002e1e8        0x0 obj_cooja/mtype943.a(ringbuf.o)
 .data          0x000000000002e1e8        0x0 obj_cooja/mtype943.a(list.o)
 .data          0x000000000002e1e8        0x0 obj_cooja/mtype943.a(memb.o)
 .data          0x000000000002e1e8        0x0 obj_cooja/mtype943.a(uip-ds6.o)
 .data          0x000000000002e1e8       0x44 obj_cooja/mtype943.a(uip-ds6-route.o)
                0x000000000002e1f8                nbr_routes
 .data          0x000000000002e22c        0x0 obj_cooja/mtype943.a(uip6.o)
 .data          0x000000000002e22c       0x14 obj_cooja/mtype943.a(uip-ds6-nbr.o)
                0x000000000002e23c                ds6_neighbors
 .data          0x000000000002e240        0x0 obj_cooja/mtype943.a(uip-nd6.o)
 .data          0x000000000002e240        0x0 obj_cooja/mtype943.a(sicslowpan.o)
 .data          0x000000000002e240        0xc obj_cooja/mtype943.a(uip-packetqueue)
 .data          0x000000000002e24c        0x0 obj_cooja/mtype943.a(uip-debug.o)
 .data          0x000000000002e24c       0x10 obj_cooja/mtype943.a(tcpip.o)
                0x000000000002e24c                tcpip_process
 .data          0x000000000002e25c       0x14 obj_cooja/mtype943.a(rpl-dag.o)
                0x000000000002e26c                rpl_parents
 .data          0x000000000002e270        0x0 obj_cooja/mtype943.a(rpl-timers.o)
 .data          0x000000000002e270        0x0 obj_cooja/mtype943.a(rpl-ext-header.)
 .data          0x000000000002e270        0x0 obj_cooja/mtype943.a(rpl.o)
 *fill*         0x000000000002e270       0x10 
 .data          0x000000000002e280       0x24 obj_cooja/mtype943.a(rpl-mrhof.o)
                0x000000000002e280                rpl_mrhof
 .data          0x000000000002e2a4       0x34 obj_cooja/mtype943.a(rpl-icmp6.o)
 .data          0x000000000002e2d8       0x18 obj_cooja/mtype943.a(queuebuf.o)
 .data          0x000000000002e2f0       0x10 obj_cooja/mtype943.a(nbr-table.o)
 .data          0x000000000002e300        0x4 obj_cooja/mtype943.a(packetbuf.o)
 .data          0x000000000002e304        0x0 obj_cooja/mtype943.a(netstack.o)
 .data          0x000000000002e304        0x0 obj_cooja/mtype943.a(linkaddr.o)
 .data          0x000000000002e304       0x14 obj_cooja/mtype943.a(link-stats.o)
 .data          0x000000000002e318       0x28 obj_cooja/mtype943.a(csma.o)
 .data          0x000000000002e340        0x0 obj_cooja/mtype943.a(mac.o)
 .data          0x000000000002e340        0x0 obj_cooja/mtype943.a(framer-802154.o)
 .data          0x000000000002e340        0x0 obj_cooja/mtype943.a(nullrdc.o)
 .data          0x000000000002e340        0x0 obj_cooja/mtype943.a(nullsec.o)
 .data          0x000000000002e340        0x4 obj_cooja/mtype943.a(er-coap.o)
                0x000000000002e340                coap_error_message
 .data          0x000000000002e344        0x0 obj_cooja/mtype943.a(watchdog.o)
 .data          0x000000000002e344        0x0 obj_cooja/mtype943.a(rimestats.o)
 .data          0x000000000002e344        0x0 obj_cooja/mtype943.a(stimer.o)
 .data          0x000000000002e344       0x20 obj_cooja/mtype943.a(uip-icmp6.o)
 .data          0x000000000002e364        0x0 obj_cooja/mtype943.a(uip-udp-packet.)
 .data          0x000000000002e364        0x0 obj_cooja/mtype943.a(rpl-nbr-policy.)
 .data          0x000000000002e364        0x0 obj_cooja/mtype943.a(mac-sequence.o)
 .data          0x000000000002e364        0x2 obj_cooja/mtype943.a(frame802154.o)
 .data          0x000000000002e366        0x0 /usr/lib/gcc/i686-linux-gnu/5/crtendS.o
 .data          0x000000000002e366        0x0 /usr/lib/gcc/i686-linux-gnu/5/../../../i386-linux-gnu/crtn.o

.tm_clone_table
                0x000000000002e368        0x0
 .tm_clone_table
                0x000000000002e368        0x0 /usr/lib/gcc/i686-linux-gnu/5/crtbeginS.o
 .tm_clone_table
                0x000000000002e368        0x0 /usr/lib/gcc/i686-linux-gnu/5/crtendS.o

.data1
 *(.data1)
                0x000000000002e368                _edata = .
                [!provide]                        PROVIDE (edata, .)
                0x000000000002e368                . = .
                0x000000000002e368                __bss_start = .

.bss            0x000000000002e380     0x7c28
 *(.dynbss)
 .dynbss        0x000000000002e380        0x0 /usr/lib/gcc/i686-linux-gnu/5/../../../i386-linux-gnu/crti.o
 *(.bss .bss.* .gnu.linkonce.b.*)
 .bss           0x000000000002e380        0x0 /usr/lib/gcc/i686-linux-gnu/5/../../../i386-linux-gnu/crti.o
 .bss           0x000000000002e380        0x1 /usr/lib/gcc/i686-linux-gnu/5/crtbeginS.o
 *fill*         0x000000000002e381        0x3 
 .bss           0x000000000002e384        0x4 main.co
 *fill*         0x000000000002e388       0x18 
 .bss           0x000000000002e3a0     0x2030 obj_cooja/mtype943.o
 *fill*         0x00000000000303d0       0x10 
 .bss           0x00000000000303e0      0x191 obj_cooja/mtype943.a(er-coap-engine.)
 *fill*         0x0000000000030571        0xf 
 .bss           0x0000000000030580      0x308 obj_cooja/mtype943.a(er-coap-transac)
 *fill*         0x0000000000030888       0x18 
 .bss           0x00000000000308a0      0x114 obj_cooja/mtype943.a(er-coap-observe)
 .bss           0x00000000000309b4        0x0 obj_cooja/mtype943.a(er-coap-res-wel)
 .bss           0x00000000000309b4        0x9 obj_cooja/mtype943.a(rest-engine.o)
 .bss           0x00000000000309bd        0x1 obj_cooja/mtype943.a(simEnvChange.o)
                0x00000000000309bd                simDontFallAsleep
 *fill*         0x00000000000309be        0x2 
 .bss           0x00000000000309c0        0x4 obj_cooja/mtype943.a(cooja_mt.o)
 .bss           0x00000000000309c4        0x4 obj_cooja/mtype943.a(cooja_mtarch.o)
 .bss           0x00000000000309c8        0xc obj_cooja/mtype943.a(rtimer-arch.o)
 .bss           0x00000000000309d4        0x0 obj_cooja/mtype943.a(beep.o)
 .bss           0x00000000000309d4        0x8 obj_cooja/mtype943.a(button-sensor.o)
 .bss           0x00000000000309dc        0x0 obj_cooja/mtype943.a(leds-arch.o)
 .bss           0x00000000000309dc        0x0 obj_cooja/mtype943.a(moteid.o)
 .bss           0x00000000000309dc        0x1 obj_cooja/mtype943.a(pir-sensor.o)
                0x00000000000309dc                simPirValue
 *fill*         0x00000000000309dd        0x3 
 .bss           0x00000000000309e0        0x4 obj_cooja/mtype943.a(rs232.o)
 .bss           0x00000000000309e4        0x1 obj_cooja/mtype943.a(vib-sensor.o)
                0x00000000000309e4                simVibValue
 .bss           0x00000000000309e5        0x0 obj_cooja/mtype943.a(clock.o)
 *fill*         0x00000000000309e5       0x1b 
 .bss           0x0000000000030a00      0x420 obj_cooja/mtype943.a(log.o)
 .bss           0x0000000000030e20      0xfc0 obj_cooja/mtype943.a(cfs-cooja.o)
                0x0000000000030e20                simCFSData
                0x0000000000031dc0                simCFSSize
                0x0000000000031dc4                simCFSChanged
                0x0000000000031dc8                simCFSRead
                0x0000000000031dcc                simCFSWritten
 .bss           0x0000000000031de0       0x10 obj_cooja/mtype943.a(cooja-radio.o)
                0x0000000000031de0                simReceiving
                0x0000000000031de4                simInSize
                0x0000000000031de8                simOutSize
 .bss           0x0000000000031df0        0xc obj_cooja/mtype943.a(eeprom.o)
                0x0000000000031df0                simEEPROMChanged
                0x0000000000031df4                simEEPROMRead
                0x0000000000031df8                simEEPROMWritten
 .bss           0x0000000000031dfc        0x0 obj_cooja/mtype943.a(random.o)
 .bss           0x0000000000031dfc        0xc obj_cooja/mtype943.a(sensors.o)
 .bss           0x0000000000031e08        0x0 obj_cooja/mtype943.a(autostart.o)
 .bss           0x0000000000031e08        0x5 obj_cooja/mtype943.a(ctimer.o)
 *fill*         0x0000000000031e0d        0x3 
 .bss           0x0000000000031e10        0x8 obj_cooja/mtype943.a(etimer.o)
 *fill*         0x0000000000031e18        0x8 
 .bss           0x0000000000031e20      0x1a1 obj_cooja/mtype943.a(process.o)
                0x0000000000031e20                process_list
                0x0000000000031e24                process_current
 *fill*         0x0000000000031fc1        0x3 
 .bss           0x0000000000031fc4        0x4 obj_cooja/mtype943.a(rtimer.o)
 .bss           0x0000000000031fc8        0x0 obj_cooja/mtype943.a(timer.o)
 *fill*         0x0000000000031fc8       0x18 
 .bss           0x0000000000031fe0      0x140 obj_cooja/mtype943.a(serial-line.o)
 .bss           0x0000000000032120        0x0 obj_cooja/mtype943.a(ringbuf.o)
 .bss           0x0000000000032120        0x0 obj_cooja/mtype943.a(list.o)
 .bss           0x0000000000032120        0x0 obj_cooja/mtype943.a(memb.o)
 .bss           0x0000000000032120       0x20 obj_cooja/mtype943.a(uip-ds6.o)
 .bss           0x0000000000032140      0x8e4 obj_cooja/mtype943.a(uip-ds6-route.o)
 .bss           0x0000000000032a24        0x6 obj_cooja/mtype943.a(uip6.o)
                0x0000000000032a24                uip_ext_bitmap
                0x0000000000032a25                uip_ext_len
                0x0000000000032a26                uip_ext_opt_offset
 *fill*         0x0000000000032a2a       0x16 
 .bss           0x0000000000032a40       0xf0 obj_cooja/mtype943.a(uip-ds6-nbr.o)
 .bss           0x0000000000032b30        0x0 obj_cooja/mtype943.a(uip-nd6.o)
 *fill*         0x0000000000032b30       0x10 
 .bss           0x0000000000032b40      0x70c obj_cooja/mtype943.a(sicslowpan.o)
 *fill*         0x000000000003324c       0x14 
 .bss           0x0000000000033260      0x2a8 obj_cooja/mtype943.a(uip-packetqueue)
 .bss           0x0000000000033508        0x0 obj_cooja/mtype943.a(uip-debug.o)
 .bss           0x0000000000033508       0x16 obj_cooja/mtype943.a(tcpip.o)
 *fill*         0x000000000003351e        0x2 
 .bss           0x0000000000033520       0x50 obj_cooja/mtype943.a(rpl-dag.o)
 *fill*         0x0000000000033570       0x10 
 .bss           0x0000000000033580       0x23 obj_cooja/mtype943.a(rpl-timers.o)
 .bss           0x00000000000335a3        0x0 obj_cooja/mtype943.a(rpl-ext-header.)
 *fill*         0x00000000000335a3        0x1 
 .bss           0x00000000000335a4        0x4 obj_cooja/mtype943.a(rpl.o)
 .bss           0x00000000000335a8        0x0 obj_cooja/mtype943.a(rpl-mrhof.o)
 .bss           0x00000000000335a8        0x0 obj_cooja/mtype943.a(rpl-icmp6.o)
 *fill*         0x00000000000335a8       0x18 
 .bss           0x00000000000335c0      0xb80 obj_cooja/mtype943.a(queuebuf.o)
 .bss           0x0000000000034140       0xdc obj_cooja/mtype943.a(nbr-table.o)
 *fill*         0x000000000003421c        0x4 
 .bss           0x0000000000034220       0xa0 obj_cooja/mtype943.a(packetbuf.o)
 .bss           0x00000000000342c0        0x0 obj_cooja/mtype943.a(netstack.o)
 .bss           0x00000000000342c0        0x0 obj_cooja/mtype943.a(linkaddr.o)
 .bss           0x00000000000342c0       0x78 obj_cooja/mtype943.a(link-stats.o)
 *fill*         0x0000000000034338        0x8 
 .bss           0x0000000000034340      0x248 obj_cooja/mtype943.a(csma.o)
 .bss           0x0000000000034588        0x0 obj_cooja/mtype943.a(mac.o)
 .bss           0x0000000000034588        0x2 obj_cooja/mtype943.a(framer-802154.o)
 .bss           0x000000000003458a        0x0 obj_cooja/mtype943.a(nullrdc.o)
 .bss           0x000000000003458a        0x0 obj_cooja/mtype943.a(nullsec.o)
 *fill*         0x000000000003458a        0x2 
 .bss           0x000000000003458c        0xa obj_cooja/mtype943.a(er-coap.o)
                0x000000000003458c                erbium_status_code
 .bss           0x0000000000034596        0x0 obj_cooja/mtype943.a(watchdog.o)
 .bss           0x0000000000034596        0x0 obj_cooja/mtype943.a(rimestats.o)
 .bss           0x0000000000034596        0x0 obj_cooja/mtype943.a(stimer.o)
 *fill*         0x0000000000034596        0x2 
 .bss           0x0000000000034598       0x18 obj_cooja/mtype943.a(uip-icmp6.o)
 .bss           0x00000000000345b0        0x0 obj_cooja/mtype943.a(uip-udp-packet.)
 *fill*         0x00000000000345b0       0x10 
 .bss           0x00000000000345c0       0x44 obj_cooja/mtype943.a(rpl-nbr-policy.)
 *fill*         0x0000000000034604       0x1c 
 .bss           0x0000000000034620      0x100 obj_cooja/mtype943.a(mac-sequence.o)
 .bss           0x0000000000034720        0x0 obj_cooja/mtype943.a(frame802154.o)
 .bss           0x0000000000034720        0x0 /usr/lib/gcc/i686-linux-gnu/5/crtendS.o
 .bss           0x0000000000034720        0x0 /usr/lib/gcc/i686-linux-gnu/5/../../../i386-linux-gnu/crtn.o
 *(COMMON)
 COMMON         0x0000000000034720        0x8 obj_cooja/mtype943.o
                0x0000000000034720                referenceVar
                0x0000000000034724                sensors_flags
 COMMON         0x0000000000034728        0xc obj_cooja/mtype943.a(simEnvChange.o)
                0x0000000000034728                simEtimerPending
                0x000000000003472c                simProcessRunValue
                0x0000000000034730                simNextExpirationTime
 COMMON         0x0000000000034734        0x1 obj_cooja/mtype943.a(beep.o)
                0x0000000000034734                simBeeped
 COMMON         0x0000000000034735        0x3 obj_cooja/mtype943.a(button-sensor.o)
                0x0000000000034735                simButtonIsActive
                0x0000000000034736                simButtonIsDown
                0x0000000000034737                simButtonChanged
 COMMON         0x0000000000034738        0x1 obj_cooja/mtype943.a(leds-arch.o)
                0x0000000000034738                simLedsValue
 *fill*         0x0000000000034739        0x3 
 COMMON         0x000000000003473c        0xc obj_cooja/mtype943.a(moteid.o)
                0x000000000003473c                simRandomSeed
                0x0000000000034740                simMoteIDChanged
                0x0000000000034744                simMoteID
 COMMON         0x0000000000034748        0x2 obj_cooja/mtype943.a(pir-sensor.o)
                0x0000000000034748                simPirIsActive
                0x0000000000034749                simPirChanged
 *fill*         0x000000000003474a       0x16 
 COMMON         0x0000000000034760      0x820 obj_cooja/mtype943.a(rs232.o)
                0x0000000000034760                simSerialReceivingFlag
                0x0000000000034764                simSerialReceivingLength
                0x0000000000034780                simSerialReceivingData
 COMMON         0x0000000000034f80        0x2 obj_cooja/mtype943.a(vib-sensor.o)
                0x0000000000034f80                simVibChanged
                0x0000000000034f81                simVibIsActive
 *fill*         0x0000000000034f82        0x2 
 COMMON         0x0000000000034f84        0x4 obj_cooja/mtype943.a(clock.o)
                0x0000000000034f84                simCurrentTime
 *fill*         0x0000000000034f88       0x18 
 COMMON         0x0000000000034fa0      0x420 obj_cooja/mtype943.a(log.o)
                0x0000000000034fa0                simLoggedLength
                0x0000000000034fa4                simLoggedFlag
                0x0000000000034fc0                simLoggedData
 COMMON         0x00000000000353c0      0x100 obj_cooja/mtype943.a(cooja-radio.o)
                0x00000000000353c0                simOutDataBuffer
                0x0000000000035440                simInDataBuffer
 COMMON         0x00000000000354c0      0x400 obj_cooja/mtype943.a(eeprom.o)
                0x00000000000354c0                simEEPROMData
 COMMON         0x00000000000358c0        0x1 obj_cooja/mtype943.a(sensors.o)
                0x00000000000358c0                sensors_event
 COMMON         0x00000000000358c1        0x1 obj_cooja/mtype943.a(serial-line.o)
                0x00000000000358c1                serial_line_event_message
 *fill*         0x00000000000358c2       0x1e 
 COMMON         0x00000000000358e0      0x181 obj_cooja/mtype943.a(uip-ds6.o)
                0x00000000000358e0                uip_ds6_prefix_list
                0x0000000000035940                uip_ds6_timer_periodic
                0x0000000000035950                uip_ds6_netif_addr_list_offset
                0x0000000000035960                uip_ds6_if
                0x0000000000035a58                uip_ds6_timer_ra
                0x0000000000035a60                uip_ds6_addr_size
 *fill*         0x0000000000035a61       0x1f 
 COMMON         0x0000000000035a80      0x2cc obj_cooja/mtype943.a(uip6.o)
                0x0000000000035a80                uip_slen
                0x0000000000035a84                uip_lladdr
                0x0000000000035a8c                uip_appdata
                0x0000000000035a90                uip_flags
                0x0000000000035aa0                uip_aligned_buf
                0x0000000000035bb8                uip_len
                0x0000000000035bbc                uip_sappdata
                0x0000000000035bc0                uip_udp_conns
                0x0000000000035d40                uip_udp_conn
                0x0000000000035d44                uip_next_hdr
                0x0000000000035d48                uip_conn
 COMMON         0x0000000000035d4c        0x1 obj_cooja/mtype943.a(tcpip.o)
                0x0000000000035d4c                tcpip_event
 *fill*         0x0000000000035d4d       0x13 
 COMMON         0x0000000000035d60      0x17c obj_cooja/mtype943.a(rpl-dag.o)
                0x0000000000035d60                default_instance
                0x0000000000035d80                instance_table
 COMMON         0x0000000000035edc       0x14 obj_cooja/mtype943.a(rpl.o)
                0x0000000000035edc                rpl_stats
 COMMON         0x0000000000035ef0       0x30 obj_cooja/mtype943.a(packetbuf.o)
                0x0000000000035ef0                packetbuf_attrs
                0x0000000000035f10                packetbuf_addrs
 COMMON         0x0000000000035f20        0x8 obj_cooja/mtype943.a(linkaddr.o)
                0x0000000000035f20                linkaddr_node_addr
 *fill*         0x0000000000035f28       0x18 
 COMMON         0x0000000000035f40       0x20 obj_cooja/mtype943.a(link-stats.o)
                0x0000000000035f40                periodic_timer
 COMMON         0x0000000000035f60       0x48 obj_cooja/mtype943.a(rimestats.o)
                0x0000000000035f60                rimestats
                0x0000000000035fa8                . = ALIGN ((. != 0x0)?0x4:0x1)
                0x0000000000035fa8                . = ALIGN (0x4)
                0x0000000000035fa8                . = SEGMENT_START ("ldata-segment", .)
                0x0000000000035fa8                . = ALIGN (0x4)
                0x0000000000035fa8                _end = .
                [!provide]                        PROVIDE (end, .)
                0x0000000000035fa8                . = DATA_SEGMENT_END (.)

.stab
 *(.stab)

.stabstr
 *(.stabstr)

.stab.excl
 *(.stab.excl)

.stab.exclstr
 *(.stab.exclstr)

.stab.index
 *(.stab.index)

.stab.indexstr
 *(.stab.indexstr)

.comment        0x0000000000000000       0x35
 *(.comment)
 .comment       0x0000000000000000       0x35 /usr/lib/gcc/i686-linux-gnu/5/crtbeginS.o
                                         0x36 (size before relaxing)
 .comment       0x0000000000000035       0x36 main.co
 .comment       0x0000000000000035       0x36 obj_cooja/mtype943.o
 .comment       0x0000000000000035       0x36 obj_cooja/mtype943.a(er-coap-engine.)
 .comment       0x0000000000000035       0x36 obj_cooja/mtype943.a(er-coap-transac)
 .comment       0x0000000000000035       0x36 obj_cooja/mtype943.a(er-coap-observe)
 .comment       0x0000000000000035       0x36 obj_cooja/mtype943.a(er-coap-res-wel)
 .comment       0x0000000000000035       0x36 obj_cooja/mtype943.a(rest-engine.o)
 .comment       0x0000000000000035       0x36 obj_cooja/mtype943.a(simEnvChange.o)
 .comment       0x0000000000000035       0x36 obj_cooja/mtype943.a(cooja_mt.o)
 .comment       0x0000000000000035       0x36 obj_cooja/mtype943.a(cooja_mtarch.o)
 .comment       0x0000000000000035       0x36 obj_cooja/mtype943.a(rtimer-arch.o)
 .comment       0x0000000000000035       0x36 obj_cooja/mtype943.a(beep.o)
 .comment       0x0000000000000035       0x36 obj_cooja/mtype943.a(button-sensor.o)
 .comment       0x0000000000000035       0x36 obj_cooja/mtype943.a(leds-arch.o)
 .comment       0x0000000000000035       0x36 obj_cooja/mtype943.a(moteid.o)
 .comment       0x0000000000000035       0x36 obj_cooja/mtype943.a(pir-sensor.o)
 .comment       0x0000000000000035       0x36 obj_cooja/mtype943.a(rs232.o)
 .comment       0x0000000000000035       0x36 obj_cooja/mtype943.a(vib-sensor.o)
 .comment       0x0000000000000035       0x36 obj_cooja/mtype943.a(clock.o)
 .comment       0x0000000000000035       0x36 obj_cooja/mtype943.a(log.o)
 .comment       0x0000000000000035       0x36 obj_cooja/mtype943.a(cfs-cooja.o)
 .comment       0x0000000000000035       0x36 obj_cooja/mtype943.a(cooja-radio.o)
 .comment       0x0000000000000035       0x36 obj_cooja/mtype943.a(eeprom.o)
 .comment       0x0000000000000035       0x36 obj_cooja/mtype943.a(random.o)
 .comment       0x0000000000000035       0x36 obj_cooja/mtype943.a(sensors.o)
 .comment       0x0000000000000035       0x36 obj_cooja/mtype943.a(autostart.o)
 .comment       0x0000000000000035       0x36 obj_cooja/mtype943.a(ctimer.o)
 .comment       0x0000000000000035       0x36 obj_cooja/mtype943.a(etimer.o)
 .comment       0x0000000000000035       0x36 obj_cooja/mtype943.a(process.o)
 .comment       0x0000000000000035       0x36 obj_cooja/mtype943.a(rtimer.o)
 .comment       0x0000000000000035       0x36 obj_cooja/mtype943.a(timer.o)
 .comment       0x0000000000000035       0x36 obj_cooja/mtype943.a(serial-line.o)
 .comment       0x0000000000000035       0x36 obj_cooja/mtype943.a(ringbuf.o)
 .comment       0x0000000000000035       0x36 obj_cooja/mtype943.a(list.o)
 .comment       0x0000000000000035       0x36 obj_cooja/mtype943.a(memb.o)
 .comment       0x0000000000000035       0x36 obj_cooja/mtype943.a(uip-ds6.o)
 .comment       0x0000000000000035       0x36 obj_cooja/mtype943.a(uip-ds6-route.o)
 .comment       0x0000000000000035       0x36 obj_cooja/mtype943.a(uip6.o)
 .comment       0x0000000000000035       0x36 obj_cooja/mtype943.a(uip-ds6-nbr.o)
 .comment       0x0000000000000035       0x36 obj_cooja/mtype943.a(uip-nd6.o)
 .comment       0x0000000000000035       0x36 obj_cooja/mtype943.a(sicslowpan.o)
 .comment       0x0000000000000035       0x36 obj_cooja/mtype943.a(uip-packetqueue)
 .comment       0x0000000000000035       0x36 obj_cooja/mtype943.a(uip-debug.o)
 .comment       0x0000000000000035       0x36 obj_cooja/mtype943.a(tcpip.o)
 .comment       0x0000000000000035       0x36 obj_cooja/mtype943.a(rpl-dag.o)
 .comment       0x0000000000000035       0x36 obj_cooja/mtype943.a(rpl-timers.o)
 .comment       0x0000000000000035       0x36 obj_cooja/mtype943.a(rpl-ext-header.)
 .comment       0x0000000000000035       0x36 obj_cooja/mtype943.a(rpl.o)
 .comment       0x0000000000000035       0x36 obj_cooja/mtype943.a(rpl-mrhof.o)
 .comment       0x0000000000000035       0x36 obj_cooja/mtype943.a(rpl-icmp6.o)
 .comment       0x0000000000000035       0x36 obj_cooja/mtype943.a(queuebuf.o)
 .comment       0x0000000000000035       0x36 obj_cooja/mtype943.a(nbr-table.o)
 .comment       0x0000000000000035       0x36 obj_cooja/mtype943.a(packetbuf.o)
 .comment       0x0000000000000035       0x36 obj_cooja/mtype943.a(netstack.o)
 .comment       0x0000000000000035       0x36 obj_cooja/mtype943.a(linkaddr.o)
 .comment       0x0000000000000035       0x36 obj_cooja/mtype943.a(link-stats.o)
 .comment       0x0000000000000035       0x36 obj_cooja/mtype943.a(csma.o)
 .comment       0x0000000000000035       0x36 obj_cooja/mtype943.a(mac.o)
 .comment       0x0000000000000035       0x36 obj_cooja/mtype943.a(framer-802154.o)
 .comment       0x0000000000000035       0x36 obj_cooja/mtype943.a(nullrdc.o)
 .comment       0x0000000000000035       0x36 obj_cooja/mtype943.a(nullsec.o)
 .comment       0x0000000000000035       0x36 obj_cooja/mtype943.a(er-coap.o)
 .comment       0x0000000000000035       0x36 obj_cooja/mtype943.a(watchdog.o)
 .comment       0x0000000000000035       0x36 obj_cooja/mtype943.a(rimestats.o)
 .comment       0x0000000000000035       0x36 obj_cooja/mtype943.a(stimer.o)
 .comment       0x0000000000000035       0x36 obj_cooja/mtype943.a(uip-icmp6.o)
 .comment       0x0000000000000035       0x36 obj_cooja/mtype943.a(uip-udp-packet.)
 .comment       0x0000000000000035       0x36 obj_cooja/mtype943.a(rpl-nbr-policy.)
 .comment       0x0000000000000035       0x36 obj_cooja/mtype943.a(mac-sequence.o)
 .comment       0x0000000000000035       0x36 obj_cooja/mtype943.a(frame802154.o)
 .comment       0x0000000000000035       0x36 /usr/lib/gcc/i686-linux-gnu/5/crtendS.o

.debug
 *(.debug)

.line
 *(.line)

.debug_srcinfo
 *(.debug_srcinfo)

.debug_sfnames
 *(.debug_sfnames)

.debug_aranges  0x0000000000000000      0x8b8
 *(.debug_aranges)
 .debug_aranges
                0x0000000000000000       0x20 main.co
 .debug_aranges
                0x0000000000000020       0x20 obj_cooja/mtype943.o
 .debug_aranges
                0x0000000000000040       0x20 obj_cooja/mtype943.a(er-coap-engine.)
 .debug_aranges
                0x0000000000000060       0x20 obj_cooja/mtype943.a(er-coap-transac)
 .debug_aranges
                0x0000000000000080       0x20 obj_cooja/mtype943.a(er-coap-observe)
 .debug_aranges
                0x00000000000000a0       0x20 obj_cooja/mtype943.a(er-coap-res-wel)
 .debug_aranges
                0x00000000000000c0       0x20 obj_cooja/mtype943.a(rest-engine.o)
 .debug_aranges
                0x00000000000000e0       0x20 obj_cooja/mtype943.a(simEnvChange.o)
 .debug_aranges
                0x0000000000000100       0x20 obj_cooja/mtype943.a(cooja_mt.o)
 .debug_aranges
                0x0000000000000120       0x20 obj_cooja/mtype943.a(cooja_mtarch.o)
 .debug_aranges
                0x0000000000000140       0x20 obj_cooja/mtype943.a(rtimer-arch.o)
 .debug_aranges
                0x0000000000000160       0x20 obj_cooja/mtype943.a(beep.o)
 .debug_aranges
                0x0000000000000180       0x20 obj_cooja/mtype943.a(button-sensor.o)
 .debug_aranges
                0x00000000000001a0       0x20 obj_cooja/mtype943.a(leds-arch.o)
 .debug_aranges
                0x00000000000001c0       0x20 obj_cooja/mtype943.a(moteid.o)
 .debug_aranges
                0x00000000000001e0       0x20 obj_cooja/mtype943.a(pir-sensor.o)
 .debug_aranges
                0x0000000000000200       0x20 obj_cooja/mtype943.a(rs232.o)
 .debug_aranges
                0x0000000000000220       0x20 obj_cooja/mtype943.a(vib-sensor.o)
 .debug_aranges
                0x0000000000000240       0x20 obj_cooja/mtype943.a(clock.o)
 .debug_aranges
                0x0000000000000260       0x20 obj_cooja/mtype943.a(log.o)
 .debug_aranges
                0x0000000000000280       0x20 obj_cooja/mtype943.a(cfs-cooja.o)
 .debug_aranges
                0x00000000000002a0       0x20 obj_cooja/mtype943.a(cooja-radio.o)
 .debug_aranges
                0x00000000000002c0       0x20 obj_cooja/mtype943.a(eeprom.o)
 .debug_aranges
                0x00000000000002e0       0x20 obj_cooja/mtype943.a(random.o)
 .debug_aranges
                0x0000000000000300       0x20 obj_cooja/mtype943.a(sensors.o)
 .debug_aranges
                0x0000000000000320       0x20 obj_cooja/mtype943.a(autostart.o)
 .debug_aranges
                0x0000000000000340       0x20 obj_cooja/mtype943.a(ctimer.o)
 .debug_aranges
                0x0000000000000360       0x20 obj_cooja/mtype943.a(etimer.o)
 .debug_aranges
                0x0000000000000380       0x20 obj_cooja/mtype943.a(process.o)
 .debug_aranges
                0x00000000000003a0       0x20 obj_cooja/mtype943.a(rtimer.o)
 .debug_aranges
                0x00000000000003c0       0x20 obj_cooja/mtype943.a(timer.o)
 .debug_aranges
                0x00000000000003e0       0x20 obj_cooja/mtype943.a(serial-line.o)
 .debug_aranges
                0x0000000000000400       0x20 obj_cooja/mtype943.a(ringbuf.o)
 .debug_aranges
                0x0000000000000420       0x20 obj_cooja/mtype943.a(list.o)
 .debug_aranges
                0x0000000000000440       0x20 obj_cooja/mtype943.a(memb.o)
 .debug_aranges
                0x0000000000000460       0x20 obj_cooja/mtype943.a(uip-ds6.o)
 .debug_aranges
                0x0000000000000480       0x20 obj_cooja/mtype943.a(uip-ds6-route.o)
 .debug_aranges
                0x00000000000004a0       0x20 obj_cooja/mtype943.a(uip6.o)
 .debug_aranges
                0x00000000000004c0       0x20 obj_cooja/mtype943.a(uip-ds6-nbr.o)
 .debug_aranges
                0x00000000000004e0       0x20 obj_cooja/mtype943.a(uip-nd6.o)
 .debug_aranges
                0x0000000000000500       0x20 obj_cooja/mtype943.a(sicslowpan.o)
 .debug_aranges
                0x0000000000000520       0x20 obj_cooja/mtype943.a(uip-packetqueue)
 .debug_aranges
                0x0000000000000540       0x20 obj_cooja/mtype943.a(uip-debug.o)
 .debug_aranges
                0x0000000000000560       0x20 obj_cooja/mtype943.a(tcpip.o)
 .debug_aranges
                0x0000000000000580       0x20 obj_cooja/mtype943.a(rpl-dag.o)
 .debug_aranges