Archive member included to satisfy reference by file (symbol)

obj_cooja/mtype324.a(er-coap-engine.)
                              coap-server.co (coap_rest_implementation)
obj_cooja/mtype324.a(er-coap-transac)
                              obj_cooja/mtype324.a(er-coap-engine.) (coap_register_as_transaction_handler)
obj_cooja/mtype324.a(er-coap-observe)
                              obj_cooja/mtype324.a(er-coap-transac) (coap_remove_observer_by_client)
obj_cooja/mtype324.a(er-coap-res-wel)
                              obj_cooja/mtype324.a(er-coap-engine.) (res_well_known_core)
obj_cooja/mtype324.a(rest-engine.o)
                              coap-server.co (rest_init_engine)
obj_cooja/mtype324.a(simEnvChange.o)
                              obj_cooja/mtype324.o (simDontFallAsleep)
obj_cooja/mtype324.a(cooja_mt.o)
                              obj_cooja/mtype324.o (cooja_mt_start)
obj_cooja/mtype324.a(cooja_mtarch.o)
                              obj_cooja/mtype324.a(cooja_mt.o) (cooja_mtarch_init)
obj_cooja/mtype324.a(rtimer-arch.o)
                              obj_cooja/mtype324.o (rtimer_arch_next)
obj_cooja/mtype324.a(beep.o)  obj_cooja/mtype324.o (beep_interface)
obj_cooja/mtype324.a(button-sensor.o)
                              obj_cooja/mtype324.o (button_interface)
obj_cooja/mtype324.a(leds-arch.o)
                              obj_cooja/mtype324.o (leds_interface)
obj_cooja/mtype324.a(moteid.o)
                              obj_cooja/mtype324.o (moteid_interface)
obj_cooja/mtype324.a(pir-sensor.o)
                              obj_cooja/mtype324.o (pir_interface)
obj_cooja/mtype324.a(rs232.o)
                              obj_cooja/mtype324.o (rs232_interface)
obj_cooja/mtype324.a(vib-sensor.o)
                              obj_cooja/mtype324.o (vib_interface)
obj_cooja/mtype324.a(clock.o)
                              obj_cooja/mtype324.o (clock_interface)
obj_cooja/mtype324.a(log.o)   obj_cooja/mtype324.o (simlog_interface)
obj_cooja/mtype324.a(cfs-cooja.o)
                              obj_cooja/mtype324.o (cfs_interface)
obj_cooja/mtype324.a(cooja-radio.o)
                              obj_cooja/mtype324.o (radio_interface)
obj_cooja/mtype324.a(eeprom.o)
                              obj_cooja/mtype324.o (eeprom_interface)
obj_cooja/mtype324.a(random.o)
                              obj_cooja/mtype324.a(moteid.o) (random_init)
obj_cooja/mtype324.a(sensors.o)
                              coap-server.co (sensors_event)
obj_cooja/mtype324.a(autostart.o)
                              obj_cooja/mtype324.o (autostart_start)
obj_cooja/mtype324.a(ctimer.o)
                              obj_cooja/mtype324.o (ctimer_init)
obj_cooja/mtype324.a(etimer.o)
                              obj_cooja/mtype324.o (etimer_process)
obj_cooja/mtype324.a(process.o)
                              obj_cooja/mtype324.a(er-coap-engine.) (process_current)
obj_cooja/mtype324.a(rtimer.o)
                              obj_cooja/mtype324.a(rtimer-arch.o) (rtimer_run_next)
obj_cooja/mtype324.a(timer.o)
                              obj_cooja/mtype324.a(button-sensor.o) (timer_set)
obj_cooja/mtype324.a(serial-line.o)
                              obj_cooja/mtype324.a(rs232.o) (serial_line_input_byte)
obj_cooja/mtype324.a(ringbuf.o)
                              obj_cooja/mtype324.a(serial-line.o) (ringbuf_init)
obj_cooja/mtype324.a(list.o)  obj_cooja/mtype324.a(rest-engine.o) (list_init)
obj_cooja/mtype324.a(memb.o)  obj_cooja/mtype324.a(er-coap-transac) (memb_alloc)
obj_cooja/mtype324.a(uip-ds6.o)
                              obj_cooja/mtype324.o (uip_ds6_set_addr_iid)
obj_cooja/mtype324.a(uip-ds6-route.o)
                              obj_cooja/mtype324.a(uip-ds6.o) (uip_ds6_route_init)
obj_cooja/mtype324.a(uip6.o)  obj_cooja/mtype324.o (uip_lladdr)
obj_cooja/mtype324.a(uip-ds6-nbr.o)
                              obj_cooja/mtype324.a(uip-ds6.o) (uip_ds6_neighbors_init)
obj_cooja/mtype324.a(uip-nd6.o)
                              obj_cooja/mtype324.a(uip6.o) (uip_nd6_init)
obj_cooja/mtype324.a(sicslowpan.o)
                              obj_cooja/mtype324.o (sicslowpan_driver)
obj_cooja/mtype324.a(uip-packetqueue)
                              obj_cooja/mtype324.a(uip-ds6-nbr.o) (uip_packetqueue_new)
obj_cooja/mtype324.a(uip-debug.o)
                              obj_cooja/mtype324.a(uip-ds6-route.o) (uip_debug_ipaddr_print)
obj_cooja/mtype324.a(tcpip.o)
                              obj_cooja/mtype324.a(er-coap-engine.) (tcpip_event)
obj_cooja/mtype324.a(rpl-dag.o)
                              obj_cooja/mtype324.a(tcpip.o) (rpl_repair_root)
obj_cooja/mtype324.a(rpl-timers.o)
                              obj_cooja/mtype324.a(rpl-dag.o) (rpl_reset_dio_timer)
obj_cooja/mtype324.a(rpl-ext-header.)
                              obj_cooja/mtype324.a(uip6.o) (rpl_verify_hbh_header)
obj_cooja/mtype324.a(rpl.o)   obj_cooja/mtype324.a(rpl-dag.o) (rpl_stats)
obj_cooja/mtype324.a(rpl-mrhof.o)
[...]
Memory Configuration

Name             Origin             Length             Attributes
*default*        0x0000000000000000 0xffffffffffffffff

Linker script and memory map

LOAD /usr/lib/gcc/i686-linux-gnu/5/../../../i386-linux-gnu/crti.o
LOAD /usr/lib/gcc/i686-linux-gnu/5/crtbeginS.o
LOAD coap-server.co
LOAD obj_cooja/mtype324.o
LOAD obj_cooja/mtype324.a
LOAD /usr/lib/gcc/i686-linux-gnu/5/libgcc.a
LOAD /usr/lib/gcc/i686-linux-gnu/5/libgcc_s.so
LOAD /usr/lib/gcc/i686-linux-gnu/5/../../../i386-linux-gnu/libc.so
START GROUP
LOAD /lib/i386-linux-gnu/libc.so.6
LOAD /usr/lib/i386-linux-gnu/libc_nonshared.a
LOAD /lib/i386-linux-gnu/ld-linux.so.2
END GROUP
LOAD /usr/lib/gcc/i686-linux-gnu/5/libgcc.a
LOAD /usr/lib/gcc/i686-linux-gnu/5/libgcc_s.so
LOAD /usr/lib/gcc/i686-linux-gnu/5/crtendS.o
LOAD /usr/lib/gcc/i686-linux-gnu/5/../../../i386-linux-gnu/crtn.o
                0x0000000000000114                . = (0x0 + SIZEOF_HEADERS)

.note.gnu.build-id
                0x0000000000000114       0x24
 *(.note.gnu.build-id)
 .note.gnu.build-id
                0x0000000000000114       0x24 /usr/lib/gcc/i686-linux-gnu/5/../../../i386-linux-gnu/crti.o

.hash
 *(.hash)

.gnu.hash       0x0000000000000138     0x1354
 *(.gnu.hash)
 .gnu.hash      0x0000000000000138     0x1354 /usr/lib/gcc/i686-linux-gnu/5/../../../i386-linux-gnu/crti.o

.dynsym         0x000000000000148c     0x25d0
 *(.dynsym)
 .dynsym        0x000000000000148c     0x25d0 /usr/lib/gcc/i686-linux-gnu/5/../../../i386-linux-gnu/crti.o

.dynstr         0x0000000000003a5c     0x293b
 *(.dynstr)
 .dynstr        0x0000000000003a5c     0x293b /usr/lib/gcc/i686-linux-gnu/5/../../../i386-linux-gnu/crti.o

.gnu.version    0x0000000000006398      0x4ba
 *(.gnu.version)
 .gnu.version   0x0000000000006398      0x4ba /usr/lib/gcc/i686-linux-gnu/5/../../../i386-linux-gnu/crti.o

.gnu.version_d  0x0000000000006854        0x0
 *(.gnu.version_d)
 .gnu.version_d
                0x0000000000006854        0x0 /usr/lib/gcc/i686-linux-gnu/5/../../../i386-linux-gnu/crti.o

.gnu.version_r  0x0000000000006854       0x40
 *(.gnu.version_r)
 .gnu.version_r
                0x0000000000006854       0x40 /usr/lib/gcc/i686-linux-gnu/5/../../../i386-linux-gnu/crti.o

.rel.dyn        0x0000000000006894     0x7cb8
 *(.rel.init)
 .rel.init      0x0000000000006894        0x0 /usr/lib/gcc/i686-linux-gnu/5/../../../i386-linux-gnu/crti.o
 *(.rel.text .rel.text.* .rel.gnu.linkonce.t.*)
 .rel.text      0x0000000000006894     0x7240 /usr/lib/gcc/i686-linux-gnu/5/../../../i386-linux-gnu/crti.o
 *(.rel.fini)
 .rel.fini      0x000000000000dad4        0x0 /usr/lib/gcc/i686-linux-gnu/5/../../../i386-linux-gnu/crti.o
 *(.rel.rodata .rel.rodata.* .rel.gnu.linkonce.r.*)
 .rel.rodata    0x000000000000dad4      0x700 /usr/lib/gcc/i686-linux-gnu/5/../../../i386-linux-gnu/crti.o
 *(.rel.data.rel.ro .rel.data.rel.ro.* .rel.gnu.linkonce.d.rel.ro.*)
 *(.rel.data .rel.data.* .rel.gnu.linkonce.d.*)
 .rel.data.rel.local
                0x000000000000e1d4        0x8 /usr/lib/gcc/i686-linux-gnu/5/../../../i386-linux-gnu/crti.o
 .rel.data      0x000000000000e1dc      0x338 /usr/lib/gcc/i686-linux-gnu/5/../../../i386-linux-gnu/crti.o
 *(.rel.tdata .rel.tdata.* .rel.gnu.linkonce.td.*)
 *(.rel.tbss .rel.tbss.* .rel.gnu.linkonce.tb.*)
 *(.rel.ctors)
 *(.rel.dtors)
 *(.rel.got)
 .rel.got       0x000000000000e514       0x28 /usr/lib/gcc/i686-linux-gnu/5/../../../i386-linux-gnu/crti.o
 *(.rel.bss .rel.bss.* .rel.gnu.linkonce.b.*)
 *(.rel.ifunc)
 .rel.ifunc     0x000000000000e53c        0x0 /usr/lib/gcc/i686-linux-gnu/5/../../../i386-linux-gnu/crti.o
 .rel.fini_array
                0x000000000000e53c        0x8 /usr/lib/gcc/i686-linux-gnu/5/../../../i386-linux-gnu/crti.o
 .rel.init_array
                0x000000000000e544        0x8 /usr/lib/gcc/i686-linux-gnu/5/../../../i386-linux-gnu/crti.o

.rel.plt        0x000000000000e54c        0x0
 *(.rel.plt)
 .rel.plt       0x000000000000e54c        0x0 /usr/lib/gcc/i686-linux-gnu/5/../../../i386-linux-gnu/crti.o
 *(.rel.iplt)

.init           0x000000000000e54c       0x23
 *(SORT(.init))
 .init          0x000000000000e54c       0x1e /usr/lib/gcc/i686-linux-gnu/5/../../../i386-linux-gnu/crti.o
                0x000000000000e54c                _init
 .init          0x000000000000e56a        0x5 /usr/lib/gcc/i686-linux-gnu/5/../../../i386-linux-gnu/crtn.o

.plt            0x000000000000e570       0x10
 *(.plt)
 .plt           0x000000000000e570       0x10 /usr/lib/gcc/i686-linux-gnu/5/../../../i386-linux-gnu/crti.o
 *(.iplt)

.plt.got        0x000000000000e580       0x10
 *(.plt.got)
 .plt.got       0x000000000000e580       0x10 /usr/lib/gcc/i686-linux-gnu/5/../../../i386-linux-gnu/crti.o

.text           0x000000000000e590    0x165bf
 *(.text.unlikely .text.*_unlikely .text.unlikely.*)
 .text.unlikely
                0x000000000000e590        0x0 /usr/lib/gcc/i686-linux-gnu/5/crtbeginS.o
 *(.text.exit .text.exit.*)
 *(.text.startup .text.startup.*)
 *(.text.hot .text.hot.*)
 *(.text .stub .text.* .gnu.linkonce.t.*)
 .text          0x000000000000e590        0x0 /usr/lib/gcc/i686-linux-gnu/5/../../../i386-linux-gnu/crti.o
 .gnu.linkonce.t.__x86.get_pc_thunk.bx
                0x000000000000e590        0x4 /usr/lib/gcc/i686-linux-gnu/5/../../../i386-linux-gnu/crti.o
                0x000000000000e590                __x86.get_pc_thunk.bx
 *fill*         0x000000000000e594        0xc 
 .text          0x000000000000e5a0      0x11c /usr/lib/gcc/i686-linux-gnu/5/crtbeginS.o
 .text.__x86.get_pc_thunk.dx
                0x000000000000e6bc        0x4 /usr/lib/gcc/i686-linux-gnu/5/crtbeginS.o
                0x000000000000e6bc                __x86.get_pc_thunk.dx
 .text          0x000000000000e6c0      0x26d coap-server.co
 .text          0x000000000000e92d      0x6e4 obj_cooja/mtype324.o
                0x000000000000ea70                contiki_init
                0x000000000000ee45                Java_org_contikios_cooja_corecomm_Lib4_init
                0x000000000000ee7c                Java_org_contikios_cooja_corecomm_Lib4_getMemory
                0x000000000000eeaf                Java_org_contikios_cooja_corecomm_Lib4_setMemory
                0x000000000000ef0f                Java_org_contikios_cooja_corecomm_Lib4_tick
                0x000000000000effe                Java_org_contikios_cooja_corecomm_Lib4_setReferenceAddress
 .text          0x000000000000f011      0x96a obj_cooja/mtype324.a(er-coap-engine.)
                0x000000000000f670                coap_init_engine
                0x000000000000f68b                coap_set_service_callback
                0x000000000000f699                coap_get_rest_method
                0x000000000000f755                coap_blocking_request_callback
                0x000000000000f77f                coap_blocking_request
 .text          0x000000000000f97b      0x2ca obj_cooja/mtype324.a(er-coap-transac)
                0x000000000000f97b                coap_register_as_transaction_handler
                0x000000000000f98b                coap_new_transaction
                0x000000000000fa0b                coap_send_transaction
                0x000000000000fb44                coap_clear_transaction
                0x000000000000fb8c                coap_get_transaction_by_mid
                0x000000000000fbdd                coap_check_transactions
 .text          0x000000000000fc45      0x832 obj_cooja/mtype324.a(er-coap-observe)
                0x000000000000fd2e                coap_remove_observer
                0x000000000000fd5e                coap_remove_observer_by_client
                0x000000000000fddc                coap_remove_observer_by_token
                0x000000000000fe85                coap_remove_observer_by_uri
                0x000000000000ff49                coap_remove_observer_by_mid
                0x000000000000ffdb                coap_notify_observers
                0x000000000000fff4                coap_notify_observers_sub
                0x0000000000010341                coap_observe_handler
 .text          0x0000000000010477      0x2dc obj_cooja/mtype324.a(er-coap-res-wel)
                0x0000000000010477                well_known_core_get_handler
 .text          0x0000000000010753      0x490 obj_cooja/mtype324.a(rest-engine.o)
                0x0000000000010753                rest_init_engine
                0x00000000000107ac                rest_activate_resource
                0x0000000000010813                rest_get_resources
                0x000000000001081d                rest_invoke_restful_service
 .text          0x0000000000010be3       0x65 obj_cooja/mtype324.a(simEnvChange.o)
                0x0000000000010be3                doActionsBeforeTick
                0x0000000000010c15                doActionsAfterTick
 .text          0x0000000000010c48       0xc2 obj_cooja/mtype324.a(cooja_mt.o)
                0x0000000000010c48                cooja_mt_init
                0x0000000000010c56                cooja_mt_remove
                0x0000000000010c64                cooja_mt_start
                0x0000000000010c8e                cooja_mt_exec
                0x0000000000010cc4                cooja_mt_exit
                0x0000000000010ce7                cooja_mt_yield
 .text          0x0000000000010d0a      0x114 obj_cooja/mtype324.a(cooja_mtarch.o)
                0x0000000000010d0a                cooja_mtarch_init
                0x0000000000010d10                cooja_mtarch_start
                0x0000000000010d83                cooja_sw
                0x0000000000010da6                cooja_mtarch_exec
                0x0000000000010dc3                cooja_mtarch_remove
                0x0000000000010dc9                cooja_mtarch_yield
                0x0000000000010dd4                cooja_mtarch_pstop
                0x0000000000010dda                cooja_mtarch_pstart
                0x0000000000010de0                cooja_mtarch_stack_usage
 .text          0x0000000000010e1e       0xc4 obj_cooja/mtype324.a(rtimer-arch.o)
                0x0000000000010e1e                rtimer_arch_init
                0x0000000000010e42                rtimer_arch_schedule
                0x0000000000010e5a                rtimer_arch_next
                0x0000000000010e64                rtimer_arch_pending
                0x0000000000010e6e                rtimer_arch_check
                0x0000000000010ea0                rtimer_arch_now
 .text          0x0000000000010ee2       0x81 obj_cooja/mtype324.a(beep.o)
                0x0000000000010ee2                beep_alarm
                0x0000000000010eef                beep_beep
                0x0000000000010efc                beep
                0x0000000000010f09                beep_down
                0x0000000000010f16                beep_on
                0x0000000000010f23                beep_off
                0x0000000000010f30                beep_spinup
                0x0000000000010f3d                beep_quick
                0x0000000000010f4a                beep_long
 .text          0x0000000000010f63      0x10d obj_cooja/mtype324.a(button-sensor.o)
 .text          0x0000000000011070       0x49 obj_cooja/mtype324.a(leds-arch.o)
                0x0000000000011070                leds_arch_init
                0x000000000001107d                leds_arch_get
                0x0000000000011089                leds_arch_set
 .text          0x00000000000110b9       0x35 obj_cooja/mtype324.a(moteid.o)
 .text          0x00000000000110ee       0xb7 obj_cooja/mtype324.a(pir-sensor.o)
 .text          0x00000000000111a5      0x148 obj_cooja/mtype324.a(rs232.o)
                0x00000000000111a5                rs232_init
                0x00000000000111ab                rs232_set_speed
                0x00000000000111ba                rs232_set_input
                0x00000000000111c8                rs232_send
                0x00000000000111ec                rs232_print
                0x0000000000011208                slip_arch_writeb
 .text          0x00000000000112ed       0xb7 obj_cooja/mtype324.a(vib-sensor.o)
 .text          0x00000000000113a4       0x38 obj_cooja/mtype324.a(clock.o)
                0x00000000000113a4                clock_init
                0x00000000000113aa                clock_time
                0x00000000000113b4                clock_seconds
                0x00000000000113ca                clock_delay
 .text          0x00000000000113dc      0x219 obj_cooja/mtype324.a(log.o)
                0x00000000000113dc                simlog_char
                0x000000000001141f                simlog
                0x0000000000011495                log_message
                0x00000000000114c6                log_set_putchar_with_slip
                0x00000000000114d4                log_putchar
                0x000000000001154f                log_puts
                0x0000000000011577                log_printf
 .text          0x00000000000115f5      0x2b9 obj_cooja/mtype324.a(cfs-cooja.o)
                0x00000000000115f5                cfs_open
                0x000000000001165e                cfs_close
                0x000000000001166b                cfs_read
                0x0000000000011700                cfs_write
                0x00000000000117dc                cfs_seek
                0x0000000000011864                cfs_remove
                0x0000000000011888                cfs_opendir
                0x0000000000011892                cfs_readdir
                0x000000000001189c                cfs_closedir
 .text          0x00000000000118ae      0x3dc obj_cooja/mtype324.a(cooja-radio.o)
                0x00000000000118d8                radio_set_channel
                0x00000000000118e6                radio_set_txpower
                0x00000000000118fe                radio_signal_strength_last
                0x0000000000011908                radio_signal_strength_current
                0x0000000000011912                radio_LQI
 .text          0x0000000000011c8a       0xee obj_cooja/mtype324.a(eeprom.o)
                0x0000000000011c8a                eeprom_init
                0x0000000000011c90                eeprom_read
                0x0000000000011cfe                eeprom_write
 .text          0x0000000000011d78       0x2d obj_cooja/mtype324.a(random.o)
                0x0000000000011d78                random_init
                0x0000000000011d98                random_rand
 .text          0x0000000000011da5      0x29c obj_cooja/mtype324.a(sensors.o)
                0x0000000000011de0                sensors_first
                0x0000000000011dea                sensors_next
                0x0000000000011e04                sensors_changed
                0x0000000000011e38                sensors_find
 .text          0x0000000000012041       0x92 obj_cooja/mtype324.a(autostart.o)
                0x0000000000012041                autostart_start
                0x000000000001208b                autostart_exit
 .text          0x00000000000120d3      0x355 obj_cooja/mtype324.a(ctimer.o)
                0x00000000000121fb                ctimer_init
                0x000000000001222e                ctimer_set
                0x0000000000012254                ctimer_set_with_process
                0x00000000000122d1                ctimer_reset
                0x0000000000012325                ctimer_restart
                0x0000000000012379                ctimer_stop
                0x00000000000123c9                ctimer_expired
 .text          0x0000000000012428      0x43f obj_cooja/mtype324.a(etimer.o)
                0x000000000001264c                etimer_request_poll
                0x00000000000126d5                etimer_set
                0x00000000000126fe                etimer_reset_with_new_interval
                0x000000000001272d                etimer_reset
                0x0000000000012753                etimer_restart
                0x0000000000012779                etimer_adjust
                0x0000000000012796                etimer_expired
                0x00000000000127a9                etimer_expiration_time
                0x00000000000127bb                etimer_start_time
                0x00000000000127c5                etimer_pending
                0x00000000000127d7                etimer_next_expiration_time
                0x00000000000127f1                etimer_stop
 .text          0x0000000000012867      0x4fb obj_cooja/mtype324.a(process.o)
                0x0000000000012867                process_alloc_event
                0x000000000001287c                process_start
                0x0000000000012a56                process_exit
                0x0000000000012a73                process_init
                0x0000000000012c08                process_run
                0x0000000000012c3b                process_nevents
                0x0000000000012c56                process_post
                0x0000000000012ce9                process_post_synch
                0x0000000000012d1e                process_poll
                0x0000000000012d4e                process_is_running
 .text          0x0000000000012d62       0xc6 obj_cooja/mtype324.a(rtimer.o)
                0x0000000000012d62                rtimer_init
                0x0000000000012d70                rtimer_set
                0x0000000000012dca                rtimer_run_next
 .text          0x0000000000012e28       0x9c obj_cooja/mtype324.a(timer.o)
                0x0000000000012e28                timer_set
                0x0000000000012e46                timer_reset
                0x0000000000012e5e                timer_restart
                0x0000000000012e73                timer_expired
                0x0000000000012ea0                timer_remaining
 .text          0x0000000000012ec4      0x1eb obj_cooja/mtype324.a(serial-line.o)
                0x0000000000012ec4                serial_line_input_byte
                0x000000000001307a                serial_line_init
 .text          0x00000000000130af      0x156 obj_cooja/mtype324.a(ringbuf.o)
                0x00000000000130af                ringbuf_init
                0x00000000000130e1                ringbuf_put
                0x000000000001315f                ringbuf_get
                0x00000000000131cc                ringbuf_size
                0x00000000000131de                ringbuf_elements
 .text          0x0000000000013205      0x24a obj_cooja/mtype324.a(list.o)
                0x0000000000013205                list_init
                0x0000000000013214                list_head
                0x000000000001321e                list_copy
                0x000000000001322e                list_tail
                0x0000000000013264                list_add
                0x00000000000132b0                list_push
                0x00000000000132dc                list_chop
                0x0000000000013346                list_pop
                0x000000000001336e                list_remove
                0x00000000000133d6                list_length
                0x0000000000013404                list_insert
                0x0000000000013438                list_item_next
 .text          0x000000000001344f      0x1b8 obj_cooja/mtype324.a(memb.o)
                0x000000000001344f                memb_init
                0x00000000000134a4                memb_alloc
                0x0000000000013509                memb_free
                0x0000000000013584                memb_inmemb
                0x00000000000135c3                memb_numfree
 .text          0x0000000000013607      0xae0 obj_cooja/mtype324.a(uip-ds6.o)
                0x0000000000013607                uip_ds6_init
                0x00000000000137b2                uip_ds6_periodic
                0x0000000000013839                uip_ds6_list_loop
                0x00000000000138dd                uip_ds6_prefix_add
                0x0000000000013989                uip_ds6_prefix_rm
                0x000000000001399c                uip_ds6_prefix_lookup
                0x00000000000139db                uip_ds6_is_addr_onlink
                0x0000000000013a4e                uip_ds6_addr_add
                0x0000000000013b6e                uip_ds6_addr_rm
                0x0000000000013c17                uip_ds6_addr_lookup
                0x0000000000013c50                uip_ds6_get_link_local
                0x0000000000013cd1                uip_ds6_get_global
                0x0000000000013d52                uip_ds6_maddr_add
                0x0000000000013db2                uip_ds6_maddr_rm
                0x0000000000013dc5                uip_ds6_maddr_lookup
                0x0000000000013dfe                uip_ds6_aaddr_add
                0x0000000000013e5e                uip_ds6_aaddr_rm
                0x0000000000013e71                uip_ds6_aaddr_lookup
                0x0000000000013eaa                uip_ds6_select_src
                0x0000000000013ff3                uip_ds6_set_addr_iid
                0x000000000001401e                get_match_length
                0x00000000000140af                uip_ds6_compute_reachable_time
 .text          0x00000000000140e7      0x985 obj_cooja/mtype324.a(uip-ds6-route.o)
                0x000000000001415e                uip_ds6_notification_add
                0x0000000000014190                uip_ds6_notification_rm
                0x00000000000141ad                uip_ds6_route_init
                0x000000000001424c                uip_ds6_route_nexthop
                0x000000000001427b                uip_ds6_route_head
                0x0000000000014294                uip_ds6_route_next
                0x00000000000142bd                uip_ds6_route_is_nexthop
                0x00000000000142ff                uip_ds6_route_num_routes
                0x0000000000014309                uip_ds6_route_lookup
                0x00000000000143d0                uip_ds6_route_add
                0x00000000000145fa                uip_ds6_route_rm
                0x00000000000147b0                uip_ds6_route_rm_by_nexthop
                0x00000000000147ef                uip_ds6_defrt_add
                0x00000000000148a0                uip_ds6_defrt_rm
                0x0000000000014921                uip_ds6_defrt_lookup
                0x000000000001497b                uip_ds6_defrt_choose
                0x00000000000149f1                uip_ds6_defrt_periodic
 .text          0x0000000000014a6c     0x11b7 obj_cooja/mtype324.a(uip6.o)
                0x0000000000014b1b                uip_chksum
                0x0000000000014bfc                uip_icmp6chksum
                0x0000000000014c11                uip_udpchksum
                0x0000000000014c26                uip_init
                0x0000000000014c6a                remove_ext_hdr
                0x0000000000014d3b                uip_udp_new
                0x0000000000015056                uip_process
                0x0000000000015b1e                uip_htons
                0x0000000000015b40                uip_htonl
                0x0000000000015b7e                uip_send
 .text          0x0000000000015c23      0x2bb obj_cooja/mtype324.a(uip-ds6-nbr.o)
                0x0000000000015c40                uip_ds6_neighbors_init
                0x0000000000015c64                uip_ds6_nbr_add
                0x0000000000015ce8                uip_ds6_nbr_rm
                0x0000000000015d31                uip_ds6_nbr_get_ipaddr
                0x0000000000015d46                uip_ds6_nbr_get_ll
                0x0000000000015d62                uip_ds6_nbr_num
                0x0000000000015dab                uip_ds6_nbr_lookup
                0x0000000000015e0e                uip_ds6_nbr_ll_lookup
                0x0000000000015e2a                uip_ds6_nbr_ipaddr_from_lladdr
                0x0000000000015e53                uip_ds6_nbr_lladdr_from_ipaddr
                0x0000000000015e87                uip_ds6_link_neighbor_callback
 .text          0x0000000000015ede      0x355 obj_cooja/mtype324.a(uip-nd6.o)
                0x0000000000015f2b                uip_nd6_ns_output
                0x000000000001622d                uip_nd6_init
 .text          0x0000000000016233     0x2549 obj_cooja/mtype324.a(sicslowpan.o)
                0x00000000000167c3                rime_sniffer_add
                0x00000000000167d1                rime_sniffer_remove
                0x0000000000018716                sicslowpan_init
                0x0000000000018772                sicslowpan_get_last_rssi
 .text          0x000000000001877c      0x146 obj_cooja/mtype324.a(uip-packetqueue)
                0x00000000000187aa                uip_packetqueue_new
                0x00000000000187b9                uip_packetqueue_alloc
                0x0000000000018814                uip_packetqueue_free
                0x000000000001885b                uip_packetqueue_buf
                0x0000000000018878                uip_packetqueue_buflen
                0x0000000000018899                uip_packetqueue_set_buflen
 .text          0x00000000000188c2      0x160 obj_cooja/mtype324.a(uip-debug.o)
                0x00000000000188c2                uip_debug_ipaddr_print
 .text          0x0000000000018a22      0x6b5 obj_cooja/mtype324.a(tcpip.o)
                0x0000000000018a22                tcpip_output
                0x0000000000018a53                tcpip_set_outputfunc
                0x0000000000018a9f                udp_attach
                0x0000000000018ac5                udp_new
                0x0000000000018b17                udp_broadcast_new
                0x0000000000018c89                tcpip_input
                0x0000000000018cb6                tcpip_ipv6_output
                0x0000000000018fd3                tcpip_poll_udp
                0x0000000000018ff1                tcpip_uipcall
 .text          0x00000000000190d7     0x2868 obj_cooja/mtype324.a(rpl-dag.o)
                0x00000000000190d7                rpl_print_neighbor_list
                0x00000000000192b2                rpl_get_nbr
                0x0000000000019303                rpl_dag_init
                0x0000000000019322                rpl_get_parent
                0x0000000000019344                rpl_get_parent_rank
                0x0000000000019377                rpl_get_parent_link_metric
                0x00000000000193d1                rpl_rank_via_parent
                0x000000000001942b                rpl_get_parent_lladdr
                0x0000000000019447                rpl_get_parent_ipaddr
                0x000000000001946e                rpl_get_parent_link_stats
                0x0000000000019495                rpl_parent_is_fresh
                0x00000000000194bc                rpl_parent_is_reachable
                0x000000000001980d                rpl_set_root
                0x0000000000019a89                rpl_repair_root
                0x0000000000019cd5                rpl_set_prefix
                0x0000000000019dc5                rpl_set_default_route
                0x0000000000019e36                rpl_alloc_instance
                0x0000000000019ec6                rpl_alloc_dag
                0x0000000000019f96                rpl_set_default_instance
                0x0000000000019fa4                rpl_get_default_instance
                0x0000000000019fae                rpl_free_instance
                0x000000000001a06e                rpl_free_dag
                0x000000000001a0ee                rpl_add_parent
                0x000000000001a197                rpl_find_parent
                0x000000000001a1f5                rpl_find_parent_any_dag
                0x000000000001a234                rpl_select_dag
                0x000000000001a63b                rpl_select_parent
                0x000000000001a716                rpl_remove_parent
                0x000000000001a741                rpl_nullify_parent
                0x000000000001a7fd                rpl_move_parent
                0x000000000001a8ba                rpl_has_downward_route
                0x000000000001a90b                rpl_get_dag
                0x000000000001a9f1                rpl_get_any_dag
                0x000000000001aa50                rpl_get_instance
                0x000000000001aab1                rpl_find_of
                0x000000000001aaee                rpl_join_instance
                0x000000000001add3                rpl_add_dag
                0x000000000001b1c8                rpl_local_repair
                0x000000000001b29d                rpl_recalculate_ranks
                0x000000000001b328                rpl_process_parent_event
                0x000000000001b461                rpl_process_dio
 .text          0x000000000001b93f      0x8e1 obj_cooja/mtype324.a(rpl-timers.o)
                0x000000000001bbf5                rpl_reset_periodic_timer
                0x000000000001bc40                rpl_reset_dio_timer
                0x000000000001be85                rpl_schedule_dao
                0x000000000001bea1                rpl_schedule_dao_immediately
                0x000000000001beba                rpl_cancel_dao
                0x000000000001bf29                rpl_schedule_unicast_dio_immediately
                0x000000000001bf4d                get_probing_delay
                0x000000000001bfcc                get_probing_target
                0x000000000001c1e9                rpl_schedule_probing
 .text          0x000000000001c220      0xa0e obj_cooja/mtype324.a(rpl-ext-header.)
                0x000000000001c23d                rpl_verify_hbh_header
                0x000000000001ca0d                rpl_remove_header
                0x000000000001cb6f                rpl_update_header
 .text          0x000000000001cc2e      0x573 obj_cooja/mtype324.a(rpl.o)
                0x000000000001cc2e                rpl_get_mode
                0x000000000001cc38                rpl_set_mode
                0x000000000001cccc                rpl_purge_routes
                0x000000000001cdca                rpl_remove_routes
                0x000000000001ce17                rpl_remove_routes_by_nexthop
                0x000000000001ce79                rpl_add_route
                0x000000000001cef0                rpl_link_neighbor_callback
                0x000000000001cfbb                rpl_ipv6_neighbor_callback
                0x000000000001d02b                rpl_purge_dags
                0x000000000001d110                rpl_init
 .text          0x000000000001d1a1      0x315 obj_cooja/mtype324.a(rpl-mrhof.o)
 .text          0x000000000001d4b6     0x1ba4 obj_cooja/mtype324.a(rpl-icmp6.o)
                0x000000000001d72d                rpl_icmp6_update_nbr_table
                0x000000000001d80b                dis_output
                0x000000000001def8                dio_output
                0x000000000001ebee                dao_output
                0x000000000001ecac                dao_output_target
                0x000000000001effc                dao_ack_output
                0x000000000001f011                rpl_icmp6_register_handlers
 .text          0x000000000001f05a      0x2e4 obj_cooja/mtype324.a(queuebuf.o)
                0x000000000001f064                queuebuf_init
                0x000000000001f08d                queuebuf_numfree
                0x000000000001f0a5                queuebuf_new_from_packetbuf
                0x000000000001f144                queuebuf_update_attr_from_packetbuf
                0x000000000001f179                queuebuf_update_from_packetbuf
                0x000000000001f1c9                queuebuf_free
                0x000000000001f212                queuebuf_to_packetbuf
                0x000000000001f27e                queuebuf_dataptr
                0x000000000001f2b8                queuebuf_datalen
                0x000000000001f2db                queuebuf_addr
                0x000000000001f30d                queuebuf_attr
                0x000000000001f338                queuebuf_debug_print
 .text          0x000000000001f33e      0x7c7 obj_cooja/mtype324.a(nbr-table.o)
                0x000000000001f7b7                nbr_table_register
                0x000000000001f7ff                nbr_table_head
                0x000000000001f85a                nbr_table_next
                0x000000000001f8bb                nbr_table_add_lladdr
                0x000000000001f985                nbr_table_get_from_lladdr
                0x000000000001f9d1                nbr_table_remove
                0x000000000001fa09                nbr_table_lock
                0x000000000001fa23                nbr_table_unlock
                0x000000000001fa3d                nbr_table_get_lladdr
                0x000000000001fa69                nbr_table_update_lladdr
 .text          0x000000000001fb05      0x3df obj_cooja/mtype324.a(packetbuf.o)
                0x000000000001fb05                packetbuf_clear
                0x000000000001fb30                packetbuf_copyfrom
                0x000000000001fb7f                packetbuf_compact
                0x000000000001fbfc                packetbuf_copyto
                0x000000000001fc8f                packetbuf_hdralloc
                0x000000000001fd0b                packetbuf_hdrreduce
                0x000000000001fd51                packetbuf_set_datalen
                0x000000000001fd6b                packetbuf_dataptr
                0x000000000001fd88                packetbuf_hdrptr
                0x000000000001fd92                packetbuf_datalen
                0x000000000001fd9e                packetbuf_hdrlen
                0x000000000001fdb5                packetbuf_totlen
                0x000000000001fdcb                packetbuf_attr_clear
                0x000000000001fe17                packetbuf_attr_copyto
                0x000000000001fe6f                packetbuf_attr_copyfrom
                0x000000000001fec7                packetbuf_holds_broadcast
 .text          0x000000000001fee4       0x2c obj_cooja/mtype324.a(netstack.o)
                0x000000000001fee4                netstack_init
 .text          0x000000000001ff10       0x4f obj_cooja/mtype324.a(linkaddr.o)
                0x000000000001ff10                linkaddr_copy
                0x000000000001ff26                linkaddr_cmp
                0x000000000001ff49                linkaddr_set_node_addr
 .text          0x000000000001ff5f      0x326 obj_cooja/mtype324.a(link-stats.o)
                0x000000000001ff79                link_stats_from_lladdr
                0x000000000001ff95                link_stats_is_fresh
                0x000000000001ffd2                guess_etx_from_rssi
                0x000000000002004e                link_stats_packet_sent
                0x0000000000020154                link_stats_input_callback
                0x0000000000020250                link_stats_init
 .text          0x0000000000020285      0x83e obj_cooja/mtype324.a(csma.o)
 .text          0x0000000000020ac3       0x38 obj_cooja/mtype324.a(mac.o)
                0x0000000000020ac3                mac_call_sent_callback
 .text          0x0000000000020afb      0x3e3 obj_cooja/mtype324.a(framer-802154.o)
 .text          0x0000000000020ede      0x434 obj_cooja/mtype324.a(nullrdc.o)
 .text          0x0000000000021312       0x68 obj_cooja/mtype324.a(nullsec.o)
 .text          0x000000000002137a     0x1d7e obj_cooja/mtype324.a(er-coap.o)
                0x0000000000021863                coap_init_connection
                0x00000000000218a1                coap_get_mid
                0x00000000000218bd                coap_init_message
                0x000000000002190c                coap_serialize_message
                0x0000000000021f46                coap_send_message
                0x0000000000021fc1                coap_parse_message
                0x0000000000022620                coap_get_query_variable
                0x0000000000022662                coap_get_post_variable
                0x00000000000226ac                coap_set_status_code
                0x00000000000226d1                coap_set_token
                0x000000000002271e                coap_get_header_content_format
                0x0000000000022758                coap_set_header_content_format
                0x0000000000022789                coap_get_header_accept
                0x00000000000227c3                coap_set_header_accept
                0x00000000000227f4                coap_get_header_max_age
                0x000000000002282e                coap_set_header_max_age
                0x000000000002285c                coap_get_header_etag
                0x0000000000022897                coap_set_header_etag
                0x00000000000228f6                coap_get_header_if_match
                0x0000000000022931                coap_set_header_if_match
                0x0000000000022990                coap_get_header_if_none_match
                0x00000000000229aa                coap_set_header_if_none_match
                0x00000000000229c6                coap_get_header_proxy_uri
                0x00000000000229fd                coap_set_header_proxy_uri
                0x0000000000022a42                coap_get_header_uri_host
                0x0000000000022a79                coap_set_header_uri_host
                0x0000000000022abe                coap_get_header_uri_path
                0x0000000000022af5                coap_set_header_uri_path
                0x0000000000022b4a                coap_get_header_uri_query
                0x0000000000022b81                coap_set_header_uri_query
                0x0000000000022bdf                coap_get_header_location_path
                0x0000000000022c16                coap_set_header_location_path
                0x0000000000022cb7                coap_get_header_location_query
                0x0000000000022cee                coap_set_header_location_query
                0x0000000000022d43                coap_get_header_observe
                0x0000000000022d7b                coap_set_header_observe
                0x0000000000022da9                coap_get_header_block2
                0x0000000000022e18                coap_set_header_block2
                0x0000000000022e9a                coap_get_header_block1
                0x0000000000022f18                coap_set_header_block1
                0x0000000000022f9e                coap_get_header_size2
                0x0000000000022fd7                coap_set_header_size2
                0x0000000000023008                coap_get_header_size1
                0x0000000000023041                coap_set_header_size1
                0x0000000000023072                coap_get_payload
                0x00000000000230b8                coap_set_payload
 .text          0x00000000000230f8       0x1e obj_cooja/mtype324.a(watchdog.o)
                0x00000000000230f8                watchdog_init
                0x00000000000230fe                watchdog_start
                0x0000000000023104                watchdog_periodic
                0x000000000002310a                watchdog_stop
                0x0000000000023110                watchdog_reboot
 .text          0x0000000000023116        0x0 obj_cooja/mtype324.a(rimestats.o)
 .text          0x0000000000023116       0xb2 obj_cooja/mtype324.a(stimer.o)
                0x0000000000023116                stimer_set
                0x0000000000023134                stimer_reset
                0x000000000002314c                stimer_restart
                0x0000000000023161                stimer_expired
                0x000000000002318c                stimer_remaining
                0x00000000000231b0                stimer_elapsed
 .text          0x00000000000231c8      0x953 obj_cooja/mtype324.a(uip-icmp6.o)
                0x000000000002323d                uip_icmp6_input
                0x0000000000023294                uip_icmp6_register_input_handler
                0x00000000000234a0                uip_icmp6_error_output
                0x00000000000237e9                uip_icmp6_send
                0x0000000000023aa3                uip_icmp6_echo_reply_callback_add
                0x0000000000023ad5                uip_icmp6_echo_reply_callback_rm
                0x0000000000023af2                uip_icmp6_init
 .text          0x0000000000023b1b      0x128 obj_cooja/mtype324.a(uip-udp-packet.)
                0x0000000000023b1b                uip_udp_packet_send
                0x0000000000023b76                uip_udp_packet_sendto
 .text          0x0000000000023c43      0x32d obj_cooja/mtype324.a(rpl-nbr-policy.)
                0x0000000000023e1a                find_removable_dis
                0x0000000000023e3d                find_removable_dio
                0x0000000000023ec2                find_removable_dao
                0x0000000000023f12                rpl_nbr_policy_find_removable
 .text          0x0000000000023f70      0x1bb obj_cooja/mtype324.a(mac-sequence.o)
                0x0000000000023fa7                mac_sequence_is_duplicate
                0x0000000000024047                mac_sequence_register_seqno
 .text          0x000000000002412b      0xa24 obj_cooja/mtype324.a(frame802154.o)
                0x000000000002415c                frame802154_get_pan_id
                0x0000000000024168                frame802154_set_pan_id
                0x0000000000024182                frame802154_has_panid
                0x0000000000024263                frame802154_check_dest_panid
                0x00000000000242e4                frame802154_is_broadcast_addr
                0x0000000000024331                frame802154_extract_linkaddr
                0x0000000000024596                frame802154_hdrlen
                0x0000000000024609                frame802154_create
                0x000000000002481c                frame802154_parse
 .text          0x0000000000024b4f        0x0 /usr/lib/gcc/i686-linux-gnu/5/crtendS.o
 .text          0x0000000000024b4f        0x0 /usr/lib/gcc/i686-linux-gnu/5/../../../i386-linux-gnu/crtn.o
 *(.gnu.warning)

.fini           0x0000000000024b50       0x14
 *(SORT(.fini))
 .fini          0x0000000000024b50        0xf /usr/lib/gcc/i686-linux-gnu/5/../../../i386-linux-gnu/crti.o
                0x0000000000024b50                _fini
 .fini          0x0000000000024b5f        0x5 /usr/lib/gcc/i686-linux-gnu/5/../../../i386-linux-gnu/crtn.o
                [!provide]                        PROVIDE (__etext, .)
                [!provide]                        PROVIDE (_etext, .)
                [!provide]                        PROVIDE (etext, .)

.rodata         0x0000000000024b80      0x9a4
 *(.rodata .rodata.* .gnu.linkonce.r.*)
 .rodata        0x0000000000024b80       0xe8 coap-server.co
                0x0000000000024b8c                autostart_processes
 .rodata        0x0000000000024c68      0x133 obj_cooja/mtype324.o
 *fill*         0x0000000000024d9b        0x5 
 .rodata        0x0000000000024da0      0x18c obj_cooja/mtype324.a(er-coap-engine.)
                0x0000000000024e20                coap_rest_implementation
 .rodata        0x0000000000024f2c       0x11 obj_cooja/mtype324.a(er-coap-observe)
 .rodata        0x0000000000024f3d       0x19 obj_cooja/mtype324.a(er-coap-res-wel)
 .rodata        0x0000000000024f56        0xc obj_cooja/mtype324.a(rest-engine.o)
 *fill*         0x0000000000024f62        0x2 
 .rodata        0x0000000000024f64        0x8 obj_cooja/mtype324.a(beep.o)
                0x0000000000024f64                beep_interface
 .rodata        0x0000000000024f6c       0x20 obj_cooja/mtype324.a(button-sensor.o)
                0x0000000000024f6c                button_interface
                0x0000000000024f7c                button_sensor
 .rodata        0x0000000000024f8c        0x8 obj_cooja/mtype324.a(leds-arch.o)
                0x0000000000024f8c                leds_interface
 .rodata        0x0000000000024f94        0x8 obj_cooja/mtype324.a(moteid.o)
                0x0000000000024f94                moteid_interface
 .rodata        0x0000000000024f9c       0x1c obj_cooja/mtype324.a(pir-sensor.o)
                0x0000000000024f9c                pir_interface
                0x0000000000024fa8                pir_sensor
 .rodata        0x0000000000024fb8        0xe obj_cooja/mtype324.a(rs232.o)
                0x0000000000024fb8                rs232_interface
 *fill*         0x0000000000024fc6        0x2 
 .rodata        0x0000000000024fc8       0x24 obj_cooja/mtype324.a(vib-sensor.o)
                0x0000000000024fc8                vib_interface
                0x0000000000024fdc                vib_sensor
 .rodata        0x0000000000024fec        0x8 obj_cooja/mtype324.a(clock.o)
                0x0000000000024fec                clock_interface
 .rodata        0x0000000000024ff4        0x8 obj_cooja/mtype324.a(log.o)
                0x0000000000024ff4                simlog_interface
 .rodata        0x0000000000024ffc       0x2f obj_cooja/mtype324.a(cfs-cooja.o)
                0x0000000000024ffc                cfs_interface
 *fill*         0x000000000002502b       0x15 
 .rodata        0x0000000000025040       0x58 obj_cooja/mtype324.a(cooja-radio.o)
                0x0000000000025040                radio_interface
                0x0000000000025060                cooja_radio_driver
 .rodata        0x0000000000025098        0x8 obj_cooja/mtype324.a(eeprom.o)
                0x0000000000025098                eeprom_interface
 .rodata        0x00000000000250a0        0x8 obj_cooja/mtype324.a(sensors.o)
 .rodata        0x00000000000250a8        0xf obj_cooja/mtype324.a(ctimer.o)
 .rodata        0x00000000000250b7        0xc obj_cooja/mtype324.a(etimer.o)
 .rodata        0x00000000000250c3        0xe obj_cooja/mtype324.a(serial-line.o)
 *fill*         0x00000000000250d1        0x3 
 .rodata        0x00000000000250d4       0xf4 obj_cooja/mtype324.a(uip6.o)
 .rodata        0x00000000000251c8       0x2c obj_cooja/mtype324.a(sicslowpan.o)
                0x00000000000251c8                unc_llconf
                0x00000000000251cc                unc_ctxconf
                0x00000000000251d0                unc_mxconf
                0x00000000000251d4                llprefix
                0x00000000000251e8                sicslowpan_driver
 .rodata        0x00000000000251f4       0x2a obj_cooja/mtype324.a(uip-debug.o)
 .rodata        0x000000000002521e       0x29 obj_cooja/mtype324.a(tcpip.o)
 *fill*         0x0000000000025247        0x1 
 .rodata        0x0000000000025248       0x89 obj_cooja/mtype324.a(rpl-dag.o)
 *fill*         0x00000000000252d1        0x3 
 .rodata        0x00000000000252d4        0x8 obj_cooja/mtype324.a(linkaddr.o)
                0x00000000000252d4                linkaddr_null
 .rodata        0x00000000000252dc       0x24 obj_cooja/mtype324.a(csma.o)
                0x00000000000252e4                csma_driver
 .rodata        0x0000000000025300        0xc obj_cooja/mtype324.a(framer-802154.o)
                0x0000000000025300                framer_802154
 *fill*         0x000000000002530c       0x14 
 .rodata        0x0000000000025320       0x40 obj_cooja/mtype324.a(nullrdc.o)
                0x0000000000025340                nullrdc_driver
 .rodata        0x0000000000025360       0x18 obj_cooja/mtype324.a(nullsec.o)
                0x0000000000025368                nullsec_driver
 .rodata        0x0000000000025378      0x1ac obj_cooja/mtype324.a(er-coap.o)

.rodata1
 *(.rodata1)

.eh_frame_hdr   0x0000000000025524     0x1554
 *(.eh_frame_hdr)
 .eh_frame_hdr  0x0000000000025524     0x1554 coap-server.co
                0x0000000000025524                __GNU_EH_FRAME_HDR
 *(.eh_frame_entry .eh_frame_entry.*)

.eh_frame       0x0000000000026a78     0x5660
 *(.eh_frame)
 .eh_frame      0x0000000000026a78       0x3c /usr/lib/gcc/i686-linux-gnu/5/../../../i386-linux-gnu/crti.o
                                         0x40 (size before relaxing)
 .eh_frame      0x0000000000026ab4       0x84 coap-server.co
                                         0x9c (size before relaxing)
 .eh_frame      0x0000000000026b38      0x148 obj_cooja/mtype324.o
                                        0x160 (size before relaxing)
 .eh_frame      0x0000000000026c80       0xe8 obj_cooja/mtype324.a(er-coap-engine.)
                                        0x100 (size before relaxing)
 .eh_frame      0x0000000000026d68       0xc4 obj_cooja/mtype324.a(er-coap-transac)
                                         0xdc (size before relaxing)
 .eh_frame      0x0000000000026e2c      0x13c obj_cooja/mtype324.a(er-coap-observe)
                                        0x154 (size before relaxing)
 .eh_frame      0x0000000000026f68       0x24 obj_cooja/mtype324.a(er-coap-res-wel)
                                         0x3c (size before relaxing)
 .eh_frame      0x0000000000026f8c       0xa0 obj_cooja/mtype324.a(rest-engine.o)
                                         0xb8 (size before relaxing)
 .eh_frame      0x000000000002702c       0x40 obj_cooja/mtype324.a(simEnvChange.o)
                                         0x58 (size before relaxing)
 .eh_frame      0x000000000002706c       0xc0 obj_cooja/mtype324.a(cooja_mt.o)
                                         0xd8 (size before relaxing)
 .eh_frame      0x000000000002712c      0x120 obj_cooja/mtype324.a(cooja_mtarch.o)
                                        0x138 (size before relaxing)
 .eh_frame      0x000000000002724c       0xc0 obj_cooja/mtype324.a(rtimer-arch.o)
                                         0xd8 (size before relaxing)
 .eh_frame      0x000000000002730c      0x160 obj_cooja/mtype324.a(beep.o)
                                        0x178 (size before relaxing)
 .eh_frame      0x000000000002746c       0xa0 obj_cooja/mtype324.a(button-sensor.o)
                                         0xb8 (size before relaxing)
 .eh_frame      0x000000000002750c       0xa0 obj_cooja/mtype324.a(leds-arch.o)
                                         0xb8 (size before relaxing)
 .eh_frame      0x00000000000275ac       0x40 obj_cooja/mtype324.a(moteid.o)
                                         0x58 (size before relaxing)
 .eh_frame      0x00000000000275ec       0xa0 obj_cooja/mtype324.a(pir-sensor.o)
                                         0xb8 (size before relaxing)
 .eh_frame      0x000000000002768c      0x100 obj_cooja/mtype324.a(rs232.o)
                                        0x118 (size before relaxing)
 .eh_frame      0x000000000002778c       0xa0 obj_cooja/mtype324.a(vib-sensor.o)
                                         0xb8 (size before relaxing)
 .eh_frame      0x000000000002782c       0xc0 obj_cooja/mtype324.a(clock.o)
                                         0xd8 (size before relaxing)
 .eh_frame      0x00000000000278ec      0x120 obj_cooja/mtype324.a(log.o)
                                        0x138 (size before relaxing)
 .eh_frame      0x0000000000027a0c      0x160 obj_cooja/mtype324.a(cfs-cooja.o)
                                        0x178 (size before relaxing)
 .eh_frame      0x0000000000027b6c      0x2e0 obj_cooja/mtype324.a(cooja-radio.o)
                                        0x2f8 (size before relaxing)
 .eh_frame      0x0000000000027e4c       0xa0 obj_cooja/mtype324.a(eeprom.o)
                                         0xb8 (size before relaxing)
 .eh_frame      0x0000000000027eec       0x40 obj_cooja/mtype324.a(random.o)
                                         0x58 (size before relaxing)
 .eh_frame      0x0000000000027f2c       0xc0 obj_cooja/mtype324.a(sensors.o)
                                         0xd8 (size before relaxing)
 .eh_frame      0x0000000000027fec       0x40 obj_cooja/mtype324.a(autostart.o)
                                         0x58 (size before relaxing)
 .eh_frame      0x000000000002802c      0x100 obj_cooja/mtype324.a(ctimer.o)
                                        0x118 (size before relaxing)
 .eh_frame      0x000000000002812c      0x1e0 obj_cooja/mtype324.a(etimer.o)
                                        0x1f8 (size before relaxing)
 .eh_frame      0x000000000002830c      0x1c4 obj_cooja/mtype324.a(process.o)
                                        0x1dc (size before relaxing)
 .eh_frame      0x00000000000284d0       0x60 obj_cooja/mtype324.a(rtimer.o)
                                         0x78 (size before relaxing)
 .eh_frame      0x0000000000028530       0xa4 obj_cooja/mtype324.a(timer.o)
                                         0xbc (size before relaxing)
 .eh_frame      0x00000000000285d4       0x60 obj_cooja/mtype324.a(serial-line.o)
                                         0x78 (size before relaxing)
 .eh_frame      0x0000000000028634       0xa0 obj_cooja/mtype324.a(ringbuf.o)
                                         0xb8 (size before relaxing)
 .eh_frame      0x00000000000286d4      0x180 obj_cooja/mtype324.a(list.o)
                                        0x198 (size before relaxing)
 .eh_frame      0x0000000000028854       0xa0 obj_cooja/mtype324.a(memb.o)
                                         0xb8 (size before relaxing)
 .eh_frame      0x00000000000288f4      0x2c8 obj_cooja/mtype324.a(uip-ds6.o)
                                        0x2e0 (size before relaxing)
 .eh_frame      0x0000000000028bbc      0x2a0 obj_cooja/mtype324.a(uip-ds6-route.o)
                                        0x2b8 (size before relaxing)
 .eh_frame      0x0000000000028e5c      0x1a8 obj_cooja/mtype324.a(uip6.o)
                                        0x1c0 (size before relaxing)
 .eh_frame      0x0000000000029004      0x180 obj_cooja/mtype324.a(uip-ds6-nbr.o)
                                        0x198 (size before relaxing)
 .eh_frame      0x0000000000029184       0x64 obj_cooja/mtype324.a(uip-nd6.o)
                                         0x7c (size before relaxing)
 .eh_frame      0x00000000000291e8      0x334 obj_cooja/mtype324.a(sicslowpan.o)
                                        0x34c (size before relaxing)
 .eh_frame      0x000000000002951c       0xe0 obj_cooja/mtype324.a(uip-packetqueue)
                                         0xf8 (size before relaxing)
 .eh_frame      0x00000000000295fc       0x24 obj_cooja/mtype324.a(uip-debug.o)
                                         0x3c (size before relaxing)
 .eh_frame      0x0000000000029620      0x1a4 obj_cooja/mtype324.a(tcpip.o)
                                        0x1bc (size before relaxing)
 .eh_frame      0x00000000000297c4      0x71c obj_cooja/mtype324.a(rpl-dag.o)
                                        0x734 (size before relaxing)
 .eh_frame      0x0000000000029ee0      0x22c obj_cooja/mtype324.a(rpl-timers.o)
                                        0x244 (size before relaxing)
 .eh_frame      0x000000000002a10c       0xc0 obj_cooja/mtype324.a(rpl-ext-header.)
                                         0xd8 (size before relaxing)
 .eh_frame      0x000000000002a1cc      0x140 obj_cooja/mtype324.a(rpl.o)
                                        0x158 (size before relaxing)
 .eh_frame      0x000000000002a30c      0x124 obj_cooja/mtype324.a(rpl-mrhof.o)
                                        0x13c (size before relaxing)
 .eh_frame      0x000000000002a430      0x2ac obj_cooja/mtype324.a(rpl-icmp6.o)
                                        0x2c4 (size before relaxing)
 .eh_frame      0x000000000002a6dc      0x1a0 obj_cooja/mtype324.a(queuebuf.o)
                                        0x1b8 (size before relaxing)
 .eh_frame      0x000000000002a87c      0x2ac obj_cooja/mtype324.a(nbr-table.o)
                                        0x2c4 (size before relaxing)
 .eh_frame      0x000000000002ab28      0x214 obj_cooja/mtype324.a(packetbuf.o)
                                        0x22c (size before relaxing)
 .eh_frame      0x000000000002ad3c       0x20 obj_cooja/mtype324.a(netstack.o)
                                         0x38 (size before relaxing)
 .eh_frame      0x000000000002ad5c       0x60 obj_cooja/mtype324.a(linkaddr.o)
                                         0x78 (size before relaxing)
 .eh_frame      0x000000000002adbc      0x100 obj_cooja/mtype324.a(link-stats.o)
                                        0x118 (size before relaxing)
 .eh_frame      0x000000000002aebc      0x288 obj_cooja/mtype324.a(csma.o)
                                        0x2a0 (size before relaxing)
 .eh_frame      0x000000000002b144       0x20 obj_cooja/mtype324.a(mac.o)
                                         0x38 (size before relaxing)
 .eh_frame      0x000000000002b164      0x104 obj_cooja/mtype324.a(framer-802154.o)
                                        0x11c (size before relaxing)
 .eh_frame      0x000000000002b268      0x16c obj_cooja/mtype324.a(nullrdc.o)
                                        0x184 (size before relaxing)
 .eh_frame      0x000000000002b3d4       0x80 obj_cooja/mtype324.a(nullsec.o)
                                         0x98 (size before relaxing)
 .eh_frame      0x000000000002b454      0x6d0 obj_cooja/mtype324.a(er-coap.o)
                                        0x6e8 (size before relaxing)
 .eh_frame      0x000000000002bb24       0xa0 obj_cooja/mtype324.a(watchdog.o)
                                         0xb8 (size before relaxing)
 .eh_frame      0x000000000002bbc4       0xc4 obj_cooja/mtype324.a(stimer.o)
                                         0xdc (size before relaxing)
 .eh_frame      0x000000000002bc88      0x160 obj_cooja/mtype324.a(uip-icmp6.o)
                                        0x178 (size before relaxing)
 .eh_frame      0x000000000002bde8       0x40 obj_cooja/mtype324.a(uip-udp-packet.)
                                         0x58 (size before relaxing)
 .eh_frame      0x000000000002be28       0xc0 obj_cooja/mtype324.a(rpl-nbr-policy.)
                                         0xd8 (size before relaxing)
 .eh_frame      0x000000000002bee8       0x88 obj_cooja/mtype324.a(mac-sequence.o)
                                         0xa0 (size before relaxing)
 .eh_frame      0x000000000002bf70      0x164 obj_cooja/mtype324.a(frame802154.o)
                                        0x17c (size before relaxing)
 .eh_frame      0x000000000002c0d4        0x4 /usr/lib/gcc/i686-linux-gnu/5/crtendS.o
 *(.eh_frame.*)

.gcc_except_table
 *(.gcc_except_table .gcc_except_table.*)

.gnu_extab
 *(.gnu_extab*)

.exception_ranges
 *(.exception_ranges .exception_ranges*)
                0x000000000002df10                . = DATA_SEGMENT_ALIGN (0x1000, 0x1000)

.eh_frame
 *(.eh_frame)
 *(.eh_frame.*)

.gnu_extab
 *(.gnu_extab)

.gcc_except_table
 *(.gcc_except_table .gcc_except_table.*)

.exception_ranges
 *(.exception_ranges .exception_ranges*)

.tdata
 *(.tdata .tdata.* .gnu.linkonce.td.*)

.tbss
 *(.tbss .tbss.* .gnu.linkonce.tb.*)
 *(.tcommon)

.preinit_array
 *(.preinit_array)

.init_array     0x000000000002df10        0x4
 *(SORT(.init_array.*) SORT(.ctors.*))
 *(.init_array EXCLUDE_FILE(*crtend?.o *crtend.o *crtbegin?.o *crtbegin.o) .ctors)
 .init_array    0x000000000002df10        0x4 /usr/lib/gcc/i686-linux-gnu/5/crtbeginS.o

.fini_array     0x000000000002df14        0x4
 *(SORT(.fini_array.*) SORT(.dtors.*))
 *(.fini_array EXCLUDE_FILE(*crtend?.o *crtend.o *crtbegin?.o *crtbegin.o) .dtors)
 .fini_array    0x000000000002df14        0x4 /usr/lib/gcc/i686-linux-gnu/5/crtbeginS.o

.ctors
 *crtbegin.o(.ctors)
 *crtbegin?.o(.ctors)
 *(EXCLUDE_FILE(*crtend?.o *crtend.o) .ctors)
 *(SORT(.ctors.*))
 *(.ctors)

.dtors
 *crtbegin.o(.dtors)
 *crtbegin?.o(.dtors)
 *(EXCLUDE_FILE(*crtend?.o *crtend.o) .dtors)
 *(SORT(.dtors.*))
 *(.dtors)

.jcr            0x000000000002df18        0x4
 *(.jcr)
 .jcr           0x000000000002df18        0x0 /usr/lib/gcc/i686-linux-gnu/5/crtbeginS.o
 .jcr           0x000000000002df18        0x4 /usr/lib/gcc/i686-linux-gnu/5/crtendS.o

.data.rel.ro
 *(.data.rel.ro.local* .gnu.linkonce.d.rel.ro.local.*)
 *(.data.rel.ro .data.rel.ro.* .gnu.linkonce.d.rel.ro.*)

.dynamic        0x000000000002df1c       0xd0
 *(.dynamic)
 .dynamic       0x000000000002df1c       0xd0 /usr/lib/gcc/i686-linux-gnu/5/../../../i386-linux-gnu/crti.o
                0x000000000002df1c                _DYNAMIC

.got            0x000000000002dfec       0x14
 *(.got)
 .got           0x000000000002dfec       0x14 /usr/lib/gcc/i686-linux-gnu/5/../../../i386-linux-gnu/crti.o
 *(.igot)
                0x000000000002eff4                . = DATA_SEGMENT_RELRO_END (., (SIZEOF (.got.plt) >= 0xc)?0xc:0x0)

.got.plt        0x000000000002e000        0xc
 *(.got.plt)
 .got.plt       0x000000000002e000        0xc /usr/lib/gcc/i686-linux-gnu/5/../../../i386-linux-gnu/crti.o
                0x000000000002e000                _GLOBAL_OFFSET_TABLE_
 *(.igot.plt)

.data           0x000000000002e020      0x386
 *(.data .data.* .gnu.linkonce.d.*)
 .data          0x000000000002e020        0x0 /usr/lib/gcc/i686-linux-gnu/5/../../../i386-linux-gnu/crti.o
 .data          0x000000000002e020        0x0 /usr/lib/gcc/i686-linux-gnu/5/crtbeginS.o
 .data.rel.local
                0x000000000002e020        0x4 /usr/lib/gcc/i686-linux-gnu/5/crtbeginS.o
                0x000000000002e020                __dso_handle
 *fill*         0x000000000002e024       0x1c 
 .data          0x000000000002e040       0xa4 coap-server.co
                0x000000000002e040                coap
                0x000000000002e060                event_resource
                0x000000000002e0a0                periodic_periodic_resource
                0x000000000002e0c0                periodic_resource
 *fill*         0x000000000002e0e4       0x1c 
 .data          0x000000000002e100       0x44 obj_cooja/mtype324.o
                0x000000000002e100                simInterfaces
                0x000000000002e134                sensors
 .data          0x000000000002e144       0x10 obj_cooja/mtype324.a(er-coap-engine.)
                0x000000000002e144                coap_engine
 .data          0x000000000002e154       0x10 obj_cooja/mtype324.a(er-coap-transac)
 .data          0x000000000002e164       0x10 obj_cooja/mtype324.a(er-coap-observe)
 *fill*         0x000000000002e174        0xc 
 .data          0x000000000002e180       0x24 obj_cooja/mtype324.a(er-coap-res-wel)
                0x000000000002e180                res_well_known_core
 .data          0x000000000002e1a4       0x18 obj_cooja/mtype324.a(rest-engine.o)
                0x000000000002e1a4                rest_engine_process
 .data          0x000000000002e1bc        0x0 obj_cooja/mtype324.a(simEnvChange.o)
 .data          0x000000000002e1bc        0x0 obj_cooja/mtype324.a(cooja_mt.o)
 .data          0x000000000002e1bc        0x0 obj_cooja/mtype324.a(cooja_mtarch.o)
 .data          0x000000000002e1bc        0x0 obj_cooja/mtype324.a(rtimer-arch.o)
 .data          0x000000000002e1bc        0x0 obj_cooja/mtype324.a(beep.o)
 .data          0x000000000002e1bc        0x0 obj_cooja/mtype324.a(button-sensor.o)
 .data          0x000000000002e1bc        0x0 obj_cooja/mtype324.a(leds-arch.o)
 .data          0x000000000002e1bc        0x0 obj_cooja/mtype324.a(moteid.o)
 .data          0x000000000002e1bc        0x0 obj_cooja/mtype324.a(pir-sensor.o)
 .data          0x000000000002e1bc        0x0 obj_cooja/mtype324.a(rs232.o)
 .data          0x000000000002e1bc        0x0 obj_cooja/mtype324.a(vib-sensor.o)
 .data          0x000000000002e1bc        0x0 obj_cooja/mtype324.a(clock.o)
 .data          0x000000000002e1bc        0x0 obj_cooja/mtype324.a(log.o)
 .data          0x000000000002e1bc        0x0 obj_cooja/mtype324.a(cfs-cooja.o)
 .data          0x000000000002e1bc       0x28 obj_cooja/mtype324.a(cooja-radio.o)
                0x000000000002e1bc                simRadioHWOn
                0x000000000002e1c0                simSignalStrength
                0x000000000002e1c4                simLastSignalStrength
                0x000000000002e1c8                simPower
                0x000000000002e1cc                simRadioChannel
                0x000000000002e1d0                simLQI
                0x000000000002e1d4                cooja_radio_process
 .data          0x000000000002e1e4        0x0 obj_cooja/mtype324.a(eeprom.o)
 .data          0x000000000002e1e4        0x0 obj_cooja/mtype324.a(random.o)
 .data          0x000000000002e1e4       0x10 obj_cooja/mtype324.a(sensors.o)
                0x000000000002e1e4                sensors_process
 .data          0x000000000002e1f4        0x0 obj_cooja/mtype324.a(autostart.o)
 .data          0x000000000002e1f4       0x14 obj_cooja/mtype324.a(ctimer.o)
                0x000000000002e1f8                ctimer_process
 .data          0x000000000002e208       0x10 obj_cooja/mtype324.a(etimer.o)
                0x000000000002e208                etimer_process
 .data          0x000000000002e218        0x0 obj_cooja/mtype324.a(process.o)
 .data          0x000000000002e218        0x0 obj_cooja/mtype324.a(rtimer.o)
 .data          0x000000000002e218        0x0 obj_cooja/mtype324.a(timer.o)
 .data          0x000000000002e218       0x10 obj_cooja/mtype324.a(serial-line.o)
                0x000000000002e218                serial_line_process
 .data          0x000000000002e228        0x0 obj_cooja/mtype324.a(ringbuf.o)
 .data          0x000000000002e228        0x0 obj_cooja/mtype324.a(list.o)
 .data          0x000000000002e228        0x0 obj_cooja/mtype324.a(memb.o)
 .data          0x000000000002e228        0x0 obj_cooja/mtype324.a(uip-ds6.o)
 .data          0x000000000002e228       0x44 obj_cooja/mtype324.a(uip-ds6-route.o)
                0x000000000002e238                nbr_routes
 .data          0x000000000002e26c        0x0 obj_cooja/mtype324.a(uip6.o)
 .data          0x000000000002e26c       0x14 obj_cooja/mtype324.a(uip-ds6-nbr.o)
                0x000000000002e27c                ds6_neighbors
 .data          0x000000000002e280        0x0 obj_cooja/mtype324.a(uip-nd6.o)
 .data          0x000000000002e280        0x0 obj_cooja/mtype324.a(sicslowpan.o)
 .data          0x000000000002e280        0xc obj_cooja/mtype324.a(uip-packetqueue)
 .data          0x000000000002e28c        0x0 obj_cooja/mtype324.a(uip-debug.o)
 .data          0x000000000002e28c       0x10 obj_cooja/mtype324.a(tcpip.o)
                0x000000000002e28c                tcpip_process
 .data          0x000000000002e29c       0x14 obj_cooja/mtype324.a(rpl-dag.o)
                0x000000000002e2ac                rpl_parents
 .data          0x000000000002e2b0        0x0 obj_cooja/mtype324.a(rpl-timers.o)
 .data          0x000000000002e2b0        0x0 obj_cooja/mtype324.a(rpl-ext-header.)
 .data          0x000000000002e2b0        0x0 obj_cooja/mtype324.a(rpl.o)
 *fill*         0x000000000002e2b0       0x10 
 .data          0x000000000002e2c0       0x24 obj_cooja/mtype324.a(rpl-mrhof.o)
                0x000000000002e2c0                rpl_mrhof
 .data          0x000000000002e2e4       0x34 obj_cooja/mtype324.a(rpl-icmp6.o)
 .data          0x000000000002e318       0x18 obj_cooja/mtype324.a(queuebuf.o)
 .data          0x000000000002e330       0x10 obj_cooja/mtype324.a(nbr-table.o)
 .data          0x000000000002e340        0x4 obj_cooja/mtype324.a(packetbuf.o)
 .data          0x000000000002e344        0x0 obj_cooja/mtype324.a(netstack.o)
 .data          0x000000000002e344        0x0 obj_cooja/mtype324.a(linkaddr.o)
 .data          0x000000000002e344       0x14 obj_cooja/mtype324.a(link-stats.o)
 .data          0x000000000002e358       0x28 obj_cooja/mtype324.a(csma.o)
 .data          0x000000000002e380        0x0 obj_cooja/mtype324.a(mac.o)
 .data          0x000000000002e380        0x0 obj_cooja/mtype324.a(framer-802154.o)
 .data          0x000000000002e380        0x0 obj_cooja/mtype324.a(nullrdc.o)
 .data          0x000000000002e380        0x0 obj_cooja/mtype324.a(nullsec.o)
 .data          0x000000000002e380        0x4 obj_cooja/mtype324.a(er-coap.o)
                0x000000000002e380                coap_error_message
 .data          0x000000000002e384        0x0 obj_cooja/mtype324.a(watchdog.o)
 .data          0x000000000002e384        0x0 obj_cooja/mtype324.a(rimestats.o)
 .data          0x000000000002e384        0x0 obj_cooja/mtype324.a(stimer.o)
 .data          0x000000000002e384       0x20 obj_cooja/mtype324.a(uip-icmp6.o)
 .data          0x000000000002e3a4        0x0 obj_cooja/mtype324.a(uip-udp-packet.)
 .data          0x000000000002e3a4        0x0 obj_cooja/mtype324.a(rpl-nbr-policy.)
 .data          0x000000000002e3a4        0x0 obj_cooja/mtype324.a(mac-sequence.o)
 .data          0x000000000002e3a4        0x2 obj_cooja/mtype324.a(frame802154.o)
 .data          0x000000000002e3a6        0x0 /usr/lib/gcc/i686-linux-gnu/5/crtendS.o
 .data          0x000000000002e3a6        0x0 /usr/lib/gcc/i686-linux-gnu/5/../../../i386-linux-gnu/crtn.o

.tm_clone_table
                0x000000000002e3a8        0x0
 .tm_clone_table
                0x000000000002e3a8        0x0 /usr/lib/gcc/i686-linux-gnu/5/crtbeginS.o
 .tm_clone_table
                0x000000000002e3a8        0x0 /usr/lib/gcc/i686-linux-gnu/5/crtendS.o

.data1
 *(.data1)
                0x000000000002e3a8                _edata = .
                [!provide]                        PROVIDE (edata, .)
                0x000000000002e3a8                . = .
                0x000000000002e3a8                __bss_start = .

.bss            0x000000000002e3c0     0x7b28
 *(.dynbss)
 .dynbss        0x000000000002e3c0        0x0 /usr/lib/gcc/i686-linux-gnu/5/../../../i386-linux-gnu/crti.o
 *(.bss .bss.* .gnu.linkonce.b.*)
 .bss           0x000000000002e3c0        0x0 /usr/lib/gcc/i686-linux-gnu/5/../../../i386-linux-gnu/crti.o
 .bss           0x000000000002e3c0        0x1 /usr/lib/gcc/i686-linux-gnu/5/crtbeginS.o
 *fill*         0x000000000002e3c1        0x3 
 .bss           0x000000000002e3c4        0x4 coap-server.co
 *fill*         0x000000000002e3c8       0x18 
 .bss           0x000000000002e3e0     0x2030 obj_cooja/mtype324.o
 *fill*         0x0000000000030410       0x10 
 .bss           0x0000000000030420      0x191 obj_cooja/mtype324.a(er-coap-engine.)
 *fill*         0x00000000000305b1        0xf 
 .bss           0x00000000000305c0      0x308 obj_cooja/mtype324.a(er-coap-transac)
 *fill*         0x00000000000308c8       0x18 
 .bss           0x00000000000308e0      0x114 obj_cooja/mtype324.a(er-coap-observe)
 .bss           0x00000000000309f4        0x0 obj_cooja/mtype324.a(er-coap-res-wel)
 .bss           0x00000000000309f4        0x9 obj_cooja/mtype324.a(rest-engine.o)
 .bss           0x00000000000309fd        0x1 obj_cooja/mtype324.a(simEnvChange.o)
                0x00000000000309fd                simDontFallAsleep
 *fill*         0x00000000000309fe        0x2 
 .bss           0x0000000000030a00        0x4 obj_cooja/mtype324.a(cooja_mt.o)
 .bss           0x0000000000030a04        0x4 obj_cooja/mtype324.a(cooja_mtarch.o)
 .bss           0x0000000000030a08        0xc obj_cooja/mtype324.a(rtimer-arch.o)
 .bss           0x0000000000030a14        0x0 obj_cooja/mtype324.a(beep.o)
 .bss           0x0000000000030a14        0x8 obj_cooja/mtype324.a(button-sensor.o)
 .bss           0x0000000000030a1c        0x0 obj_cooja/mtype324.a(leds-arch.o)
 .bss           0x0000000000030a1c        0x0 obj_cooja/mtype324.a(moteid.o)
 .bss           0x0000000000030a1c        0x1 obj_cooja/mtype324.a(pir-sensor.o)
                0x0000000000030a1c                simPirValue
 *fill*         0x0000000000030a1d        0x3 
 .bss           0x0000000000030a20        0x4 obj_cooja/mtype324.a(rs232.o)
 .bss           0x0000000000030a24        0x1 obj_cooja/mtype324.a(vib-sensor.o)
                0x0000000000030a24                simVibValue
 .bss           0x0000000000030a25        0x0 obj_cooja/mtype324.a(clock.o)
 *fill*         0x0000000000030a25       0x1b 
 .bss           0x0000000000030a40      0x420 obj_cooja/mtype324.a(log.o)
 .bss           0x0000000000030e60      0xfc0 obj_cooja/mtype324.a(cfs-cooja.o)
                0x0000000000030e60                simCFSData
                0x0000000000031e00                simCFSSize
                0x0000000000031e04                simCFSChanged
                0x0000000000031e08                simCFSRead
                0x0000000000031e0c                simCFSWritten
 .bss           0x0000000000031e20       0x10 obj_cooja/mtype324.a(cooja-radio.o)
                0x0000000000031e20                simReceiving
                0x0000000000031e24                simInSize
                0x0000000000031e28                simOutSize
 .bss           0x0000000000031e30        0xc obj_cooja/mtype324.a(eeprom.o)
                0x0000000000031e30                simEEPROMChanged
                0x0000000000031e34                simEEPROMRead
                0x0000000000031e38                simEEPROMWritten
 .bss           0x0000000000031e3c        0x0 obj_cooja/mtype324.a(random.o)
 .bss           0x0000000000031e3c        0xc obj_cooja/mtype324.a(sensors.o)
 .bss           0x0000000000031e48        0x0 obj_cooja/mtype324.a(autostart.o)
 .bss           0x0000000000031e48        0x5 obj_cooja/mtype324.a(ctimer.o)
 *fill*         0x0000000000031e4d        0x3 
 .bss           0x0000000000031e50        0x8 obj_cooja/mtype324.a(etimer.o)
 *fill*         0x0000000000031e58        0x8 
 .bss           0x0000000000031e60      0x1a1 obj_cooja/mtype324.a(process.o)
                0x0000000000031e60                process_list
                0x0000000000031e64                process_current
 *fill*         0x0000000000032001        0x3 
 .bss           0x0000000000032004        0x4 obj_cooja/mtype324.a(rtimer.o)
 .bss           0x0000000000032008        0x0 obj_cooja/mtype324.a(timer.o)
 *fill*         0x0000000000032008       0x18 
 .bss           0x0000000000032020      0x140 obj_cooja/mtype324.a(serial-line.o)
 .bss           0x0000000000032160        0x0 obj_cooja/mtype324.a(ringbuf.o)
 .bss           0x0000000000032160        0x0 obj_cooja/mtype324.a(list.o)
 .bss           0x0000000000032160        0x0 obj_cooja/mtype324.a(memb.o)
 .bss           0x0000000000032160       0x20 obj_cooja/mtype324.a(uip-ds6.o)
 .bss           0x0000000000032180      0x7e4 obj_cooja/mtype324.a(uip-ds6-route.o)
 .bss           0x0000000000032964        0x6 obj_cooja/mtype324.a(uip6.o)
                0x0000000000032964                uip_ext_bitmap
                0x0000000000032965                uip_ext_len
                0x0000000000032966                uip_ext_opt_offset
 *fill*         0x000000000003296a       0x16 
 .bss           0x0000000000032980       0xf0 obj_cooja/mtype324.a(uip-ds6-nbr.o)
 .bss           0x0000000000032a70        0x0 obj_cooja/mtype324.a(uip-nd6.o)
 *fill*         0x0000000000032a70       0x10 
 .bss           0x0000000000032a80      0x70c obj_cooja/mtype324.a(sicslowpan.o)
 *fill*         0x000000000003318c       0x14 
 .bss           0x00000000000331a0      0x2a8 obj_cooja/mtype324.a(uip-packetqueue)
 .bss           0x0000000000033448        0x0 obj_cooja/mtype324.a(uip-debug.o)
 .bss           0x0000000000033448       0x16 obj_cooja/mtype324.a(tcpip.o)
 *fill*         0x000000000003345e        0x2 
 .bss           0x0000000000033460       0x50 obj_cooja/mtype324.a(rpl-dag.o)
 *fill*         0x00000000000334b0       0x10 
 .bss           0x00000000000334c0       0x23 obj_cooja/mtype324.a(rpl-timers.o)
 .bss           0x00000000000334e3        0x0 obj_cooja/mtype324.a(rpl-ext-header.)
 *fill*         0x00000000000334e3        0x1 
 .bss           0x00000000000334e4        0x4 obj_cooja/mtype324.a(rpl.o)
 .bss           0x00000000000334e8        0x0 obj_cooja/mtype324.a(rpl-mrhof.o)
 .bss           0x00000000000334e8        0x0 obj_cooja/mtype324.a(rpl-icmp6.o)
 *fill*         0x00000000000334e8       0x18 
 .bss           0x0000000000033500      0xb80 obj_cooja/mtype324.a(queuebuf.o)
 .bss           0x0000000000034080       0xdc obj_cooja/mtype324.a(nbr-table.o)
 *fill*         0x000000000003415c        0x4 
 .bss           0x0000000000034160       0xa0 obj_cooja/mtype324.a(packetbuf.o)
 .bss           0x0000000000034200        0x0 obj_cooja/mtype324.a(netstack.o)
 .bss           0x0000000000034200        0x0 obj_cooja/mtype324.a(linkaddr.o)
 .bss           0x0000000000034200       0x78 obj_cooja/mtype324.a(link-stats.o)
 *fill*         0x0000000000034278        0x8 
 .bss           0x0000000000034280      0x248 obj_cooja/mtype324.a(csma.o)
 .bss           0x00000000000344c8        0x0 obj_cooja/mtype324.a(mac.o)
 .bss           0x00000000000344c8        0x2 obj_cooja/mtype324.a(framer-802154.o)
 .bss           0x00000000000344ca        0x0 obj_cooja/mtype324.a(nullrdc.o)
 .bss           0x00000000000344ca        0x0 obj_cooja/mtype324.a(nullsec.o)
 *fill*         0x00000000000344ca        0x2 
 .bss           0x00000000000344cc        0xa obj_cooja/mtype324.a(er-coap.o)
                0x00000000000344cc                erbium_status_code
 .bss           0x00000000000344d6        0x0 obj_cooja/mtype324.a(watchdog.o)
 .bss           0x00000000000344d6        0x0 obj_cooja/mtype324.a(rimestats.o)
 .bss           0x00000000000344d6        0x0 obj_cooja/mtype324.a(stimer.o)
 *fill*         0x00000000000344d6        0x2 
 .bss           0x00000000000344d8       0x18 obj_cooja/mtype324.a(uip-icmp6.o)
 .bss           0x00000000000344f0        0x0 obj_cooja/mtype324.a(uip-udp-packet.)
 *fill*         0x00000000000344f0       0x10 
 .bss           0x0000000000034500       0x44 obj_cooja/mtype324.a(rpl-nbr-policy.)
 *fill*         0x0000000000034544       0x1c 
 .bss           0x0000000000034560      0x100 obj_cooja/mtype324.a(mac-sequence.o)
 .bss           0x0000000000034660        0x0 obj_cooja/mtype324.a(frame802154.o)
 .bss           0x0000000000034660        0x0 /usr/lib/gcc/i686-linux-gnu/5/crtendS.o
 .bss           0x0000000000034660        0x0 /usr/lib/gcc/i686-linux-gnu/5/../../../i386-linux-gnu/crtn.o
 *(COMMON)
 COMMON         0x0000000000034660        0x8 obj_cooja/mtype324.o
                0x0000000000034660                referenceVar
                0x0000000000034664                sensors_flags
 COMMON         0x0000000000034668        0xc obj_cooja/mtype324.a(simEnvChange.o)
                0x0000000000034668                simEtimerPending
                0x000000000003466c                simProcessRunValue
                0x0000000000034670                simNextExpirationTime
 COMMON         0x0000000000034674        0x1 obj_cooja/mtype324.a(beep.o)
                0x0000000000034674                simBeeped
 COMMON         0x0000000000034675        0x3 obj_cooja/mtype324.a(button-sensor.o)
                0x0000000000034675                simButtonIsActive
                0x0000000000034676                simButtonIsDown
                0x0000000000034677                simButtonChanged
 COMMON         0x0000000000034678        0x1 obj_cooja/mtype324.a(leds-arch.o)
                0x0000000000034678                simLedsValue
 *fill*         0x0000000000034679        0x3 
 COMMON         0x000000000003467c        0xc obj_cooja/mtype324.a(moteid.o)
                0x000000000003467c                simRandomSeed
                0x0000000000034680                simMoteIDChanged
                0x0000000000034684                simMoteID
 COMMON         0x0000000000034688        0x2 obj_cooja/mtype324.a(pir-sensor.o)
                0x0000000000034688                simPirIsActive
                0x0000000000034689                simPirChanged
 *fill*         0x000000000003468a       0x16 
 COMMON         0x00000000000346a0      0x820 obj_cooja/mtype324.a(rs232.o)
                0x00000000000346a0                simSerialReceivingFlag
                0x00000000000346a4                simSerialReceivingLength
                0x00000000000346c0                simSerialReceivingData
 COMMON         0x0000000000034ec0        0x2 obj_cooja/mtype324.a(vib-sensor.o)
                0x0000000000034ec0                simVibChanged
                0x0000000000034ec1                simVibIsActive
 *fill*         0x0000000000034ec2        0x2 
 COMMON         0x0000000000034ec4        0x4 obj_cooja/mtype324.a(clock.o)
                0x0000000000034ec4                simCurrentTime
 *fill*         0x0000000000034ec8       0x18 
 COMMON         0x0000000000034ee0      0x420 obj_cooja/mtype324.a(log.o)
                0x0000000000034ee0                simLoggedLength
                0x0000000000034ee4                simLoggedFlag
                0x0000000000034f00                simLoggedData
 COMMON         0x0000000000035300      0x100 obj_cooja/mtype324.a(cooja-radio.o)
                0x0000000000035300                simOutDataBuffer
                0x0000000000035380                simInDataBuffer
 COMMON         0x0000000000035400      0x400 obj_cooja/mtype324.a(eeprom.o)
                0x0000000000035400                simEEPROMData
 COMMON         0x0000000000035800        0x1 obj_cooja/mtype324.a(sensors.o)
                0x0000000000035800                sensors_event
 COMMON         0x0000000000035801        0x1 obj_cooja/mtype324.a(serial-line.o)
                0x0000000000035801                serial_line_event_message
 *fill*         0x0000000000035802       0x1e 
 COMMON         0x0000000000035820      0x181 obj_cooja/mtype324.a(uip-ds6.o)
                0x0000000000035820                uip_ds6_prefix_list
                0x0000000000035880                uip_ds6_timer_periodic
                0x0000000000035890                uip_ds6_netif_addr_list_offset
                0x00000000000358a0                uip_ds6_if
                0x0000000000035998                uip_ds6_timer_ra
                0x00000000000359a0                uip_ds6_addr_size
 *fill*         0x00000000000359a1       0x1f 
 COMMON         0x00000000000359c0      0x2cc obj_cooja/mtype324.a(uip6.o)
                0x00000000000359c0                uip_slen
                0x00000000000359c4                uip_lladdr
                0x00000000000359cc                uip_appdata
                0x00000000000359d0                uip_flags
                0x00000000000359e0                uip_aligned_buf
                0x0000000000035af8                uip_len
                0x0000000000035afc                uip_sappdata
                0x0000000000035b00                uip_udp_conns
                0x0000000000035c80                uip_udp_conn
                0x0000000000035c84                uip_next_hdr
                0x0000000000035c88                uip_conn
 COMMON         0x0000000000035c8c        0x1 obj_cooja/mtype324.a(tcpip.o)
                0x0000000000035c8c                tcpip_event
 *fill*         0x0000000000035c8d       0x13 
 COMMON         0x0000000000035ca0      0x17c obj_cooja/mtype324.a(rpl-dag.o)
                0x0000000000035ca0                default_instance
                0x0000000000035cc0                instance_table
 COMMON         0x0000000000035e1c       0x14 obj_cooja/mtype324.a(rpl.o)
                0x0000000000035e1c                rpl_stats
 COMMON         0x0000000000035e30       0x30 obj_cooja/mtype324.a(packetbuf.o)
                0x0000000000035e30                packetbuf_attrs
                0x0000000000035e50                packetbuf_addrs
 COMMON         0x0000000000035e60        0x8 obj_cooja/mtype324.a(linkaddr.o)
                0x0000000000035e60                linkaddr_node_addr
 *fill*         0x0000000000035e68       0x18 
 COMMON         0x0000000000035e80       0x20 obj_cooja/mtype324.a(link-stats.o)
                0x0000000000035e80                periodic_timer
 COMMON         0x0000000000035ea0       0x48 obj_cooja/mtype324.a(rimestats.o)
                0x0000000000035ea0                rimestats
                0x0000000000035ee8                . = ALIGN ((. != 0x0)?0x4:0x1)
                0x0000000000035ee8                . = ALIGN (0x4)
                0x0000000000035ee8                . = SEGMENT_START ("ldata-segment", .)
                0x0000000000035ee8                . = ALIGN (0x4)
                0x0000000000035ee8                _end = .
                [!provide]                        PROVIDE (end, .)
                0x0000000000035ee8                . = DATA_SEGMENT_END (.)

.stab
 *(.stab)

.stabstr
 *(.stabstr)

.stab.excl
 *(.stab.excl)

.stab.exclstr
 *(.stab.exclstr)

.stab.index
 *(.stab.index)

.stab.indexstr
 *(.stab.indexstr)

.comment        0x0000000000000000       0x35
 *(.comment)
 .comment       0x0000000000000000       0x35 /usr/lib/gcc/i686-linux-gnu/5/crtbeginS.o
                                         0x36 (size before relaxing)
 .comment       0x0000000000000035       0x36 coap-server.co
 .comment       0x0000000000000035       0x36 obj_cooja/mtype324.o
 .comment       0x0000000000000035       0x36 obj_cooja/mtype324.a(er-coap-engine.)
 .comment       0x0000000000000035       0x36 obj_cooja/mtype324.a(er-coap-transac)
 .comment       0x0000000000000035       0x36 obj_cooja/mtype324.a(er-coap-observe)
 .comment       0x0000000000000035       0x36 obj_cooja/mtype324.a(er-coap-res-wel)
 .comment       0x0000000000000035       0x36 obj_cooja/mtype324.a(rest-engine.o)
 .comment       0x0000000000000035       0x36 obj_cooja/mtype324.a(simEnvChange.o)
 .comment       0x0000000000000035       0x36 obj_cooja/mtype324.a(cooja_mt.o)
 .comment       0x0000000000000035       0x36 obj_cooja/mtype324.a(cooja_mtarch.o)
 .comment       0x0000000000000035       0x36 obj_cooja/mtype324.a(rtimer-arch.o)
 .comment       0x0000000000000035       0x36 obj_cooja/mtype324.a(beep.o)
 .comment       0x0000000000000035       0x36 obj_cooja/mtype324.a(button-sensor.o)
 .comment       0x0000000000000035       0x36 obj_cooja/mtype324.a(leds-arch.o)
 .comment       0x0000000000000035       0x36 obj_cooja/mtype324.a(moteid.o)
 .comment       0x0000000000000035       0x36 obj_cooja/mtype324.a(pir-sensor.o)
 .comment       0x0000000000000035       0x36 obj_cooja/mtype324.a(rs232.o)
 .comment       0x0000000000000035       0x36 obj_cooja/mtype324.a(vib-sensor.o)
 .comment       0x0000000000000035       0x36 obj_cooja/mtype324.a(clock.o)
 .comment       0x0000000000000035       0x36 obj_cooja/mtype324.a(log.o)
 .comment       0x0000000000000035       0x36 obj_cooja/mtype324.a(cfs-cooja.o)
 .comment       0x0000000000000035       0x36 obj_cooja/mtype324.a(cooja-radio.o)
 .comment       0x0000000000000035       0x36 obj_cooja/mtype324.a(eeprom.o)
 .comment       0x0000000000000035       0x36 obj_cooja/mtype324.a(random.o)
 .comment       0x0000000000000035       0x36 obj_cooja/mtype324.a(sensors.o)
 .comment       0x0000000000000035       0x36 obj_cooja/mtype324.a(autostart.o)
 .comment       0x0000000000000035       0x36 obj_cooja/mtype324.a(ctimer.o)
 .comment       0x0000000000000035       0x36 obj_cooja/mtype324.a(etimer.o)
 .comment       0x0000000000000035       0x36 obj_cooja/mtype324.a(process.o)
 .comment       0x0000000000000035       0x36 obj_cooja/mtype324.a(rtimer.o)
 .comment       0x0000000000000035       0x36 obj_cooja/mtype324.a(timer.o)
 .comment       0x0000000000000035       0x36 obj_cooja/mtype324.a(serial-line.o)
 .comment       0x0000000000000035       0x36 obj_cooja/mtype324.a(ringbuf.o)
 .comment       0x0000000000000035       0x36 obj_cooja/mtype324.a(list.o)
 .comment       0x0000000000000035       0x36 obj_cooja/mtype324.a(memb.o)
 .comment       0x0000000000000035       0x36 obj_cooja/mtype324.a(uip-ds6.o)
 .comment       0x0000000000000035       0x36 obj_cooja/mtype324.a(uip-ds6-route.o)
 .comment       0x0000000000000035       0x36 obj_cooja/mtype324.a(uip6.o)
 .comment       0x0000000000000035       0x36 obj_cooja/mtype324.a(uip-ds6-nbr.o)
 .comment       0x0000000000000035       0x36 obj_cooja/mtype324.a(uip-nd6.o)
 .comment       0x0000000000000035       0x36 obj_cooja/mtype324.a(sicslowpan.o)
 .comment       0x0000000000000035       0x36 obj_cooja/mtype324.a(uip-packetqueue)
 .comment       0x0000000000000035       0x36 obj_cooja/mtype324.a(uip-debug.o)
 .comment       0x0000000000000035       0x36 obj_cooja/mtype324.a(tcpip.o)
 .comment       0x0000000000000035       0x36 obj_cooja/mtype324.a(rpl-dag.o)
 .comment       0x0000000000000035       0x36 obj_cooja/mtype324.a(rpl-timers.o)
 .comment       0x0000000000000035       0x36 obj_cooja/mtype324.a(rpl-ext-header.)
 .comment       0x0000000000000035       0x36 obj_cooja/mtype324.a(rpl.o)
 .comment       0x0000000000000035       0x36 obj_cooja/mtype324.a(rpl-mrhof.o)
 .comment       0x0000000000000035       0x36 obj_cooja/mtype324.a(rpl-icmp6.o)
 .comment       0x0000000000000035       0x36 obj_cooja/mtype324.a(queuebuf.o)
 .comment       0x0000000000000035       0x36 obj_cooja/mtype324.a(nbr-table.o)
 .comment       0x0000000000000035       0x36 obj_cooja/mtype324.a(packetbuf.o)
 .comment       0x0000000000000035       0x36 obj_cooja/mtype324.a(netstack.o)
 .comment       0x0000000000000035       0x36 obj_cooja/mtype324.a(linkaddr.o)
 .comment       0x0000000000000035       0x36 obj_cooja/mtype324.a(link-stats.o)
 .comment       0x0000000000000035       0x36 obj_cooja/mtype324.a(csma.o)
 .comment       0x0000000000000035       0x36 obj_cooja/mtype324.a(mac.o)
 .comment       0x0000000000000035       0x36 obj_cooja/mtype324.a(framer-802154.o)
 .comment       0x0000000000000035       0x36 obj_cooja/mtype324.a(nullrdc.o)
 .comment       0x0000000000000035       0x36 obj_cooja/mtype324.a(nullsec.o)
 .comment       0x0000000000000035       0x36 obj_cooja/mtype324.a(er-coap.o)
 .comment       0x0000000000000035       0x36 obj_cooja/mtype324.a(watchdog.o)
 .comment       0x0000000000000035       0x36 obj_cooja/mtype324.a(rimestats.o)
 .comment       0x0000000000000035       0x36 obj_cooja/mtype324.a(stimer.o)
 .comment       0x0000000000000035       0x36 obj_cooja/mtype324.a(uip-icmp6.o)
 .comment       0x0000000000000035       0x36 obj_cooja/mtype324.a(uip-udp-packet.)
 .comment       0x0000000000000035       0x36 obj_cooja/mtype324.a(rpl-nbr-policy.)
 .comment       0x0000000000000035       0x36 obj_cooja/mtype324.a(mac-sequence.o)
 .comment       0x0000000000000035       0x36 obj_cooja/mtype324.a(frame802154.o)
 .comment       0x0000000000000035       0x36 /usr/lib/gcc/i686-linux-gnu/5/crtendS.o

.debug
 *(.debug)

.line
 *(.line)

.debug_srcinfo
 *(.debug_srcinfo)

.debug_sfnames
 *(.debug_sfnames)

.debug_aranges  0x0000000000000000      0x8b8
 *(.debug_aranges)
 .debug_aranges
                0x0000000000000000       0x20 coap-server.co
 .debug_aranges
                0x0000000000000020       0x20 obj_cooja/mtype324.o
 .debug_aranges
                0x0000000000000040       0x20 obj_cooja/mtype324.a(er-coap-engine.)
 .debug_aranges
                0x0000000000000060       0x20 obj_cooja/mtype324.a(er-coap-transac)
 .debug_aranges
                0x0000000000000080       0x20 obj_cooja/mtype324.a(er-coap-observe)
 .debug_aranges
                0x00000000000000a0       0x20 obj_cooja/mtype324.a(er-coap-res-wel)
 .debug_aranges
                0x00000000000000c0       0x20 obj_cooja/mtype324.a(rest-engine.o)
 .debug_aranges
                0x00000000000000e0       0x20 obj_cooja/mtype324.a(simEnvChange.o)
 .debug_aranges
                0x0000000000000100       0x20 obj_cooja/mtype324.a(cooja_mt.o)
 .debug_aranges
                0x0000000000000120       0x20 obj_cooja/mtype324.a(cooja_mtarch.o)
 .debug_aranges
                0x0000000000000140       0x20 obj_cooja/mtype324.a(rtimer-arch.o)
 .debug_aranges
                0x0000000000000160       0x20 obj_cooja/mtype324.a(beep.o)
 .debug_aranges
                0x0000000000000180       0x20 obj_cooja/mtype324.a(button-sensor.o)
 .debug_aranges
                0x00000000000001a0       0x20 obj_cooja/mtype324.a(leds-arch.o)
 .debug_aranges
                0x00000000000001c0       0x20 obj_cooja/mtype324.a(moteid.o)
 .debug_aranges
                0x00000000000001e0       0x20 obj_cooja/mtype324.a(pir-sensor.o)
 .debug_aranges
                0x0000000000000200       0x20 obj_cooja/mtype324.a(rs232.o)
 .debug_aranges
                0x0000000000000220       0x20 obj_cooja/mtype324.a(vib-sensor.o)
 .debug_aranges
                0x0000000000000240       0x20 obj_cooja/mtype324.a(clock.o)
 .debug_aranges
                0x0000000000000260       0x20 obj_cooja/mtype324.a(log.o)
 .debug_aranges
                0x0000000000000280       0x20 obj_cooja/mtype324.a(cfs-cooja.o)
 .debug_aranges
                0x00000000000002a0       0x20 obj_cooja/mtype324.a(cooja-radio.o)
 .debug_aranges
                0x00000000000002c0       0x20 obj_cooja/mtype324.a(eeprom.o)
 .debug_aranges
                0x00000000000002e0       0x20 obj_cooja/mtype324.a(random.o)
 .debug_aranges
                0x0000000000000300       0x20 obj_cooja/mtype324.a(sensors.o)
 .debug_aranges
                0x0000000000000320       0x20 obj_cooja/mtype324.a(autostart.o)
 .debug_aranges
                0x0000000000000340       0x20 obj_cooja/mtype324.a(ctimer.o)
 .debug_aranges
                0x0000000000000360       0x20 obj_cooja/mtype324.a(etimer.o)
 .debug_aranges
                0x0000000000000380       0x20 obj_cooja/mtype324.a(process.o)
 .debug_aranges
                0x00000000000003a0       0x20 obj_cooja/mtype324.a(rtimer.o)
 .debug_aranges
                0x00000000000003c0       0x20 obj_cooja/mtype324.a(timer.o)
 .debug_aranges
                0x00000000000003e0       0x20 obj_cooja/mtype324.a(serial-line.o)
 .debug_aranges
                0x0000000000000400       0x20 obj_cooja/mtype324.a(ringbuf.o)
 .debug_aranges
                0x0000000000000420       0x20 obj_cooja/mtype324.a(list.o)
 .debug_aranges
                0x0000000000000440       0x20 obj_cooja/mtype324.a(memb.o)
 .debug_aranges
                0x0000000000000460       0x20 obj_cooja/mtype324.a(uip-ds6.o)
 .debug_aranges
                0x0000000000000480       0x20 obj_cooja/mtype324.a(uip-ds6-route.o)
 .debug_aranges
                0x00000000000004a0       0x20 obj_cooja/mtype324.a(uip6.o)
 .debug_aranges
                0x00000000000004c0       0x20 obj_cooja/mtype324.a(uip-ds6-nbr.o)
 .debug_aranges
                0x00000000000004e0       0x20 obj_cooja/mtype324.a(uip-nd6.o)
 .debug_aranges
                0x0000000000000500       0x20 obj_cooja/mtype324.a(sicslowpan.o)
 .debug_aranges
                0x0000000000000520       0x20 obj_cooja/mtype324.a(uip-packetqueue)
 .debug_aranges
                0x0000000000000540       0x20 obj_cooja/mtype324.a(uip-debug.o)
 .debug_aranges
                0x0000000000000560       0x20 obj_cooja/mtype324.a(tcpip.o)
 .debug_aranges